###############################################################################
#
# IAR ELF Linker V7.50.1.10123/W32 for ARM                14/Sep/2017  10:43:33
# Copyright 2007-2015 IAR Systems AB.
#
#    Output file  =  
#        D:\chemo_pump\Src\MasterMcu\build\IAR\Test\Exe\Chemo-PumpV1_0_master.out
#    Map file     =  
#        D:\chemo_pump\Src\MasterMcu\build\IAR\Test\List\Chemo-PumpV1_0_master.map
#    Command line =  
#        D:\chemo_pump\Src\MasterMcu\build\IAR\Test\Obj\adc.o
#        D:\chemo_pump\Src\MasterMcu\build\IAR\Test\Obj\alarm.o
#        D:\chemo_pump\Src\MasterMcu\build\IAR\Test\Obj\app_alarm_event_handle.o
#        D:\chemo_pump\Src\MasterMcu\build\IAR\Test\Obj\app_alternative_popup.o
#        D:\chemo_pump\Src\MasterMcu\build\IAR\Test\Obj\app_clear_air.o
#        D:\chemo_pump\Src\MasterMcu\build\IAR\Test\Obj\app_cmd.o
#        D:\chemo_pump\Src\MasterMcu\build\IAR\Test\Obj\app_common.o
#        D:\chemo_pump\Src\MasterMcu\build\IAR\Test\Obj\app_delivery.o
#        D:\chemo_pump\Src\MasterMcu\build\IAR\Test\Obj\app_history_log.o
#        D:\chemo_pump\Src\MasterMcu\build\IAR\Test\Obj\app_home.o
#        D:\chemo_pump\Src\MasterMcu\build\IAR\Test\Obj\app_infusion_event_handle.o
#        D:\chemo_pump\Src\MasterMcu\build\IAR\Test\Obj\app_key_event_handle.o
#        D:\chemo_pump\Src\MasterMcu\build\IAR\Test\Obj\app_main_menu.o
#        D:\chemo_pump\Src\MasterMcu\build\IAR\Test\Obj\app_mcu_comm.o
#        D:\chemo_pump\Src\MasterMcu\build\IAR\Test\Obj\app_monitor_infusion.o
#        D:\chemo_pump\Src\MasterMcu\build\IAR\Test\Obj\app_monitor_motor.o
#        D:\chemo_pump\Src\MasterMcu\build\IAR\Test\Obj\app_monitor_system.o
#        D:\chemo_pump\Src\MasterMcu\build\IAR\Test\Obj\app_msg_handle.o
#        D:\chemo_pump\Src\MasterMcu\build\IAR\Test\Obj\app_popup.o
#        D:\chemo_pump\Src\MasterMcu\build\IAR\Test\Obj\app_scr_alarm.o
#        D:\chemo_pump\Src\MasterMcu\build\IAR\Test\Obj\app_scr_auto_clear_air.o
#        D:\chemo_pump\Src\MasterMcu\build\IAR\Test\Obj\app_scr_event_handle.o
#        D:\chemo_pump\Src\MasterMcu\build\IAR\Test\Obj\app_scr_manual_clear_air.o
#        D:\chemo_pump\Src\MasterMcu\build\IAR\Test\Obj\app_scr_set_fisrt_infusion_dose.o
#        D:\chemo_pump\Src\MasterMcu\build\IAR\Test\Obj\app_scr_set_infusion_speed.o
#        D:\chemo_pump\Src\MasterMcu\build\IAR\Test\Obj\app_scr_set_limit_infusion_speed.o
#        D:\chemo_pump\Src\MasterMcu\build\IAR\Test\Obj\app_scr_set_peek_mode_duration.o
#        D:\chemo_pump\Src\MasterMcu\build\IAR\Test\Obj\app_scr_set_peek_mode_speed.o
#        D:\chemo_pump\Src\MasterMcu\build\IAR\Test\Obj\app_scr_set_total_dose.o
#        D:\chemo_pump\Src\MasterMcu\build\IAR\Test\Obj\app_scr_task_confirm.o
#        D:\chemo_pump\Src\MasterMcu\build\IAR\Test\Obj\app_select_popup.o
#        D:\chemo_pump\Src\MasterMcu\build\IAR\Test\Obj\app_set_sys_time.o
#        D:\chemo_pump\Src\MasterMcu\build\IAR\Test\Obj\app_startup_and_post.o
#        D:\chemo_pump\Src\MasterMcu\build\IAR\Test\Obj\battery_empty.o
#        D:\chemo_pump\Src\MasterMcu\build\IAR\Test\Obj\battery_full.o
#        D:\chemo_pump\Src\MasterMcu\build\IAR\Test\Obj\battery_one.o
#        D:\chemo_pump\Src\MasterMcu\build\IAR\Test\Obj\battery_three.o
#        D:\chemo_pump\Src\MasterMcu\build\IAR\Test\Obj\battery_two.o
#        D:\chemo_pump\Src\MasterMcu\build\IAR\Test\Obj\com.o
#        D:\chemo_pump\Src\MasterMcu\build\IAR\Test\Obj\common.o
#        D:\chemo_pump\Src\MasterMcu\build\IAR\Test\Obj\config.o
#        D:\chemo_pump\Src\MasterMcu\build\IAR\Test\Obj\data.o
#        D:\chemo_pump\Src\MasterMcu\build\IAR\Test\Obj\dengxian_regular_14.o
#        D:\chemo_pump\Src\MasterMcu\build\IAR\Test\Obj\dev_def.o
#        D:\chemo_pump\Src\MasterMcu\build\IAR\Test\Obj\display.o
#        D:\chemo_pump\Src\MasterMcu\build\IAR\Test\Obj\drv_com.o
#        D:\chemo_pump\Src\MasterMcu\build\IAR\Test\Obj\drv_infusion_motor.o
#        D:\chemo_pump\Src\MasterMcu\build\IAR\Test\Obj\drv_interrupt.o
#        D:\chemo_pump\Src\MasterMcu\build\IAR\Test\Obj\drv_isd2360.o
#        D:\chemo_pump\Src\MasterMcu\build\IAR\Test\Obj\drv_key.o
#        D:\chemo_pump\Src\MasterMcu\build\IAR\Test\Obj\drv_lowpower.o
#        D:\chemo_pump\Src\MasterMcu\build\IAR\Test\Obj\drv_oled.o
#        D:\chemo_pump\Src\MasterMcu\build\IAR\Test\Obj\drv_rtc.o
#        D:\chemo_pump\Src\MasterMcu\build\IAR\Test\Obj\drv_sst25_flash.o
#        D:\chemo_pump\Src\MasterMcu\build\IAR\Test\Obj\drv_stf_motor.o
#        D:\chemo_pump\Src\MasterMcu\build\IAR\Test\Obj\error.o
#        D:\chemo_pump\Src\MasterMcu\build\IAR\Test\Obj\event.o
#        D:\chemo_pump\Src\MasterMcu\build\IAR\Test\Obj\exhaust.o
#        D:\chemo_pump\Src\MasterMcu\build\IAR\Test\Obj\exhaust_pause.o
#        D:\chemo_pump\Src\MasterMcu\build\IAR\Test\Obj\exhaust_run.o
#        D:\chemo_pump\Src\MasterMcu\build\IAR\Test\Obj\font_data.o
#        D:\chemo_pump\Src\MasterMcu\build\IAR\Test\Obj\gpio.o
#        D:\chemo_pump\Src\MasterMcu\build\IAR\Test\Obj\greatest.o
#        D:\chemo_pump\Src\MasterMcu\build\IAR\Test\Obj\heiti_regular_60.o
#        D:\chemo_pump\Src\MasterMcu\build\IAR\Test\Obj\heiti_regular_88.o
#        D:\chemo_pump\Src\MasterMcu\build\IAR\Test\Obj\history_log.o
#        D:\chemo_pump\Src\MasterMcu\build\IAR\Test\Obj\image_data.o
#        D:\chemo_pump\Src\MasterMcu\build\IAR\Test\Obj\infusion_motor.o
#        D:\chemo_pump\Src\MasterMcu\build\IAR\Test\Obj\infusion_pause.o
#        D:\chemo_pump\Src\MasterMcu\build\IAR\Test\Obj\infusion_run.o
#        D:\chemo_pump\Src\MasterMcu\build\IAR\Test\Obj\infusion_stop.o
#        D:\chemo_pump\Src\MasterMcu\build\IAR\Test\Obj\init.o
#        D:\chemo_pump\Src\MasterMcu\build\IAR\Test\Obj\key.o
#        D:\chemo_pump\Src\MasterMcu\build\IAR\Test\Obj\led.o
#        D:\chemo_pump\Src\MasterMcu\build\IAR\Test\Obj\lock.o
#        D:\chemo_pump\Src\MasterMcu\build\IAR\Test\Obj\logo.o
#        D:\chemo_pump\Src\MasterMcu\build\IAR\Test\Obj\main.o
#        D:\chemo_pump\Src\MasterMcu\build\IAR\Test\Obj\main_run.o
#        D:\chemo_pump\Src\MasterMcu\build\IAR\Test\Obj\mid_adc.o
#        D:\chemo_pump\Src\MasterMcu\build\IAR\Test\Obj\mid_common.o
#        D:\chemo_pump\Src\MasterMcu\build\IAR\Test\Obj\mid_rtc.o
#        D:\chemo_pump\Src\MasterMcu\build\IAR\Test\Obj\msg.o
#        D:\chemo_pump\Src\MasterMcu\build\IAR\Test\Obj\mute.o
#        D:\chemo_pump\Src\MasterMcu\build\IAR\Test\Obj\new_task.o
#        D:\chemo_pump\Src\MasterMcu\build\IAR\Test\Obj\pill_box_install_detect.o
#        D:\chemo_pump\Src\MasterMcu\build\IAR\Test\Obj\pressure_bubble_sensor.o
#        D:\chemo_pump\Src\MasterMcu\build\IAR\Test\Obj\read.o
#        D:\chemo_pump\Src\MasterMcu\build\IAR\Test\Obj\record_log.o
#        D:\chemo_pump\Src\MasterMcu\build\IAR\Test\Obj\run_all_test_suite.o
#        D:\chemo_pump\Src\MasterMcu\build\IAR\Test\Obj\run_test.o
#        D:\chemo_pump\Src\MasterMcu\build\IAR\Test\Obj\screen.o
#        D:\chemo_pump\Src\MasterMcu\build\IAR\Test\Obj\select_1.o
#        D:\chemo_pump\Src\MasterMcu\build\IAR\Test\Obj\select_2.o
#        D:\chemo_pump\Src\MasterMcu\build\IAR\Test\Obj\selected_pointer.o
#        D:\chemo_pump\Src\MasterMcu\build\IAR\Test\Obj\set_arrow.o
#        D:\chemo_pump\Src\MasterMcu\build\IAR\Test\Obj\simple_alloc.o
#        D:\chemo_pump\Src\MasterMcu\build\IAR\Test\Obj\simple_alloc_config.o
#        D:\chemo_pump\Src\MasterMcu\build\IAR\Test\Obj\spi.o
#        D:\chemo_pump\Src\MasterMcu\build\IAR\Test\Obj\ssz_algorithm.o
#        D:\chemo_pump\Src\MasterMcu\build\IAR\Test\Obj\ssz_block_file.o
#        D:\chemo_pump\Src\MasterMcu\build\IAR\Test\Obj\ssz_common.o
#        D:\chemo_pump\Src\MasterMcu\build\IAR\Test\Obj\ssz_config.o
#        D:\chemo_pump\Src\MasterMcu\build\IAR\Test\Obj\ssz_deque.o
#        D:\chemo_pump\Src\MasterMcu\build\IAR\Test\Obj\ssz_file.o
#        D:\chemo_pump\Src\MasterMcu\build\IAR\Test\Obj\ssz_gpio.o
#        D:\chemo_pump\Src\MasterMcu\build\IAR\Test\Obj\ssz_i2c.o
#        D:\chemo_pump\Src\MasterMcu\build\IAR\Test\Obj\ssz_list.o
#        D:\chemo_pump\Src\MasterMcu\build\IAR\Test\Obj\ssz_locale.o
#        D:\chemo_pump\Src\MasterMcu\build\IAR\Test\Obj\ssz_map.o
#        D:\chemo_pump\Src\MasterMcu\build\IAR\Test\Obj\ssz_nvram.o
#        D:\chemo_pump\Src\MasterMcu\build\IAR\Test\Obj\ssz_queue.o
#        D:\chemo_pump\Src\MasterMcu\build\IAR\Test\Obj\ssz_record.o
#        D:\chemo_pump\Src\MasterMcu\build\IAR\Test\Obj\ssz_safe_queue.o
#        D:\chemo_pump\Src\MasterMcu\build\IAR\Test\Obj\ssz_sim_i2c.o
#        D:\chemo_pump\Src\MasterMcu\build\IAR\Test\Obj\ssz_simulator_bsp.o
#        D:\chemo_pump\Src\MasterMcu\build\IAR\Test\Obj\ssz_spi.o
#        D:\chemo_pump\Src\MasterMcu\build\IAR\Test\Obj\ssz_stack.o
#        D:\chemo_pump\Src\MasterMcu\build\IAR\Test\Obj\ssz_stm32_hal_bsp.o
#        D:\chemo_pump\Src\MasterMcu\build\IAR\Test\Obj\ssz_str_utility.o
#        D:\chemo_pump\Src\MasterMcu\build\IAR\Test\Obj\ssz_tick_time.o
#        D:\chemo_pump\Src\MasterMcu\build\IAR\Test\Obj\ssz_time.o
#        D:\chemo_pump\Src\MasterMcu\build\IAR\Test\Obj\ssz_time_utility.o
#        D:\chemo_pump\Src\MasterMcu\build\IAR\Test\Obj\ssz_timer.o
#        D:\chemo_pump\Src\MasterMcu\build\IAR\Test\Obj\ssz_uart.o
#        D:\chemo_pump\Src\MasterMcu\build\IAR\Test\Obj\ssz_utility.o
#        D:\chemo_pump\Src\MasterMcu\build\IAR\Test\Obj\ssz_vector.o
#        D:\chemo_pump\Src\MasterMcu\build\IAR\Test\Obj\startup_stm32l152xc.o
#        D:\chemo_pump\Src\MasterMcu\build\IAR\Test\Obj\stm32l1xx_hal.o
#        D:\chemo_pump\Src\MasterMcu\build\IAR\Test\Obj\stm32l1xx_hal_adc.o
#        D:\chemo_pump\Src\MasterMcu\build\IAR\Test\Obj\stm32l1xx_hal_adc_ex.o
#        D:\chemo_pump\Src\MasterMcu\build\IAR\Test\Obj\stm32l1xx_hal_cortex.o
#        D:\chemo_pump\Src\MasterMcu\build\IAR\Test\Obj\stm32l1xx_hal_dma.o
#        D:\chemo_pump\Src\MasterMcu\build\IAR\Test\Obj\stm32l1xx_hal_flash.o
#        D:\chemo_pump\Src\MasterMcu\build\IAR\Test\Obj\stm32l1xx_hal_flash_ex.o
#        D:\chemo_pump\Src\MasterMcu\build\IAR\Test\Obj\stm32l1xx_hal_flash_ramfunc.o
#        D:\chemo_pump\Src\MasterMcu\build\IAR\Test\Obj\stm32l1xx_hal_gpio.o
#        D:\chemo_pump\Src\MasterMcu\build\IAR\Test\Obj\stm32l1xx_hal_msp.o
#        D:\chemo_pump\Src\MasterMcu\build\IAR\Test\Obj\stm32l1xx_hal_pwr.o
#        D:\chemo_pump\Src\MasterMcu\build\IAR\Test\Obj\stm32l1xx_hal_pwr_ex.o
#        D:\chemo_pump\Src\MasterMcu\build\IAR\Test\Obj\stm32l1xx_hal_rcc.o
#        D:\chemo_pump\Src\MasterMcu\build\IAR\Test\Obj\stm32l1xx_hal_rcc_ex.o
#        D:\chemo_pump\Src\MasterMcu\build\IAR\Test\Obj\stm32l1xx_hal_spi.o
#        D:\chemo_pump\Src\MasterMcu\build\IAR\Test\Obj\stm32l1xx_hal_spi_ex.o
#        D:\chemo_pump\Src\MasterMcu\build\IAR\Test\Obj\stm32l1xx_hal_tim.o
#        D:\chemo_pump\Src\MasterMcu\build\IAR\Test\Obj\stm32l1xx_hal_tim_ex.o
#        D:\chemo_pump\Src\MasterMcu\build\IAR\Test\Obj\stm32l1xx_hal_uart.o
#        D:\chemo_pump\Src\MasterMcu\build\IAR\Test\Obj\stm32l1xx_it.o
#        D:\chemo_pump\Src\MasterMcu\build\IAR\Test\Obj\stop_infusion.o
#        D:\chemo_pump\Src\MasterMcu\build\IAR\Test\Obj\string_data.o
#        D:\chemo_pump\Src\MasterMcu\build\IAR\Test\Obj\sys_power.o
#        D:\chemo_pump\Src\MasterMcu\build\IAR\Test\Obj\system_setting.o
#        D:\chemo_pump\Src\MasterMcu\build\IAR\Test\Obj\system_stm32l1xx.o
#        D:\chemo_pump\Src\MasterMcu\build\IAR\Test\Obj\test_drv_oled.o
#        D:\chemo_pump\Src\MasterMcu\build\IAR\Test\Obj\test_drv_rtc.o
#        D:\chemo_pump\Src\MasterMcu\build\IAR\Test\Obj\test_hardware_ljl.o
#        D:\chemo_pump\Src\MasterMcu\build\IAR\Test\Obj\test_record_log.o
#        D:\chemo_pump\Src\MasterMcu\build\IAR\Test\Obj\test_ssz_algorithm.o
#        D:\chemo_pump\Src\MasterMcu\build\IAR\Test\Obj\test_ssz_deque.o
#        D:\chemo_pump\Src\MasterMcu\build\IAR\Test\Obj\test_ssz_list.o
#        D:\chemo_pump\Src\MasterMcu\build\IAR\Test\Obj\test_ssz_map.o
#        D:\chemo_pump\Src\MasterMcu\build\IAR\Test\Obj\test_ssz_str_utility.o
#        D:\chemo_pump\Src\MasterMcu\build\IAR\Test\Obj\test_ssz_time.o
#        D:\chemo_pump\Src\MasterMcu\build\IAR\Test\Obj\test_ssz_time_utility.o
#        D:\chemo_pump\Src\MasterMcu\build\IAR\Test\Obj\test_ssz_vector.o
#        D:\chemo_pump\Src\MasterMcu\build\IAR\Test\Obj\test_ui.o
#        D:\chemo_pump\Src\MasterMcu\build\IAR\Test\Obj\test_ui_view.o
#        D:\chemo_pump\Src\MasterMcu\build\IAR\Test\Obj\three_valve_motor.o
#        D:\chemo_pump\Src\MasterMcu\build\IAR\Test\Obj\time_select.o
#        D:\chemo_pump\Src\MasterMcu\build\IAR\Test\Obj\time_unselect.o
#        D:\chemo_pump\Src\MasterMcu\build\IAR\Test\Obj\timer.o
#        D:\chemo_pump\Src\MasterMcu\build\IAR\Test\Obj\ui_common.o
#        D:\chemo_pump\Src\MasterMcu\build\IAR\Test\Obj\ui_config.o
#        D:\chemo_pump\Src\MasterMcu\build\IAR\Test\Obj\ui_disp_text.o
#        D:\chemo_pump\Src\MasterMcu\build\IAR\Test\Obj\ui_draw.o
#        D:\chemo_pump\Src\MasterMcu\build\IAR\Test\Obj\ui_draw_base.o
#        D:\chemo_pump\Src\MasterMcu\build\IAR\Test\Obj\ui_draw_img.o
#        D:\chemo_pump\Src\MasterMcu\build\IAR\Test\Obj\ui_dynamic_list.o
#        D:\chemo_pump\Src\MasterMcu\build\IAR\Test\Obj\ui_image.o
#        D:\chemo_pump\Src\MasterMcu\build\IAR\Test\Obj\ui_image_list.o
#        D:\chemo_pump\Src\MasterMcu\build\IAR\Test\Obj\ui_lable.o
#        D:\chemo_pump\Src\MasterMcu\build\IAR\Test\Obj\ui_list_base.o
#        D:\chemo_pump\Src\MasterMcu\build\IAR\Test\Obj\ui_normal_list_base.o
#        D:\chemo_pump\Src\MasterMcu\build\IAR\Test\Obj\ui_number_edit.o
#        D:\chemo_pump\Src\MasterMcu\build\IAR\Test\Obj\ui_page_control.o
#        D:\chemo_pump\Src\MasterMcu\build\IAR\Test\Obj\ui_progress_bar.o
#        D:\chemo_pump\Src\MasterMcu\build\IAR\Test\Obj\ui_statusbar.o
#        D:\chemo_pump\Src\MasterMcu\build\IAR\Test\Obj\ui_text_base.o
#        D:\chemo_pump\Src\MasterMcu\build\IAR\Test\Obj\ui_text_list.o
#        D:\chemo_pump\Src\MasterMcu\build\IAR\Test\Obj\ui_utility.o
#        D:\chemo_pump\Src\MasterMcu\build\IAR\Test\Obj\ui_view.o
#        D:\chemo_pump\Src\MasterMcu\build\IAR\Test\Obj\ui_view_config.o
#        D:\chemo_pump\Src\MasterMcu\build\IAR\Test\Obj\ui_window.o
#        D:\chemo_pump\Src\MasterMcu\build\IAR\Test\Obj\unselected_pointer.o
#        D:\chemo_pump\Src\MasterMcu\build\IAR\Test\Obj\usart.o
#        D:\chemo_pump\Src\MasterMcu\build\IAR\Test\Obj\version.o
#        D:\chemo_pump\Src\MasterMcu\build\IAR\Test\Obj\vibrater_motor.o
#        D:\chemo_pump\Src\MasterMcu\build\IAR\Test\Obj\voice.o
#        D:\chemo_pump\Src\MasterMcu\build\IAR\Test\Obj\warning.o
#        D:\chemo_pump\Src\MasterMcu\build\IAR\Test\Obj\write.o -o
#        D:\chemo_pump\Src\MasterMcu\build\IAR\Test\Exe\Chemo-PumpV1_0_master.out
#        --map
#        D:\chemo_pump\Src\MasterMcu\build\IAR\Test\List\Chemo-PumpV1_0_master.map
#        --config "C:\Program Files\IAR Systems\Embedded Workbench
#        7.3\arm\config\linker\ST\stm32l152xC.icf" --semihosting --entry
#        __iar_program_start --vfe
#
###############################################################################

*******************************************************************************
*** RUNTIME MODEL ATTRIBUTES
***

CppFlavor                     = *
__CPP_Language                = EC++
__Heap_Handler                = DLMalloc
__SystemLibrary               = DLib
__dlib_dynamic_initialization = normal
__dlib_jmp_buf_num_elements   = 8


*******************************************************************************
*** PLACEMENT SUMMARY
***

"A1":  place at 0x08000000 { ro section .intvec };
"P1":  place in [from 0x08000000 to 0x0803ffff] { ro };
"P2":  place in [from 0x20000000 to 0x20007fff] { rw, block CSTACK, block HEAP };

  Section              Kind        Address     Size  Object
  -------              ----        -------     ----  ------
"A1":                                         0x124
  .intvec              ro code  0x08000000    0x124  startup_stm32l152xc.o [1]
                              - 0x08000124    0x124

"P1":                                       0x360b0
  .text                ro code  0x08000124   0x3e70  test_ssz_deque.o [1]
  .text                ro code  0x08003f94     0x98  ssz_common.o [1]
  .text                ro code  0x0800402c    0xb94  ssz_deque.o [1]
  .text                ro code  0x08004bc0     0x34  sprintf.o [3]
  .text                ro code  0x08004bf4     0x24  printf.o [3]
  .text                ro code  0x08004c18     0x24  ABIassert.o [6]
  .text                ro code  0x08004c3c     0x62  memcmp_unaligned.o [5]
  .text                ro code  0x08004c9e     0x1a  xsnprout.o [3]
  .text                ro code  0x08004cb8     0x76  ABImemcpy_unaligned.o [5]
  .text                ro code  0x08004d2e      0xa  xsprout.o [3]
  .text                ro code  0x08004d38      0x6  ABImemclr4.o [5]
  .text                ro code  0x08004d3e      0x2  ui_page_control.o [1]
  .text                ro code  0x08004d40    0x79c  greatest.o [1]
  .text                ro code  0x080054dc     0x10  setjmp.o [4]
  .text                ro code  0x080054ec     0x66  ABImemset.o [5]
  .rodata              const    0x08005552      0x1  app_cmd.o [1]
  .rodata              const    0x08005553      0x1  app_cmd.o [1]
  .text                ro code  0x08005554     0x74  ssz_config.o [1]
  .text                ro code  0x080055c8    0xc02  xprintflarge_nomb.o [3]
  .text                ro code  0x080061ca      0x6  abort.o [3]
  .text                ro code  0x080061d0     0x32  ABImemset48.o [5]
  .rodata              const    0x08006202      0x1  drv_isd2360.o [1]
  .rodata              const    0x08006203      0x1  main_run.o [1]
  .text                ro code  0x08006204     0x36  strlen.o [5]
  .text                ro code  0x0800623a     0x28  strncmp.o [3]
  .text                ro code  0x08006262      0xa  clock.o [6]
  .text                ro code  0x0800626c      0x4  exit.o [3]
  .text                ro code  0x08006270     0x30  I32ToDbl.o [4]
  .text                ro code  0x080062a0    0x256  DblDiv.o [4]
  .rodata              const    0x080064f6      0x1  string_data.o [1]
  .rodata              const    0x080064f7      0x1  unselected_pointer.o [1]
  .text                ro code  0x080064f8     0xdc  mid_rtc.o [1]
  .text                ro code  0x080065d4    0x368  ssz_time_utility.o [1]
  .text                ro code  0x0800693c    0x138  com.o [1]
  .text                ro code  0x08006a74    0x1ea  ssz_file.o [1]
  .text                ro code  0x08006c60     0x16  strchr.o [5]
  .text                ro code  0x08006c78     0x58  memchr.o [5]
  .text                ro code  0x08006cd0     0xee  I64DivMod.o [5]
  .text                ro code  0x08006dbe     0x42  xdnorm.o [4]
  .text                ro code  0x08006e00     0x2e  DblCmpLe.o [4]
  .text                ro code  0x08006e30    0x1a2  DblMul.o [4]
  .text                ro code  0x08006fd4     0x58  DblToI32.o [4]
  .text                ro code  0x0800702c    0x180  DblSub.o [4]
  .text                ro code  0x080071ac      0xe  div.o [3]
  .text                ro code  0x080071bc     0x14  exit.o [6]
  .text                ro code  0x080071d0      0xa  cexit.o [5]
  .text                ro code  0x080071dc    0x1cc  timer.o [1]
  .text                ro code  0x080073a8    0x580  drv_rtc.o [1]
  .text                ro code  0x08007928     0xec  msg.o [1]
  .text                ro code  0x08007a14    0x1ac  ssz_str_utility.o [1]
  .text                ro code  0x08007bc0     0x9a  ssz_tick_time.o [1]
  .text                ro code  0x08007c5c      0x2  I64DivZer.o [5]
  .text                ro code  0x08007c60     0xe8  DblAdd.o [4]
  .text                ro code  0x08007d48    0x3e8  ssz_sim_i2c.o [1]
  .text                ro code  0x08008130     0x80  ssz_utility.o [1]
  .text                ro code  0x080081b0     0x28  ssz_queue.o [1]
  .text                ro code  0x080081d8     0xf4  event.o [1]
  .text                ro code  0x080082cc      0x8  atoi.o [3]
  .text                ro code  0x080082d4    0x104  ssz_stm32_hal_bsp.o [1]
  .text                ro code  0x080083d8    0x3dc  stm32l1xx_hal_gpio.o [1]
  .text                ro code  0x080087b4    0x19c  xstoul.o [3]
  .text                ro code  0x08008950    0x874  stm32l1xx_hal_spi.o [1]
  .text                ro code  0x080091c4    0x670  stm32l1xx_hal_uart.o [1]
  .text                ro code  0x08009834     0xd8  main.o [1]
  .text                ro code  0x0800990c    0x14c  drv_interrupt.o [1]
  .text                ro code  0x08009a58      0xc  errno.o [3]
  .text                ro code  0x08009a64     0x54  stm32l1xx_hal.o [1]
  .text                ro code  0x08009ab8    0x1f8  usart.o [1]
  .text                ro code  0x08009cb0    0xfe0  stm32l1xx_hal_rcc.o [1]
  .text                ro code  0x0800ac90     0xe2  init.o [1]
  .text                ro code  0x0800ad74    0x24c  gpio.o [1]
  .text                ro code  0x0800afc0    0x110  adc.o [1]
  .text                ro code  0x0800b0d0    0x21c  spi.o [1]
  .text                ro code  0x0800b2ec    0x120  main_run.o [1]
  .text                ro code  0x0800b40c    0x1cc  stm32l1xx_hal_cortex.o [1]
  .text                ro code  0x0800b5d8      0x2  xtls.o [3]
  .text                ro code  0x0800b5dc     0xb0  stm32l1xx_hal_msp.o [1]
  .text                ro code  0x0800b68c     0x4c  simple_alloc_config.o [1]
  .text                ro code  0x0800b6d8     0x1c  ssz_locale.o [1]
  .text                ro code  0x0800b6f4     0xa0  font_data.o [1]
  .text                ro code  0x0800b794    0x120  string_data.o [1]
  .text                ro code  0x0800b8b4     0x6c  ui_config.o [1]
  .text                ro code  0x0800b920    0x22c  ui_view_config.o [1]
  .text                ro code  0x0800bb4c    0xe04  ui_view.o [1]
  .text                ro code  0x0800c950      0x2  dev_def.o [1]
  .text                ro code  0x0800c954    0x2b0  drv_com.o [1]
  .text                ro code  0x0800cc04    0x330  drv_oled.o [1]
  .text                ro code  0x0800cf34    0x5c0  drv_sst25_flash.o [1]
  .text                ro code  0x0800d4f4    0x188  drv_isd2360.o [1]
  .text                ro code  0x0800d67c    0x14a  mid_adc.o [1]
  .text                ro code  0x0800d7c8     0x24  pill_box_install_detect.o [1]
  .text                ro code  0x0800d7ec    0x20c  infusion_motor.o [1]
  .text                ro code  0x0800d9f8    0x280  three_valve_motor.o [1]
  .text                ro code  0x0800dc78     0x4c  vibrater_motor.o [1]
  .text                ro code  0x0800dcc4    0x9a8  data.o [1]
  .text                ro code  0x0800e66c    0x308  record_log.o [1]
  .text                ro code  0x0800e974    0x6dc  key.o [1]
  .text                ro code  0x0800f050    0x254  display.o [1]
  .text                ro code  0x0800f2a4    0x66c  screen.o [1]
  .text                ro code  0x0800f910    0xa28  app_cmd.o [1]
  .text                ro code  0x08010338    0x6e0  alarm.o [1]
  .text                ro code  0x08010a18     0x20  app_monitor_motor.o [1]
  .text                ro code  0x08010a38    0x48c  app_delivery.o [1]
  .text                ro code  0x08010ec4    0x1b8  app_mcu_comm.o [1]
  .text                ro code  0x0801107c    0x218  app_scr_event_handle.o [1]
  .text                ro code  0x08011294     0x4c  app_key_event_handle.o [1]
  .text                ro code  0x080112e0     0xd8  app_alarm_event_handle.o [1]
  .text                ro code  0x080113b8     0x68  app_infusion_event_handle.o [1]
  .text                ro code  0x08011420     0x58  app_msg_handle.o [1]
  .text                ro code  0x08011478    0x9a4  stm32l1xx_hal_adc.o [1]
  .text                ro code  0x08011e1c    0x1d8  stm32l1xx_hal_spi_ex.o [1]
  .text                ro code  0x08011ff4     0x3c  run_test.o [1]
  .text                ro code  0x08012030    0x110  app_startup_and_post.o [1]
  .text                ro code  0x08012140    0x13c  app_monitor_system.o [1]
  .text                ro code  0x0801227c    0x2b6  ui_common.o [1]
  .text                ro code  0x08012534    0x290  app_home.o [1]
  .text                ro code  0x080127c4    0x270  app_main_menu.o [1]
  .text                ro code  0x08012a34     0xd8  simple_alloc.o [1]
  .text                ro code  0x08012b0c     0x28  strncat.o [3]
  .text                ro code  0x08012b34    0x720  ui_draw.o [1]
  .text                ro code  0x08013254      0x4  ui_view_config.o [1]
  .text                ro code  0x08013258     0x6c  ui_window.o [1]
  .text                ro code  0x080132c4     0x92  ui_lable.o [1]
  .text                ro code  0x08013358    0x164  ui_image.o [1]
  .text                ro code  0x080134bc    0x2d8  ui_number_edit.o [1]
  .text                ro code  0x08013794    0x118  ui_text_list.o [1]
  .text                ro code  0x080138ac    0x154  ui_image_list.o [1]
  .text                ro code  0x08013a00    0x1b0  ui_page_control.o [1]
  .text                ro code  0x08013bb0    0x324  ui_statusbar.o [1]
  .text                ro code  0x08013ed4     0xb4  ui_progress_bar.o [1]
  .text                ro code  0x08013f88    0xc70  ssz_list.o [1]
  .text                ro code  0x08014bf8    0x1fe  ui_utility.o [1]
  .text                ro code  0x08014df6      0xe  ui_view.o [1]
  .text                ro code  0x08014e04      0xe  ui_view.o [1]
  .text                ro code  0x08014e12      0x4  ui_view.o [1]
  .text                ro code  0x08014e18     0xd8  ssz_timer.o [1]
  .text                ro code  0x08014ef0     0x12  ui_view.o [1]
  .text                ro code  0x08014f02      0x4  ui_view.o [1]
  .text                ro code  0x08014f06      0x4  ui_view.o [1]
  .text                ro code  0x08014f0a      0x4  ui_view.o [1]
  .text                ro code  0x08014f10    0x108  ssz_safe_queue.o [1]
  .text                ro code  0x08015018     0xb0  ssz_spi.o [1]
  .text                ro code  0x080150c8    0x134  drv_stf_motor.o [1]
  .text                ro code  0x080151fc     0x84  drv_infusion_motor.o [1]
  .text                ro code  0x08015280    0x4d2  ssz_block_file.o [1]
  .text                ro code  0x08015754    0x588  ssz_nvram.o [1]
  .text                ro code  0x08015cdc    0x8a2  ssz_record.o [1]
  .text                ro code  0x08016580     0x44  strcpy_unaligned.o [5]
  .text                ro code  0x080165c4     0x44  snprintf.o [3]
  .text                ro code  0x08016608     0x20  drv_key.o [1]
  .text                ro code  0x08016628   0x14f0  dlmalloc.o [3]
  .text                ro code  0x08017b18     0x28  putchar.o [3]
  .text                ro code  0x08017b40     0x42  strcmp_unaligned.o [5]
  .text                ro code  0x08017b84      0x8  version.o [1]
  .text                ro code  0x08017b8c     0xf8  ssz_time.o [1]
  .text                ro code  0x08017c84     0x35  puts.o [3]
  .text                ro code  0x08017cbc    0x102  voice.o [1]
  .text                ro code  0x08017dc0     0x10  mid_common.o [1]
  .text                ro code  0x08017dd0     0xc0  app_common.o [1]
  .text                ro code  0x08017e90    0x2cc  app_scr_alarm.o [1]
  .text                ro code  0x0801815c     0x96  app_monitor_infusion.o [1]
  .text                ro code  0x080181f4     0xd4  run_all_test_suite.o [1]
  .text                ro code  0x080182c8     0xcc  led.o [1]
  .text                ro code  0x08018394     0x1c  image_data.o [1]
  .text                ro code  0x080183b0     0xec  ui_draw_img.o [1]
  .text                ro code  0x0801849c     0xba  sys_power.o [1]
  .text                ro code  0x08018556     0x28  ui_draw_base.o [1]
  .text                ro code  0x08018580     0xde  ui_text_base.o [1]
  .text                ro code  0x08018660     0xb4  app_scr_auto_clear_air.o [1]
  .text                ro code  0x08018714     0x98  app_scr_manual_clear_air.o [1]
  .text                ro code  0x080187ac    0x2dc  app_alternative_popup.o [1]
  .text                ro code  0x08018a88    0x534  ui_list_base.o [1]
  .text                ro code  0x08018fbc    0x1d0  app_scr_set_total_dose.o [1]
  .text                ro code  0x0801918c    0x3f6  app_popup.o [1]
  .text                ro code  0x08019584     0x98  app_history_log.o [1]
  .text                ro code  0x0801961c    0x434  ui_disp_text.o [1]
  .text                ro code  0x08019a50      0x8  ui_text_list.o [1]
  .text                ro code  0x08019a58    0x948  ssz_vector.o [1]
  .text                ro code  0x0801a3a0     0x38  ssz_algorithm.o [1]
  .text                ro code  0x0801a3d8     0x28  ssz_gpio.o [1]
  .text                ro code  0x0801a400     0x2c  xgetmemchunk.o [3]
  .text                ro code  0x0801a42c     0x50  write.o [1]
  .text                ro code  0x0801a47c     0x1e  strftime.o [3]
  .text                ro code  0x0801a49c     0x26  pressure_bubble_sensor.o [1]
  .text                ro code  0x0801a4c4     0x64  app_clear_air.o [1]
  .text                ro code  0x0801a528      0x4  app_scr_set_total_dose.o [1]
  .text                ro code  0x0801a52c    0x118  app_scr_set_fisrt_infusion_dose.o [1]
  .text                ro code  0x0801a644     0x18  ui_text_list.o [1]
  .text                ro code  0x0801a65c    0x180  xlocale_c.o [3]
  .text                ro code  0x0801a7dc     0xce  xstrftim.o [3]
  .text                ro code  0x0801a8ac    0x1d0  app_scr_set_limit_infusion_speed.o [1]
  .text                ro code  0x0801aa7c    0x846  xgentime.o [3]
  .text                ro code  0x0801b2c4    0x390  app_scr_set_infusion_speed.o [1]
  .text                ro code  0x0801b654     0x42  xgettime.o [3]
  .text                ro code  0x0801b696     0x86  xstol.o [3]
  .text                ro code  0x0801b71c      0xa  getzone.o [3]
  .text                ro code  0x0801b728     0x90  DblToFlt.o [4]
  .text                ro code  0x0801b7b8     0x44  FltToS32.o [4]
  .text                ro code  0x0801b7fc    0x284  app_scr_set_peek_mode_duration.o [1]
  .text                ro code  0x0801ba80    0x5ac  app_scr_task_confirm.o [1]
  .text                ro code  0x0801c02c    0x210  app_scr_set_peek_mode_speed.o [1]
  .text                ro code  0x0801c23c   0x3e48  test_ssz_list.o [1]
  .text                ro code  0x08020084   0x378c  test_ssz_vector.o [1]
  .text                ro code  0x08023810   0x10f4  test_ui.o [1]
  .text                ro code  0x08024904    0xa9c  test_ssz_map.o [1]
  .text                ro code  0x080253a0    0x24e  ssz_map.o [1]
  .text                ro code  0x080255f0    0x884  test_ssz_str_utility.o [1]
  .text                ro code  0x08025e74    0x6e4  test_record_log.o [1]
  .text                ro code  0x08026558    0x6a8  test_ssz_time_utility.o [1]
  .text                ro code  0x08026c00    0x6a4  test_ui_view.o [1]
  .rodata              const    0x080272a4    0x5b8  dengxian_regular_14.o [1]
  .rodata              const    0x0802785c    0x400  ssz_algorithm.o [1]
  .text                ro code  0x08027c5c    0x380  test_ssz_time.o [1]
  .text                ro code  0x08027fdc    0x344  test_drv_rtc.o [1]
  .rodata              const    0x08028320    0x210  heiti_regular_88.o [1]
  .rodata              const    0x08028530    0x210  heiti_regular_88.o [1]
  .rodata              const    0x08028740    0x210  heiti_regular_88.o [1]
  .rodata              const    0x08028950    0x210  heiti_regular_88.o [1]
  .rodata              const    0x08028b60    0x210  heiti_regular_88.o [1]
  .rodata              const    0x08028d70    0x210  heiti_regular_88.o [1]
  .rodata              const    0x08028f80    0x210  heiti_regular_88.o [1]
  .rodata              const    0x08029190    0x210  heiti_regular_88.o [1]
  .rodata              const    0x080293a0    0x210  heiti_regular_88.o [1]
  .rodata              const    0x080295b0    0x210  heiti_regular_88.o [1]
  .rodata              const    0x080297c0    0x210  heiti_regular_88.o [1]
  .rodata              const    0x080299d0    0x210  heiti_regular_88.o [1]
  .rodata              const    0x08029be0    0x210  heiti_regular_88.o [1]
  .rodata              const    0x08029df0    0x1f0  string_data.o [1]
  .rodata              const    0x08029fe0    0x1e0  select_1.o [1]
  .rodata              const    0x0802a1c0    0x1e0  select_2.o [1]
  .text                ro code  0x0802a3a0    0x1c0  test_ssz_algorithm.o [1]
  .rodata              const    0x0802a560    0x1bc  logo.o [1]
  .rodata              const    0x0802a71c    0x174  app_cmd.o [1]
  .rodata              const    0x0802a890    0x144  image_data.o [1]
  .text                ro code  0x0802a9d4    0x134  test_hardware_ljl.o [1]
  .rodata              const    0x0802ab08    0x130  greatest.o [1]
  .rodata              const    0x0802ac38     0xf0  heiti_regular_60.o [1]
  .rodata              const    0x0802ad28     0xf0  heiti_regular_60.o [1]
  .rodata              const    0x0802ae18     0xf0  heiti_regular_60.o [1]
  .rodata              const    0x0802af08     0xf0  heiti_regular_60.o [1]
  .rodata              const    0x0802aff8     0xf0  heiti_regular_60.o [1]
  .rodata              const    0x0802b0e8     0xf0  heiti_regular_60.o [1]
  .rodata              const    0x0802b1d8     0xf0  heiti_regular_60.o [1]
  .rodata              const    0x0802b2c8     0xf0  heiti_regular_60.o [1]
  .rodata              const    0x0802b3b8     0xf0  heiti_regular_60.o [1]
  .rodata              const    0x0802b4a8     0xf0  heiti_regular_60.o [1]
  .rodata              const    0x0802b598     0xf0  heiti_regular_60.o [1]
  .rodata              const    0x0802b688     0xf0  heiti_regular_60.o [1]
  .rodata              const    0x0802b778     0xf0  heiti_regular_60.o [1]
  .rodata              const    0x0802b868     0xc8  time_select.o [1]
  .rodata              const    0x0802b930     0xc8  time_unselect.o [1]
  .text                ro code  0x0802b9f8     0xc4  stm32l1xx_it.o [1]
  .rodata              const    0x0802babc     0xc0  app_home.o [1]
  .rodata              const    0x0802bb7c     0xb8  exhaust.o [1]
  .rodata              const    0x0802bc34     0xb8  history_log.o [1]
  .rodata              const    0x0802bcec     0xb8  new_task.o [1]
  .rodata              const    0x0802bda4     0xb8  stop_infusion.o [1]
  .rodata              const    0x0802be5c     0xb8  system_setting.o [1]
  .rodata              const    0x0802bf14     0xb4  app_scr_set_peek_mode_duration.o [1]
  .rodata              const    0x0802bfc8     0xb4  error.o [1]
  .rodata              const    0x0802c07c     0xb4  warning.o [1]
  .rodata              const    0x0802c130     0xa4  ssz_record.o [1]
  .rodata              const    0x0802c1d4     0x9c  app_scr_set_infusion_speed.o [1]
  .rodata              const    0x0802c270     0x98  drv_sst25_flash.o [1]
  .text                ro code  0x0802c308     0x94  ui_normal_list_base.o [1]
  .rodata              const    0x0802c39c     0x90  ui_view_config.o [1]
  .rodata              const    0x0802c42c     0x84  app_scr_set_peek_mode_speed.o [1]
  .rodata              const    0x0802c4b0     0x80  ssz_nvram.o [1]
  .rodata              const    0x0802c530     0x78  ssz_record.o [1]
  .rodata              const    0x0802c5a8     0x70  data.o [1]
  .rodata              const    0x0802c618     0x6c  test_ssz_deque.o [1]
  .rodata              const    0x0802c684     0x68  app_scr_task_confirm.o [1]
  .rodata              const    0x0802c6ec     0x68  heiti_regular_60.o [1]
  .rodata              const    0x0802c754     0x68  heiti_regular_88.o [1]
  .rodata              const    0x0802c7bc     0x68  test_ssz_list.o [1]
  .rodata              const    0x0802c824     0x64  key.o [1]
  .rodata              const    0x0802c888     0x64  ssz_deque.o [1]
  .rodata              const    0x0802c8ec     0x64  ssz_list.o [1]
  .rodata              const    0x0802c950     0x64  ssz_vector.o [1]
  .rodata              const    0x0802c9b4     0x64  stm32l1xx_hal_adc.o [1]
  .rodata              const    0x0802ca18     0x64  stm32l1xx_hal_cortex.o [1]
  .rodata              const    0x0802ca7c     0x64  stm32l1xx_hal_gpio.o [1]
  .rodata              const    0x0802cae0     0x64  stm32l1xx_hal_rcc.o [1]
  .rodata              const    0x0802cb44     0x64  stm32l1xx_hal_spi.o [1]
  .rodata              const    0x0802cba8     0x64  stm32l1xx_hal_spi_ex.o [1]
  .rodata              const    0x0802cc0c     0x64  stm32l1xx_hal_uart.o [1]
  .text                ro code  0x0802cc70     0x64  system_stm32l1xx.o [1]
  .rodata              const    0x0802ccd4     0x60  app_cmd.o [1]
  .rodata              const    0x0802cd34     0x60  data.o [1]
  .rodata              const    0x0802cd94     0x60  test_ssz_list.o [1]
  Initializer bytes    const    0x0802cdf4     0x60  <for P2-1>
  .rodata              const    0x0802ce54     0x5c  test_ssz_deque.o [1]
  .rodata              const    0x0802ceb0     0x5c  test_ssz_vector.o [1]
  .rodata              const    0x0802cf0c     0x58  app_main_menu.o [1]
  .rodata              const    0x0802cf64     0x58  app_scr_set_limit_infusion_speed.o [1]
  .rodata              const    0x0802cfbc     0x58  drv_sst25_flash.o [1]
  .rodata              const    0x0802d014     0x58  test_ssz_deque.o [1]
  .rodata              const    0x0802d06c     0x58  test_ssz_list.o [1]
  .rodata              const    0x0802d0c4     0x58  test_ssz_vector.o [1]
  .rodata              const    0x0802d11c     0x54  app_scr_set_fisrt_infusion_dose.o [1]
  .rodata              const    0x0802d170     0x54  app_scr_set_total_dose.o [1]
  .rodata              const    0x0802d1c4     0x54  data.o [1]
  .rodata              const    0x0802d218     0x54  drv_sst25_flash.o [1]
  .rodata              const    0x0802d26c     0x54  test_ssz_list.o [1]
  .rodata              const    0x0802d2c0     0x54  ui_normal_list_base.o [1]
  .rodata              const    0x0802d314     0x50  app_cmd.o [1]
  .rodata              const    0x0802d364     0x50  app_scr_alarm.o [1]
  .rodata              const    0x0802d3b4     0x50  record_log.o [1]
  .rodata              const    0x0802d404     0x50  ssz_block_file.o [1]
  .rodata              const    0x0802d454     0x50  ssz_stm32_hal_bsp.o [1]
  .rodata              const    0x0802d4a4     0x50  test_record_log.o [1]
  .rodata              const    0x0802d4f4     0x50  test_ssz_vector.o [1]
  .rodata              const    0x0802d544     0x4c  app_cmd.o [1]
  .rodata              const    0x0802d590     0x4c  app_delivery.o [1]
  .rodata              const    0x0802d5dc     0x4c  app_delivery.o [1]
  .rodata              const    0x0802d628     0x4c  test_ssz_deque.o [1]
  .rodata              const    0x0802d674     0x4c  test_ssz_deque.o [1]
  .rodata              const    0x0802d6c0     0x4c  test_ssz_deque.o [1]
  .rodata              const    0x0802d70c     0x4c  test_ssz_deque.o [1]
  .rodata              const    0x0802d758     0x4c  test_ssz_vector.o [1]
  .rodata              const    0x0802d7a4     0x4c  test_ssz_vector.o [1]
  .rodata              const    0x0802d7f0     0x4c  test_ssz_vector.o [1]
  .rodata              const    0x0802d83c     0x4c  ui_image_list.o [1]
  .rodata              const    0x0802d888     0x4c  ui_list_base.o [1]
  .rodata              const    0x0802d8d4     0x4c  ui_text_list.o [1]
  .rodata              const    0x0802d920     0x48  app_popup.o [1]
  .rodata              const    0x0802d968     0x48  mute.o [1]
  .rodata              const    0x0802d9b0     0x48  ssz_block_file.o [1]
  .rodata              const    0x0802d9f8     0x48  ssz_safe_queue.o [1]
  .rodata              const    0x0802da40     0x48  ssz_str_utility.o [1]
  .rodata              const    0x0802da88     0x48  ssz_time_utility.o [1]
  .rodata              const    0x0802dad0     0x48  test_record_log.o [1]
  .rodata              const    0x0802db18     0x48  test_ssz_deque.o [1]
  .rodata              const    0x0802db60     0x48  test_ssz_deque.o [1]
  .rodata              const    0x0802dba8     0x48  test_ssz_deque.o [1]
  .rodata              const    0x0802dbf0     0x48  test_ssz_deque.o [1]
  .rodata              const    0x0802dc38     0x48  test_ssz_deque.o [1]
  .rodata              const    0x0802dc80     0x48  test_ssz_deque.o [1]
  .rodata              const    0x0802dcc8     0x48  test_ssz_deque.o [1]
  .rodata              const    0x0802dd10     0x48  test_ssz_list.o [1]
  .rodata              const    0x0802dd58     0x48  test_ssz_list.o [1]
  .rodata              const    0x0802dda0     0x48  test_ssz_list.o [1]
  .rodata              const    0x0802dde8     0x48  test_ssz_list.o [1]
  .rodata              const    0x0802de30     0x48  test_ssz_vector.o [1]
  .rodata              const    0x0802de78     0x48  test_ssz_vector.o [1]
  .rodata              const    0x0802dec0     0x48  test_ssz_vector.o [1]
  .rodata              const    0x0802df08     0x48  test_ssz_vector.o [1]
  .rodata              const    0x0802df50     0x48  test_ssz_vector.o [1]
  .rodata              const    0x0802df98     0x48  test_ssz_vector.o [1]
  .rodata              const    0x0802dfe0     0x48  test_ssz_vector.o [1]
  .rodata              const    0x0802e028     0x48  test_ssz_vector.o [1]
  .rodata              const    0x0802e070     0x48  test_ssz_vector.o [1]
  .rodata              const    0x0802e0b8     0x44  app_alternative_popup.o [1]
  .rodata              const    0x0802e0fc     0x44  data.o [1]
  .rodata              const    0x0802e140     0x44  ssz_common.o [1]
  .rodata              const    0x0802e184     0x44  ssz_deque.o [1]
  .rodata              const    0x0802e1c8     0x44  ssz_nvram.o [1]
  .rodata              const    0x0802e20c     0x44  ssz_nvram.o [1]
  .rodata              const    0x0802e250     0x44  ssz_record.o [1]
  .rodata              const    0x0802e294     0x44  ssz_sim_i2c.o [1]
  .rodata              const    0x0802e2d8     0x44  ssz_time_utility.o [1]
  .rodata              const    0x0802e31c     0x44  ssz_timer.o [1]
  .rodata              const    0x0802e360     0x44  ssz_vector.o [1]
  .rodata              const    0x0802e3a4     0x44  test_ssz_deque.o [1]
  .rodata              const    0x0802e3e8     0x44  test_ssz_deque.o [1]
  .rodata              const    0x0802e42c     0x44  test_ssz_deque.o [1]
  .rodata              const    0x0802e470     0x44  test_ssz_deque.o [1]
  .rodata              const    0x0802e4b4     0x44  test_ssz_deque.o [1]
  .rodata              const    0x0802e4f8     0x44  test_ssz_list.o [1]
  .rodata              const    0x0802e53c     0x44  test_ssz_list.o [1]
  .rodata              const    0x0802e580     0x44  test_ssz_list.o [1]
  .rodata              const    0x0802e5c4     0x44  test_ssz_list.o [1]
  .rodata              const    0x0802e608     0x44  test_ssz_list.o [1]
  .rodata              const    0x0802e64c     0x44  test_ssz_list.o [1]
  .rodata              const    0x0802e690     0x44  test_ssz_list.o [1]
  .rodata              const    0x0802e6d4     0x44  test_ssz_list.o [1]
  .rodata              const    0x0802e718     0x44  test_ssz_vector.o [1]
  .rodata              const    0x0802e75c     0x44  test_ssz_vector.o [1]
  .rodata              const    0x0802e7a0     0x44  test_ssz_vector.o [1]
  .rodata              const    0x0802e7e4     0x44  test_ssz_vector.o [1]
  .rodata              const    0x0802e828     0x44  test_ssz_vector.o [1]
  .rodata              const    0x0802e86c     0x44  three_valve_motor.o [1]
  .rodata              const    0x0802e8b0     0x40  app_clear_air.o [1]
  .rodata              const    0x0802e8f0     0x40  app_cmd.o [1]
  .rodata              const    0x0802e930     0x40  app_delivery.o [1]
  .rodata              const    0x0802e970     0x40  drv_sst25_flash.o [1]
  .rodata              const    0x0802e9b0     0x40  infusion_motor.o [1]
  .rodata              const    0x0802e9f0     0x40  simple_alloc.o [1]
  .rodata              const    0x0802ea30     0x40  ssz_file.o [1]
  .rodata              const    0x0802ea70     0x40  ssz_list.o [1]
  .rodata              const    0x0802eab0     0x40  ssz_map.o [1]
  .rodata              const    0x0802eaf0     0x40  ssz_record.o [1]
  .rodata              const    0x0802eb30     0x40  stm32l1xx_it.o [1]
  .rodata              const    0x0802eb70     0x40  string_data.o [1]
  .rodata              const    0x0802ebb0     0x40  test_hardware_ljl.o [1]
  .rodata              const    0x0802ebf0     0x40  test_ssz_deque.o [1]
  .rodata              const    0x0802ec30     0x40  test_ssz_deque.o [1]
  .rodata              const    0x0802ec70     0x40  test_ssz_deque.o [1]
  .rodata              const    0x0802ecb0     0x40  test_ssz_deque.o [1]
  .rodata              const    0x0802ecf0     0x40  test_ssz_deque.o [1]
  .rodata              const    0x0802ed30     0x40  test_ssz_deque.o [1]
  .rodata              const    0x0802ed70     0x40  test_ssz_deque.o [1]
  .rodata              const    0x0802edb0     0x40  test_ssz_list.o [1]
  .rodata              const    0x0802edf0     0x40  test_ssz_list.o [1]
  .rodata              const    0x0802ee30     0x40  test_ssz_list.o [1]
  .rodata              const    0x0802ee70     0x40  test_ssz_list.o [1]
  .rodata              const    0x0802eeb0     0x40  test_ssz_list.o [1]
  .rodata              const    0x0802eef0     0x40  test_ssz_list.o [1]
  .rodata              const    0x0802ef30     0x40  test_ssz_vector.o [1]
  .rodata              const    0x0802ef70     0x40  test_ssz_vector.o [1]
  .rodata              const    0x0802efb0     0x40  test_ssz_vector.o [1]
  .rodata              const    0x0802eff0     0x40  test_ssz_vector.o [1]
  .rodata              const    0x0802f030     0x40  test_ssz_vector.o [1]
  .rodata              const    0x0802f070     0x40  test_ssz_vector.o [1]
  .rodata              const    0x0802f0b0     0x40  ui_disp_text.o [1]
  .rodata              const    0x0802f0f0     0x40  ui_statusbar.o [1]
  .rodata              const    0x0802f130     0x40  ui_view.o [1]
  .rodata              const    0x0802f170     0x40  ui_view.o [1]
  .rodata              const    0x0802f1b0     0x40  ui_view_config.o [1]
  .text                ro code  0x0802f1f0     0x40  zero_init3.o [5]
  .rodata              const    0x0802f230     0x3c  app_alternative_popup.o [1]
  .rodata              const    0x0802f26c     0x3c  app_cmd.o [1]
  .rodata              const    0x0802f2a8     0x3c  app_history_log.o [1]
  .rodata              const    0x0802f2e4     0x3c  app_scr_alarm.o [1]
  .rodata              const    0x0802f320     0x3c  drv_sst25_flash.o [1]
  .rodata              const    0x0802f35c     0x3c  drv_sst25_flash.o [1]
  .rodata              const    0x0802f398     0x3c  font_data.o [1]
  .rodata              const    0x0802f3d4     0x3c  record_log.o [1]
  .rodata              const    0x0802f410     0x3c  record_log.o [1]
  .rodata              const    0x0802f44c     0x3c  ssz_record.o [1]
  .rodata              const    0x0802f488     0x3c  string_data.o [1]
  .rodata              const    0x0802f4c4     0x3c  string_data.o [1]
  .rodata              const    0x0802f500     0x3c  test_ssz_deque.o [1]
  .rodata              const    0x0802f53c     0x3c  test_ssz_deque.o [1]
  .rodata              const    0x0802f578     0x3c  test_ssz_deque.o [1]
  .rodata              const    0x0802f5b4     0x3c  test_ssz_deque.o [1]
  .rodata              const    0x0802f5f0     0x3c  test_ssz_deque.o [1]
  .rodata              const    0x0802f62c     0x3c  test_ssz_list.o [1]
  .rodata              const    0x0802f668     0x3c  test_ssz_list.o [1]
  .rodata              const    0x0802f6a4     0x3c  test_ssz_list.o [1]
  .rodata              const    0x0802f6e0     0x3c  test_ssz_list.o [1]
  .rodata              const    0x0802f71c     0x3c  test_ssz_list.o [1]
  .rodata              const    0x0802f758     0x3c  test_ssz_list.o [1]
  .rodata              const    0x0802f794     0x3c  test_ssz_list.o [1]
  .rodata              const    0x0802f7d0     0x3c  test_ssz_time_utility.o [1]
  .rodata              const    0x0802f80c     0x3c  test_ssz_vector.o [1]
  .rodata              const    0x0802f848     0x3c  test_ssz_vector.o [1]
  .rodata              const    0x0802f884     0x3c  test_ssz_vector.o [1]
  .rodata              const    0x0802f8c0     0x3c  ui_draw_img.o [1]
  .rodata              const    0x0802f8fc     0x38  adc.o [1]
  .rodata              const    0x0802f934     0x38  alarm.o [1]
  .rodata              const    0x0802f96c     0x38  app_cmd.o [1]
  .rodata              const    0x0802f9a4     0x38  app_cmd.o [1]
  .rodata              const    0x0802f9dc     0x38  app_popup.o [1]
  .rodata              const    0x0802fa14     0x38  data.o [1]
  .rodata              const    0x0802fa4c     0x38  event.o [1]
  .rodata              const    0x0802fa84     0x38  main.o [1]
  .rodata              const    0x0802fabc     0x38  mid_adc.o [1]
  .rodata              const    0x0802faf4     0x38  spi.o [1]
  .rodata              const    0x0802fb2c     0x38  ssz_config.o [1]
  .rodata              const    0x0802fb64     0x38  ssz_record.o [1]
  .rodata              const    0x0802fb9c     0x38  ssz_record.o [1]
  .rodata              const    0x0802fbd4     0x38  test_hardware_ljl.o [1]
  .rodata              const    0x0802fc0c     0x38  test_record_log.o [1]
  .rodata              const    0x0802fc44     0x38  test_record_log.o [1]
  .rodata              const    0x0802fc7c     0x38  test_ssz_algorithm.o [1]
  .rodata              const    0x0802fcb4     0x38  test_ssz_deque.o [1]
  .rodata              const    0x0802fcec     0x38  test_ssz_deque.o [1]
  .rodata              const    0x0802fd24     0x38  test_ssz_deque.o [1]
  .rodata              const    0x0802fd5c     0x38  test_ssz_list.o [1]
  .rodata              const    0x0802fd94     0x38  test_ssz_list.o [1]
  .rodata              const    0x0802fdcc     0x38  test_ssz_list.o [1]
  .rodata              const    0x0802fe04     0x38  test_ssz_list.o [1]
  .rodata              const    0x0802fe3c     0x38  test_ssz_str_utility.o [1]
  .rodata              const    0x0802fe74     0x38  test_ssz_time.o [1]
  .rodata              const    0x0802feac     0x38  test_ssz_vector.o [1]
  .rodata              const    0x0802fee4     0x38  test_ssz_vector.o [1]
  .rodata              const    0x0802ff1c     0x38  timer.o [1]
  .rodata              const    0x0802ff54     0x38  ui_config.o [1]
  .rodata              const    0x0802ff8c     0x38  ui_draw.o [1]
  .rodata              const    0x0802ffc4     0x38  ui_draw.o [1]
  .rodata              const    0x0802fffc     0x38  usart.o [1]
  .rodata              const    0x08030034     0x38  voice.o [1]
  .rodata              const    0x0803006c     0x34  com.o [1]
  .rodata              const    0x080300a0     0x34  drv_com.o [1]
  .rodata              const    0x080300d4     0x34  drv_rtc.o [1]
  .rodata              const    0x08030108     0x34  key.o [1]
  .rodata              const    0x0803013c     0x34  led.o [1]
  .rodata              const    0x08030170     0x34  msg.o [1]
  .rodata              const    0x080301a4     0x34  screen.o [1]
  .rodata              const    0x080301d8     0x34  ssz_deque.o [1]
  .rodata              const    0x0803020c     0x34  ssz_list.o [1]
  .rodata              const    0x08030240     0x34  ssz_record.o [1]
  .rodata              const    0x08030274     0x34  ssz_record.o [1]
  .rodata              const    0x080302a8     0x34  ssz_vector.o [1]
  .rodata              const    0x080302dc     0x34  test_record_log.o [1]
  .rodata              const    0x08030310     0x34  test_record_log.o [1]
  .rodata              const    0x08030344     0x34  test_record_log.o [1]
  .rodata              const    0x08030378     0x34  test_record_log.o [1]
  .rodata              const    0x080303ac     0x34  test_record_log.o [1]
  .rodata              const    0x080303e0     0x34  test_record_log.o [1]
  .rodata              const    0x08030414     0x34  test_ssz_deque.o [1]
  .rodata              const    0x08030448     0x34  test_ssz_deque.o [1]
  .rodata              const    0x0803047c     0x34  test_ssz_list.o [1]
  .rodata              const    0x080304b0     0x34  test_ssz_time.o [1]
  .rodata              const    0x080304e4     0x34  test_ssz_time_utility.o [1]
  .rodata              const    0x08030518     0x34  test_ssz_vector.o [1]
  .rodata              const    0x0803054c     0x34  test_ssz_vector.o [1]
  .rodata              const    0x08030580     0x34  ui_common.o [1]
  .rodata              const    0x080305b4     0x34  ui_list_base.o [1]
  .rodata              const    0x080305e8     0x34  write.o [1]
  .rodata              const    0x0803061c     0x30  app_delivery.o [1]
  .rodata              const    0x0803064c     0x30  app_delivery.o [1]
  .rodata              const    0x0803067c     0x30  drv_key.o [1]
  .rodata              const    0x080306ac     0x30  font_data.o [1]
  .rodata              const    0x080306dc     0x30  greatest.o [1]
  .rodata              const    0x0803070c     0x30  record_log.o [1]
  .rodata              const    0x0803073c     0x30  string_data.o [1]
  .rodata              const    0x0803076c     0x30  test_record_log.o [1]
  .rodata              const    0x0803079c     0x30  test_ssz_deque.o [1]
  .rodata              const    0x080307cc     0x30  test_ssz_deque.o [1]
  .rodata              const    0x080307fc     0x30  test_ssz_deque.o [1]
  .rodata              const    0x0803082c     0x30  test_ssz_deque.o [1]
  .rodata              const    0x0803085c     0x30  test_ssz_deque.o [1]
  .rodata              const    0x0803088c     0x30  test_ssz_list.o [1]
  .rodata              const    0x080308bc     0x30  test_ssz_list.o [1]
  .rodata              const    0x080308ec     0x30  test_ssz_list.o [1]
  .rodata              const    0x0803091c     0x30  test_ssz_list.o [1]
  .rodata              const    0x0803094c     0x30  test_ssz_map.o [1]
  .rodata              const    0x0803097c     0x30  test_ssz_map.o [1]
  .rodata              const    0x080309ac     0x30  test_ssz_time.o [1]
  .rodata              const    0x080309dc     0x30  test_ssz_time_utility.o [1]
  .rodata              const    0x08030a0c     0x30  test_ssz_vector.o [1]
  .rodata              const    0x08030a3c     0x30  test_ssz_vector.o [1]
  .rodata              const    0x08030a6c     0x30  test_ssz_vector.o [1]
  .rodata              const    0x08030a9c     0x30  test_ssz_vector.o [1]
  .rodata              const    0x08030acc     0x30  three_valve_motor.o [1]
  .rodata              const    0x08030afc     0x2c  app_cmd.o [1]
  .rodata              const    0x08030b28     0x2c  app_cmd.o [1]
  .rodata              const    0x08030b54     0x2c  key.o [1]
  .rodata              const    0x08030b80     0x2c  ssz_deque.o [1]
  .rodata              const    0x08030bac     0x2c  ssz_list.o [1]
  .rodata              const    0x08030bd8     0x2c  ssz_vector.o [1]
  .rodata              const    0x08030c04     0x2c  test_ssz_deque.o [1]
  .rodata              const    0x08030c30     0x2c  test_ssz_deque.o [1]
  .rodata              const    0x08030c5c     0x2c  test_ssz_deque.o [1]
  .rodata              const    0x08030c88     0x2c  test_ssz_deque.o [1]
  .rodata              const    0x08030cb4     0x2c  test_ssz_list.o [1]
  .rodata              const    0x08030ce0     0x2c  test_ssz_list.o [1]
  .rodata              const    0x08030d0c     0x2c  test_ssz_list.o [1]
  .rodata              const    0x08030d38     0x2c  test_ssz_vector.o [1]
  .rodata              const    0x08030d64     0x2c  test_ssz_vector.o [1]
  .rodata              const    0x08030d90     0x2c  test_ssz_vector.o [1]
  .rodata              const    0x08030dbc     0x2c  test_ssz_vector.o [1]
  .rodata              const    0x08030de8     0x2c  test_ssz_vector.o [1]
  .rodata              const    0x08030e14     0x2c  test_ui.o [1]
  .rodata              const    0x08030e40     0x2c  three_valve_motor.o [1]
  .rodata              const    0x08030e6c     0x2c  three_valve_motor.o [1]
  .rodata              const    0x08030e98     0x2c  ui_image_list.o [1]
  .rodata              const    0x08030ec4     0x2c  ui_list_base.o [1]
  .rodata              const    0x08030ef0     0x2c  ui_normal_list_base.o [1]
  .rodata              const    0x08030f1c     0x2c  ui_page_control.o [1]
  .rodata              const    0x08030f48     0x2c  ui_text_list.o [1]
  .text                ro code  0x08030f74     0x2c  copy_init3.o [5]
  .rodata              const    0x08030fa0     0x28  app_cmd.o [1]
  .rodata              const    0x08030fc8     0x28  app_delivery.o [1]
  .rodata              const    0x08030ff0     0x28  battery_empty.o [1]
  .rodata              const    0x08031018     0x28  battery_full.o [1]
  .rodata              const    0x08031040     0x28  battery_one.o [1]
  .rodata              const    0x08031068     0x28  battery_three.o [1]
  .rodata              const    0x08031090     0x28  battery_two.o [1]
  .rodata              const    0x080310b8     0x28  drv_sst25_flash.o [1]
  .rodata              const    0x080310e0     0x28  simple_alloc.o [1]
  .rodata              const    0x08031108     0x28  ssz_map.o [1]
  .rodata              const    0x08031130     0x28  test_ssz_deque.o [1]
  .rodata              const    0x08031158     0x28  test_ssz_deque.o [1]
  .rodata              const    0x08031180     0x28  test_ssz_deque.o [1]
  .rodata              const    0x080311a8     0x28  test_ssz_deque.o [1]
  .rodata              const    0x080311d0     0x28  test_ssz_deque.o [1]
  .rodata              const    0x080311f8     0x28  test_ssz_deque.o [1]
  .rodata              const    0x08031220     0x28  test_ssz_deque.o [1]
  .rodata              const    0x08031248     0x28  test_ssz_deque.o [1]
  .rodata              const    0x08031270     0x28  test_ssz_deque.o [1]
  .rodata              const    0x08031298     0x28  test_ssz_deque.o [1]
  .rodata              const    0x080312c0     0x28  test_ssz_deque.o [1]
  .rodata              const    0x080312e8     0x28  test_ssz_deque.o [1]
  .rodata              const    0x08031310     0x28  test_ssz_deque.o [1]
  .rodata              const    0x08031338     0x28  test_ssz_deque.o [1]
  .rodata              const    0x08031360     0x28  test_ssz_deque.o [1]
  .rodata              const    0x08031388     0x28  test_ssz_deque.o [1]
  .rodata              const    0x080313b0     0x28  test_ssz_deque.o [1]
  .rodata              const    0x080313d8     0x28  test_ssz_list.o [1]
  .rodata              const    0x08031400     0x28  test_ssz_list.o [1]
  .rodata              const    0x08031428     0x28  test_ssz_list.o [1]
  .rodata              const    0x08031450     0x28  test_ssz_list.o [1]
  .rodata              const    0x08031478     0x28  test_ssz_list.o [1]
  .rodata              const    0x080314a0     0x28  test_ssz_list.o [1]
  .rodata              const    0x080314c8     0x28  test_ssz_list.o [1]
  .rodata              const    0x080314f0     0x28  test_ssz_list.o [1]
  .rodata              const    0x08031518     0x28  test_ssz_list.o [1]
  .rodata              const    0x08031540     0x28  test_ssz_list.o [1]
  .rodata              const    0x08031568     0x28  test_ssz_list.o [1]
  .rodata              const    0x08031590     0x28  test_ssz_map.o [1]
  .rodata              const    0x080315b8     0x28  test_ssz_str_utility.o [1]
  .rodata              const    0x080315e0     0x28  test_ssz_time.o [1]
  .rodata              const    0x08031608     0x28  test_ssz_time_utility.o [1]
  .rodata              const    0x08031630     0x28  test_ssz_time_utility.o [1]
  .rodata              const    0x08031658     0x28  test_ssz_time_utility.o [1]
  .rodata              const    0x08031680     0x28  test_ssz_time_utility.o [1]
  .rodata              const    0x080316a8     0x28  test_ssz_vector.o [1]
  .rodata              const    0x080316d0     0x28  test_ssz_vector.o [1]
  .rodata              const    0x080316f8     0x28  test_ssz_vector.o [1]
  .rodata              const    0x08031720     0x28  test_ssz_vector.o [1]
  .rodata              const    0x08031748     0x28  test_ssz_vector.o [1]
  .rodata              const    0x08031770     0x28  test_ssz_vector.o [1]
  .rodata              const    0x08031798     0x28  test_ssz_vector.o [1]
  .rodata              const    0x080317c0     0x28  test_ssz_vector.o [1]
  .rodata              const    0x080317e8     0x28  test_ssz_vector.o [1]
  .rodata              const    0x08031810     0x28  test_ssz_vector.o [1]
  .rodata              const    0x08031838     0x28  test_ssz_vector.o [1]
  .rodata              const    0x08031860     0x28  test_ssz_vector.o [1]
  .rodata              const    0x08031888     0x28  test_ssz_vector.o [1]
  .rodata              const    0x080318b0     0x28  test_ssz_vector.o [1]
  .rodata              const    0x080318d8     0x28  test_ssz_vector.o [1]
  .rodata              const    0x08031900     0x28  test_ssz_vector.o [1]
  .rodata              const    0x08031928     0x28  test_ssz_vector.o [1]
  .rodata              const    0x08031950     0x28  test_ssz_vector.o [1]
  .rodata              const    0x08031978     0x28  test_ssz_vector.o [1]
  .rodata              const    0x080319a0     0x28  test_ui.o [1]
  .rodata              const    0x080319c8     0x28  ui_draw.o [1]
  .rodata              const    0x080319f0     0x28  ui_view.o [1]
  .rodata              const    0x08031a18     0x28  ui_view_config.o [1]
  .rodata              const    0x08031a40     0x28  ui_view_config.o [1]
  .text                ro code  0x08031a68     0x28  data_init.o [5]
  .rodata              const    0x08031a90     0x24  app_cmd.o [1]
  .rodata              const    0x08031ab4     0x24  app_cmd.o [1]
  .rodata              const    0x08031ad8     0x24  app_cmd.o [1]
  .rodata              const    0x08031afc     0x24  data.o [1]
  .rodata              const    0x08031b20     0x24  drv_com.o [1]
  .rodata              const    0x08031b44     0x24  event.o [1]
  .rodata              const    0x08031b68     0x24  infusion_motor.o [1]
  .rodata              const    0x08031b8c     0x24  key.o [1]
  .rodata              const    0x08031bb0     0x24  key.o [1]
  .rodata              const    0x08031bd4     0x24  ssz_deque.o [1]
  .rodata              const    0x08031bf8     0x24  ssz_file.o [1]
  .rodata              const    0x08031c1c     0x24  ssz_list.o [1]
  .rodata              const    0x08031c40     0x24  ssz_vector.o [1]
  .rodata              const    0x08031c64     0x24  test_record_log.o [1]
  .rodata              const    0x08031c88     0x24  test_ssz_deque.o [1]
  .rodata              const    0x08031cac     0x24  test_ssz_deque.o [1]
  .rodata              const    0x08031cd0     0x24  test_ssz_deque.o [1]
  .rodata              const    0x08031cf4     0x24  test_ssz_deque.o [1]
  .rodata              const    0x08031d18     0x24  test_ssz_deque.o [1]
  .rodata              const    0x08031d3c     0x24  test_ssz_deque.o [1]
  .rodata              const    0x08031d60     0x24  test_ssz_deque.o [1]
  .rodata              const    0x08031d84     0x24  test_ssz_deque.o [1]
  .rodata              const    0x08031da8     0x24  test_ssz_deque.o [1]
  .rodata              const    0x08031dcc     0x24  test_ssz_deque.o [1]
  .rodata              const    0x08031df0     0x24  test_ssz_deque.o [1]
  .rodata              const    0x08031e14     0x24  test_ssz_deque.o [1]
  .rodata              const    0x08031e38     0x24  test_ssz_deque.o [1]
  .rodata              const    0x08031e5c     0x24  test_ssz_deque.o [1]
  .rodata              const    0x08031e80     0x24  test_ssz_deque.o [1]
  .rodata              const    0x08031ea4     0x24  test_ssz_list.o [1]
  .rodata              const    0x08031ec8     0x24  test_ssz_list.o [1]
  .rodata              const    0x08031eec     0x24  test_ssz_list.o [1]
  .rodata              const    0x08031f10     0x24  test_ssz_list.o [1]
  .rodata              const    0x08031f34     0x24  test_ssz_list.o [1]
  .rodata              const    0x08031f58     0x24  test_ssz_list.o [1]
  .rodata              const    0x08031f7c     0x24  test_ssz_list.o [1]
  .rodata              const    0x08031fa0     0x24  test_ssz_list.o [1]
  .rodata              const    0x08031fc4     0x24  test_ssz_list.o [1]
  .rodata              const    0x08031fe8     0x24  test_ssz_list.o [1]
  .rodata              const    0x0803200c     0x24  test_ssz_list.o [1]
  .rodata              const    0x08032030     0x24  test_ssz_list.o [1]
  .rodata              const    0x08032054     0x24  test_ssz_list.o [1]
  .rodata              const    0x08032078     0x24  test_ssz_list.o [1]
  .rodata              const    0x0803209c     0x24  test_ssz_list.o [1]
  .rodata              const    0x080320c0     0x24  test_ssz_list.o [1]
  .rodata              const    0x080320e4     0x24  test_ssz_str_utility.o [1]
  .rodata              const    0x08032108     0x24  test_ssz_vector.o [1]
  .rodata              const    0x0803212c     0x24  test_ssz_vector.o [1]
  .rodata              const    0x08032150     0x24  test_ssz_vector.o [1]
  .rodata              const    0x08032174     0x24  test_ssz_vector.o [1]
  .rodata              const    0x08032198     0x24  test_ssz_vector.o [1]
  .rodata              const    0x080321bc     0x24  test_ssz_vector.o [1]
  .rodata              const    0x080321e0     0x24  test_ssz_vector.o [1]
  .rodata              const    0x08032204     0x24  test_ssz_vector.o [1]
  .rodata              const    0x08032228     0x24  test_ssz_vector.o [1]
  .rodata              const    0x0803224c     0x24  test_ssz_vector.o [1]
  .rodata              const    0x08032270     0x24  test_ssz_vector.o [1]
  .rodata              const    0x08032294     0x24  test_ssz_vector.o [1]
  .rodata              const    0x080322b8     0x24  test_ssz_vector.o [1]
  .rodata              const    0x080322dc     0x24  ui_common.o [1]
  .rodata              const    0x08032300     0x24  ui_view_config.o [1]
  .rodata              const    0x08032324     0x24  ui_view_config.o [1]
  .rodata              const    0x08032348     0x24  ui_view_config.o [1]
  .rodata              const    0x0803236c     0x24  ui_view_config.o [1]
  .iar.init_table      const    0x08032390     0x28  - Linker created -
  .rodata              const    0x080323b8     0x20  app_cmd.o [1]
  .rodata              const    0x080323d8     0x20  app_cmd.o [1]
  .rodata              const    0x080323f8     0x20  app_cmd.o [1]
  .rodata              const    0x08032418     0x20  app_cmd.o [1]
  .rodata              const    0x08032438     0x20  com.o [1]
  .rodata              const    0x08032458     0x20  greatest.o [1]
  .rodata              const    0x08032478     0x20  greatest.o [1]
  .rodata              const    0x08032498     0x20  greatest.o [1]
  .rodata              const    0x080324b8     0x20  greatest.o [1]
  .rodata              const    0x080324d8     0x20  greatest.o [1]
  .rodata              const    0x080324f8     0x20  infusion_motor.o [1]
  .rodata              const    0x08032518     0x20  infusion_motor.o [1]
  .rodata              const    0x08032538     0x20  infusion_pause.o [1]
  .rodata              const    0x08032558     0x20  infusion_run.o [1]
  .rodata              const    0x08032578     0x20  infusion_stop.o [1]
  .rodata              const    0x08032598     0x20  main_run.o [1]
  .rodata              const    0x080325b8     0x20  record_log.o [1]
  .rodata              const    0x080325d8     0x20  record_log.o [1]
  .rodata              const    0x080325f8     0x20  simple_alloc_config.o [1]
  .rodata              const    0x08032618     0x20  ssz_block_file.o [1]
  .rodata              const    0x08032638     0x20  ssz_block_file.o [1]
  .rodata              const    0x08032658     0x20  ssz_file.o [1]
  .rodata              const    0x08032678     0x20  ssz_file.o [1]
  .rodata              const    0x08032698     0x20  ssz_record.o [1]
  .rodata              const    0x080326b8     0x20  ssz_record.o [1]
  .rodata              const    0x080326d8     0x20  string_data.o [1]
  .rodata              const    0x080326f8     0x20  string_data.o [1]
  .rodata              const    0x08032718     0x20  string_data.o [1]
  .rodata              const    0x08032738     0x20  test_drv_rtc.o [1]
  .rodata              const    0x08032758     0x20  test_drv_rtc.o [1]
  .rodata              const    0x08032778     0x20  test_ssz_algorithm.o [1]
  .rodata              const    0x08032798     0x20  test_ssz_deque.o [1]
  .rodata              const    0x080327b8     0x20  test_ssz_deque.o [1]
  .rodata              const    0x080327d8     0x20  test_ssz_list.o [1]
  .rodata              const    0x080327f8     0x20  test_ssz_list.o [1]
  .rodata              const    0x08032818     0x20  test_ssz_list.o [1]
  .rodata              const    0x08032838     0x20  test_ssz_list.o [1]
  .rodata              const    0x08032858     0x20  test_ssz_list.o [1]
  .rodata              const    0x08032878     0x20  test_ssz_list.o [1]
  .rodata              const    0x08032898     0x20  test_ssz_list.o [1]
  .rodata              const    0x080328b8     0x20  test_ssz_list.o [1]
  .rodata              const    0x080328d8     0x20  test_ssz_list.o [1]
  .rodata              const    0x080328f8     0x20  test_ssz_list.o [1]
  .rodata              const    0x08032918     0x20  test_ssz_list.o [1]
  .rodata              const    0x08032938     0x20  test_ssz_map.o [1]
  .rodata              const    0x08032958     0x20  test_ssz_map.o [1]
  .rodata              const    0x08032978     0x20  test_ssz_map.o [1]
  .rodata              const    0x08032998     0x20  test_ssz_map.o [1]
  .rodata              const    0x080329b8     0x20  test_ssz_map.o [1]
  .rodata              const    0x080329d8     0x20  test_ssz_map.o [1]
  .rodata              const    0x080329f8     0x20  test_ssz_map.o [1]
  .rodata              const    0x08032a18     0x20  test_ssz_map.o [1]
  .rodata              const    0x08032a38     0x20  test_ui_view.o [1]
  .rodata              const    0x08032a58     0x20  ui_view_config.o [1]
  .rodata              const    0x08032a78     0x20  ui_view_config.o [1]
  .rodata              const    0x08032a98     0x20  ui_view_config.o [1]
  .text                ro code  0x08032ab8     0x20  cmain_call_ctors.o [5]
  .text                ro code  0x08032ad8     0x18  cppinit.o [3]
  .rodata              const    0x08032af0     0x1c  alarm.o [1]
  .rodata              const    0x08032b0c     0x1c  app_cmd.o [1]
  .rodata              const    0x08032b28     0x1c  app_cmd.o [1]
  .rodata              const    0x08032b44     0x1c  app_cmd.o [1]
  .rodata              const    0x08032b60     0x1c  app_cmd.o [1]
  .rodata              const    0x08032b7c     0x1c  app_cmd.o [1]
  .rodata              const    0x08032b98     0x1c  app_cmd.o [1]
  .rodata              const    0x08032bb4     0x1c  app_cmd.o [1]
  .rodata              const    0x08032bd0     0x1c  app_infusion_event_handle.o [1]
  .rodata              const    0x08032bec     0x1c  app_infusion_event_handle.o [1]
  .rodata              const    0x08032c08     0x1c  app_infusion_event_handle.o [1]
  .rodata              const    0x08032c24     0x1c  app_mcu_comm.o [1]
  .rodata              const    0x08032c40     0x1c  app_scr_auto_clear_air.o [1]
  .rodata              const    0x08032c5c     0x1c  app_scr_manual_clear_air.o [1]
  .rodata              const    0x08032c78     0x1c  app_scr_task_confirm.o [1]
  .rodata              const    0x08032c94     0x1c  dengxian_regular_14.o [1]
  .rodata              const    0x08032cb0     0x1c  dengxian_regular_14.o [1]
  .rodata              const    0x08032ccc     0x1c  dengxian_regular_14.o [1]
  .rodata              const    0x08032ce8     0x1c  dengxian_regular_14.o [1]
  .rodata              const    0x08032d04     0x1c  dengxian_regular_14.o [1]
  .rodata              const    0x08032d20     0x1c  dengxian_regular_14.o [1]
  .rodata              const    0x08032d3c     0x1c  dengxian_regular_14.o [1]
  .rodata              const    0x08032d58     0x1c  dengxian_regular_14.o [1]
  .rodata              const    0x08032d74     0x1c  dengxian_regular_14.o [1]
  .rodata              const    0x08032d90     0x1c  dengxian_regular_14.o [1]
  .rodata              const    0x08032dac     0x1c  dengxian_regular_14.o [1]
  .rodata              const    0x08032dc8     0x1c  dengxian_regular_14.o [1]
  .rodata              const    0x08032de4     0x1c  dengxian_regular_14.o [1]
  .rodata              const    0x08032e00     0x1c  dengxian_regular_14.o [1]
  .rodata              const    0x08032e1c     0x1c  dengxian_regular_14.o [1]
  .rodata              const    0x08032e38     0x1c  dengxian_regular_14.o [1]
  .rodata              const    0x08032e54     0x1c  dengxian_regular_14.o [1]
  .rodata              const    0x08032e70     0x1c  dengxian_regular_14.o [1]
  .rodata              const    0x08032e8c     0x1c  dengxian_regular_14.o [1]
  .rodata              const    0x08032ea8     0x1c  dengxian_regular_14.o [1]
  .rodata              const    0x08032ec4     0x1c  dengxian_regular_14.o [1]
  .rodata              const    0x08032ee0     0x1c  dengxian_regular_14.o [1]
  .rodata              const    0x08032efc     0x1c  dengxian_regular_14.o [1]
  .rodata              const    0x08032f18     0x1c  dengxian_regular_14.o [1]
  .rodata              const    0x08032f34     0x1c  dengxian_regular_14.o [1]
  .rodata              const    0x08032f50     0x1c  dengxian_regular_14.o [1]
  .rodata              const    0x08032f6c     0x1c  dengxian_regular_14.o [1]
  .rodata              const    0x08032f88     0x1c  dengxian_regular_14.o [1]
  .rodata              const    0x08032fa4     0x1c  dengxian_regular_14.o [1]
  .rodata              const    0x08032fc0     0x1c  dengxian_regular_14.o [1]
  .rodata              const    0x08032fdc     0x1c  dengxian_regular_14.o [1]
  .rodata              const    0x08032ff8     0x1c  dengxian_regular_14.o [1]
  .rodata              const    0x08033014     0x1c  dengxian_regular_14.o [1]
  .rodata              const    0x08033030     0x1c  dengxian_regular_14.o [1]
  .rodata              const    0x0803304c     0x1c  dengxian_regular_14.o [1]
  .rodata              const    0x08033068     0x1c  dengxian_regular_14.o [1]
  .rodata              const    0x08033084     0x1c  dengxian_regular_14.o [1]
  .rodata              const    0x080330a0     0x1c  dengxian_regular_14.o [1]
  .rodata              const    0x080330bc     0x1c  dengxian_regular_14.o [1]
  .rodata              const    0x080330d8     0x1c  dengxian_regular_14.o [1]
  .rodata              const    0x080330f4     0x1c  dengxian_regular_14.o [1]
  .rodata              const    0x08033110     0x1c  dengxian_regular_14.o [1]
  .rodata              const    0x0803312c     0x1c  dengxian_regular_14.o [1]
  .rodata              const    0x08033148     0x1c  dengxian_regular_14.o [1]
  .rodata              const    0x08033164     0x1c  dengxian_regular_14.o [1]
  .rodata              const    0x08033180     0x1c  dengxian_regular_14.o [1]
  .rodata              const    0x0803319c     0x1c  dengxian_regular_14.o [1]
  .rodata              const    0x080331b8     0x1c  dengxian_regular_14.o [1]
  .rodata              const    0x080331d4     0x1c  dengxian_regular_14.o [1]
  .rodata              const    0x080331f0     0x1c  dengxian_regular_14.o [1]
  .rodata              const    0x0803320c     0x1c  dengxian_regular_14.o [1]
  .rodata              const    0x08033228     0x1c  dengxian_regular_14.o [1]
  .rodata              const    0x08033244     0x1c  dengxian_regular_14.o [1]
  .rodata              const    0x08033260     0x1c  dengxian_regular_14.o [1]
  .rodata              const    0x0803327c     0x1c  dengxian_regular_14.o [1]
  .rodata              const    0x08033298     0x1c  dengxian_regular_14.o [1]
  .rodata              const    0x080332b4     0x1c  dengxian_regular_14.o [1]
  .rodata              const    0x080332d0     0x1c  dengxian_regular_14.o [1]
  .rodata              const    0x080332ec     0x1c  dengxian_regular_14.o [1]
  .rodata              const    0x08033308     0x1c  dengxian_regular_14.o [1]
  .rodata              const    0x08033324     0x1c  dengxian_regular_14.o [1]
  .rodata              const    0x08033340     0x1c  dengxian_regular_14.o [1]
  .rodata              const    0x0803335c     0x1c  dengxian_regular_14.o [1]
  .rodata              const    0x08033378     0x1c  dengxian_regular_14.o [1]
  .rodata              const    0x08033394     0x1c  dengxian_regular_14.o [1]
  .rodata              const    0x080333b0     0x1c  dengxian_regular_14.o [1]
  .rodata              const    0x080333cc     0x1c  dengxian_regular_14.o [1]
  .rodata              const    0x080333e8     0x1c  dengxian_regular_14.o [1]
  .rodata              const    0x08033404     0x1c  dengxian_regular_14.o [1]
  .rodata              const    0x08033420     0x1c  dengxian_regular_14.o [1]
  .rodata              const    0x0803343c     0x1c  dengxian_regular_14.o [1]
  .rodata              const    0x08033458     0x1c  dengxian_regular_14.o [1]
  .rodata              const    0x08033474     0x1c  dengxian_regular_14.o [1]
  .rodata              const    0x08033490     0x1c  dengxian_regular_14.o [1]
  .rodata              const    0x080334ac     0x1c  dengxian_regular_14.o [1]
  .rodata              const    0x080334c8     0x1c  dengxian_regular_14.o [1]
  .rodata              const    0x080334e4     0x1c  dengxian_regular_14.o [1]
  .rodata              const    0x08033500     0x1c  dengxian_regular_14.o [1]
  .rodata              const    0x0803351c     0x1c  dengxian_regular_14.o [1]
  .rodata              const    0x08033538     0x1c  dengxian_regular_14.o [1]
  .rodata              const    0x08033554     0x1c  dengxian_regular_14.o [1]
  .rodata              const    0x08033570     0x1c  dengxian_regular_14.o [1]
  .rodata              const    0x0803358c     0x1c  dengxian_regular_14.o [1]
  .rodata              const    0x080335a8     0x1c  dengxian_regular_14.o [1]
  .rodata              const    0x080335c4     0x1c  dengxian_regular_14.o [1]
  .rodata              const    0x080335e0     0x1c  dengxian_regular_14.o [1]
  .rodata              const    0x080335fc     0x1c  dengxian_regular_14.o [1]
  .rodata              const    0x08033618     0x1c  dengxian_regular_14.o [1]
  .rodata              const    0x08033634     0x1c  dengxian_regular_14.o [1]
  .rodata              const    0x08033650     0x1c  dengxian_regular_14.o [1]
  .rodata              const    0x0803366c     0x1c  dengxian_regular_14.o [1]
  .rodata              const    0x08033688     0x1c  dengxian_regular_14.o [1]
  .rodata              const    0x080336a4     0x1c  dengxian_regular_14.o [1]
  .rodata              const    0x080336c0     0x1c  dengxian_regular_14.o [1]
  .rodata              const    0x080336dc     0x1c  dengxian_regular_14.o [1]
  .rodata              const    0x080336f8     0x1c  dengxian_regular_14.o [1]
  .rodata              const    0x08033714     0x1c  dengxian_regular_14.o [1]
  .rodata              const    0x08033730     0x1c  dengxian_regular_14.o [1]
  .rodata              const    0x0803374c     0x1c  dengxian_regular_14.o [1]
  .rodata              const    0x08033768     0x1c  dengxian_regular_14.o [1]
  .rodata              const    0x08033784     0x1c  dengxian_regular_14.o [1]
[...]
test_ssz_list_push_back
                        0x0801dd79   0x1f2  Code  Lc  test_ssz_list.o [1]
test_ssz_list_push_front
                        0x0801d839   0x1d8  Code  Lc  test_ssz_list.o [1]
test_ssz_list_rbegin    0x0801c9b5   0x160  Code  Lc  test_ssz_list.o [1]
test_ssz_list_remove    0x0801ef91   0x148  Code  Lc  test_ssz_list.o [1]
test_ssz_list_reverse   0x0801f661    0xd8  Code  Lc  test_ssz_list.o [1]
test_ssz_list_setup     0x0801c23d    0x20  Code  Lc  test_ssz_list.o [1]
test_ssz_list_size      0x0801cd29    0xc0  Code  Lc  test_ssz_list.o [1]
test_ssz_list_sort      0x0801f401   0x118  Code  Lc  test_ssz_list.o [1]
test_ssz_list_sort_by_descend
                        0x0801f525   0x126  Code  Lc  test_ssz_list.o [1]
test_ssz_list_swap      0x0801f2c9   0x12c  Code  Lc  test_ssz_list.o [1]
test_ssz_list_teardown  0x0801c25d     0x2  Code  Lc  test_ssz_list.o [1]
test_ssz_list_unique    0x0801f0ed   0x1c6  Code  Lc  test_ssz_list.o [1]
test_ssz_map_at         0x08025129     0x2  Code  Lc  test_ssz_map.o [1]
test_ssz_map_clear      0x08024dc5   0x1c0  Code  Lc  test_ssz_map.o [1]
test_ssz_map_get        0x08024f89    0xe4  Code  Lc  test_ssz_map.o [1]
test_ssz_map_get_int    0x0802506d    0xb2  Code  Lc  test_ssz_map.o [1]
test_ssz_map_init       0x0802491d    0x9c  Code  Lc  test_ssz_map.o [1]
test_ssz_map_set        0x080249b9   0x152  Code  Lc  test_ssz_map.o [1]
test_ssz_map_set_int    0x08024b11   0x2ae  Code  Lc  test_ssz_map.o [1]
test_ssz_map_setup      0x08024905    0x16  Code  Lc  test_ssz_map.o [1]
test_ssz_map_size       0x0802512b     0x2  Code  Lc  test_ssz_map.o [1]
test_ssz_map_teardown   0x0802491b     0x2  Code  Lc  test_ssz_map.o [1]
test_ssz_max_days_in_month
                        0x0802655f   0x142  Code  Lc  test_ssz_time_utility.o [1]
test_ssz_seconds_to_time
                        0x08026743     0x2  Code  Lc  test_ssz_time_utility.o [1]
test_ssz_seconds_to_time_ex
                        0x08026745     0x2  Code  Lc  test_ssz_time_utility.o [1]
test_ssz_str_find_not_number
                        0x08025835   0x296  Code  Lc  test_ssz_str_utility.o [1]
test_ssz_str_find_number
                        0x080255f5   0x236  Code  Lc  test_ssz_str_utility.o [1]
test_ssz_str_to_date    0x08026747   0x18c  Code  Lc  test_ssz_time_utility.o [1]
test_ssz_str_to_numbers
                        0x08025ad5   0x24e  Code  Lc  test_ssz_str_utility.o [1]
test_ssz_str_to_time    0x080268dd    0x6c  Code  Lc  test_ssz_time_utility.o [1]
test_ssz_str_utility_setup
                        0x080255f1     0x2  Code  Lc  test_ssz_str_utility.o [1]
test_ssz_str_utility_teardown
                        0x080255f3     0x2  Code  Lc  test_ssz_str_utility.o [1]
test_ssz_time_format    0x08027d03   0x168  Code  Lc  test_ssz_time.o [1]
test_ssz_time_now       0x08027c61     0x2  Code  Lc  test_ssz_time.o [1]
test_ssz_time_now_seconds
                        0x08027c63     0x2  Code  Lc  test_ssz_time.o [1]
test_ssz_time_setup     0x08027c5d     0x2  Code  Lc  test_ssz_time.o [1]
test_ssz_time_str       0x08027c65    0x9e  Code  Lc  test_ssz_time.o [1]
test_ssz_time_teardown  0x08027c5f     0x2  Code  Lc  test_ssz_time.o [1]
test_ssz_time_to_seconds
                        0x0802673f     0x2  Code  Lc  test_ssz_time_utility.o [1]
test_ssz_time_to_seconds_ex
                        0x08026741     0x2  Code  Lc  test_ssz_time_utility.o [1]
test_ssz_time_utility_setup
                        0x08026559     0x2  Code  Lc  test_ssz_time_utility.o [1]
test_ssz_time_utility_teardown
                        0x0802655b     0x2  Code  Lc  test_ssz_time_utility.o [1]
test_ssz_vector_at_index
                        0x08020e09   0x128  Code  Lc  test_ssz_vector.o [1]
test_ssz_vector_at_pos  0x08020d51    0x8e  Code  Lc  test_ssz_vector.o [1]
test_ssz_vector_back    0x08020c7d    0xd0  Code  Lc  test_ssz_vector.o [1]
test_ssz_vector_begin   0x08020253   0x158  Code  Lc  test_ssz_vector.o [1]
test_ssz_vector_clear   0x08022661   0x12a  Code  Lc  test_ssz_vector.o [1]
test_ssz_vector_emplace
                        0x08021a4d   0x4cc  Code  Lc  test_ssz_vector.o [1]
test_ssz_vector_emplace_back
                        0x08021509   0x1da  Code  Lc  test_ssz_vector.o [1]
test_ssz_vector_erase   0x0802204d   0x604  Code  Lc  test_ssz_vector.o [1]
test_ssz_vector_find    0x08020f5f   0x1e8  Code  Lc  test_ssz_vector.o [1]
test_ssz_vector_find_from
                        0x08021171   0x37c  Code  Lc  test_ssz_vector.o [1]
test_ssz_vector_front   0x08020ba9    0xd0  Code  Lc  test_ssz_vector.o [1]
test_ssz_vector_init    0x080200f1   0x162  Code  Lc  test_ssz_vector.o [1]
test_ssz_vector_insert  0x08021f21   0x100  Code  Lc  test_ssz_vector.o [1]
test_ssz_vector_is_empty
                        0x080208bd    0xe2  Code  Lc  test_ssz_vector.o [1]
test_ssz_vector_is_full
                        0x0802099f   0x148  Code  Lc  test_ssz_vector.o [1]
test_ssz_vector_next    0x080203b1   0x1d8  Code  Lc  test_ssz_vector.o [1]
test_ssz_vector_pop_back
                        0x08021895   0x162  Code  Lc  test_ssz_vector.o [1]
test_ssz_vector_prev    0x08020589   0x1d0  Code  Lc  test_ssz_vector.o [1]
test_ssz_vector_push_back
                        0x080216f9   0x190  Code  Lc  test_ssz_vector.o [1]
test_ssz_vector_rbegin  0x0802075d   0x160  Code  Lc  test_ssz_vector.o [1]
test_ssz_vector_remove  0x080227a5   0x148  Code  Lc  test_ssz_vector.o [1]
test_ssz_vector_reverse
                        0x08022ead    0xd4  Code  Lc  test_ssz_vector.o [1]
test_ssz_vector_setup   0x08020085    0x20  Code  Lc  test_ssz_vector.o [1]
test_ssz_vector_size    0x08020aed    0xb8  Code  Lc  test_ssz_vector.o [1]
test_ssz_vector_sort    0x08022c29   0x13c  Code  Lc  test_ssz_vector.o [1]
test_ssz_vector_sort_by_descend
                        0x08022d71   0x12e  Code  Lc  test_ssz_vector.o [1]
test_ssz_vector_swap    0x08022ae5   0x136  Code  Lc  test_ssz_vector.o [1]
test_ssz_vector_teardown
                        0x080200a5     0x2  Code  Lc  test_ssz_vector.o [1]
test_ssz_vector_unique  0x08022905   0x1ce  Code  Lc  test_ssz_vector.o [1]
test_ssz_week_day       0x080266a1    0x9e  Code  Lc  test_ssz_time_utility.o [1]
test_ui_bk_color        0x0802386f     0x2  Code  Lc  test_ui.o [1]
test_ui_canvas_rect     0x08023873     0x2  Code  Lc  test_ui.o [1]
test_ui_clear           0x08023ac9     0x2  Code  Lc  test_ui.o [1]
test_ui_disp_char_at    0x08023b63    0x6a  Code  Lc  test_ui.o [1]
test_ui_disp_text_at    0x08023bcd    0xbe  Code  Lc  test_ui.o [1]
test_ui_disp_text_in_rect
                        0x08023c8b    0xa0  Code  Lc  test_ui.o [1]
test_ui_draw_context    0x08023877     0x2  Code  Lc  test_ui.o [1]
test_ui_draw_hline_at   0x080238f3    0x6e  Code  Lc  test_ui.o [1]
test_ui_draw_img_at     0x08023acb    0x8c  Code  Lc  test_ui.o [1]
test_ui_draw_mode       0x0802386b     0x2  Code  Lc  test_ui.o [1]
test_ui_draw_pixel_at   0x08023889    0x6a  Code  Lc  test_ui.o [1]
test_ui_draw_rect_at    0x080239cb    0xf8  Code  Lc  test_ui.o [1]
test_ui_draw_rect_ex    0x08023ac3     0x2  Code  Lc  test_ui.o [1]
test_ui_draw_to_dev     0x08023db5     0x2  Code  Lc  test_ui.o [1]
test_ui_draw_vline_at   0x08023961    0x6a  Code  Lc  test_ui.o [1]
test_ui_fill_color      0x08023881     0x2  Code  Lc  test_ui.o [1]
test_ui_fill_rect_at    0x08023ac5     0x2  Code  Lc  test_ui.o [1]
test_ui_fill_rect_ex    0x08023ac7     0x2  Code  Lc  test_ui.o [1]
test_ui_font            0x08023b57     0x2  Code  Lc  test_ui.o [1]
test_ui_get_char_xize   0x08023db1     0x2  Code  Lc  test_ui.o [1]
test_ui_get_font_yize   0x08023db3     0x2  Code  Lc  test_ui.o [1]
test_ui_get_text_xize   0x08023d2b    0x6e  Code  Lc  test_ui.o [1]
test_ui_move_to         0x0802387b     0x2  Code  Lc  test_ui.o [1]
test_ui_pen_color       0x0802387d     0x2  Code  Lc  test_ui.o [1]
test_ui_pen_size        0x08023885     0x2  Code  Lc  test_ui.o [1]
test_ui_set_bk_color    0x08023871     0x2  Code  Lc  test_ui.o [1]
test_ui_set_canvas_rect
                        0x08023875     0x2  Code  Lc  test_ui.o [1]
test_ui_set_draw_context
                        0x08023879     0x2  Code  Lc  test_ui.o [1]
test_ui_set_draw_mode   0x0802386d     0x2  Code  Lc  test_ui.o [1]
test_ui_set_fill_color  0x08023883     0x2  Code  Lc  test_ui.o [1]
test_ui_set_font        0x08023b59     0x2  Code  Lc  test_ui.o [1]
test_ui_set_pen_color   0x0802387f     0x2  Code  Lc  test_ui.o [1]
test_ui_set_pen_size    0x08023887     0x2  Code  Lc  test_ui.o [1]
test_ui_set_text_color  0x08023b5d     0x2  Code  Lc  test_ui.o [1]
test_ui_set_text_mode   0x08023b61     0x2  Code  Lc  test_ui.o [1]
test_ui_setup           0x08023811    0x58  Code  Lc  test_ui.o [1]
test_ui_teardown        0x08023869     0x2  Code  Lc  test_ui.o [1]
test_ui_text_color      0x08023b5b     0x2  Code  Lc  test_ui.o [1]
test_ui_text_mode       0x08023b5f     0x2  Code  Lc  test_ui.o [1]
test_ui_view_horizontal_text_list()
                        0x08027025    0xbc  Code  Lc  test_ui_view.o [1]
test_ui_view_image()    0x08026ed1    0xa0  Code  Lc  test_ui_view.o [1]
test_ui_view_lable()    0x08026d55   0x17c  Code  Lc  test_ui_view.o [1]
test_ui_view_setup(void *)
                        0x08026c01    0x26  Code  Lc  test_ui_view.o [1]
test_ui_view_teardown(void *)
                        0x08026c27     0x2  Code  Lc  test_ui_view.o [1]
test_ui_view_text_list()
                        0x08026f71    0xb4  Code  Lc  test_ui_view.o [1]
test_ui_view_window()   0x08026c29   0x12c  Code  Lc  test_ui_view.o [1]
three_valve_motor_init  0x0800dc2d     0xc  Code  Gb  three_valve_motor.o [1]
three_valve_motor_move_backward
                        0x0800da19    0x20  Code  Gb  three_valve_motor.o [1]
three_valve_motor_move_forward
                        0x0800d9f9    0x20  Code  Gb  three_valve_motor.o [1]
three_valve_motor_move_to_position
                        0x0800da39    0x94  Code  Gb  three_valve_motor.o [1]
three_valve_motor_move_to_position_a
                        0x0800dacd     0xa  Code  Gb  three_valve_motor.o [1]
three_valve_motor_move_to_position_b
                        0x0800dad7     0xa  Code  Gb  three_valve_motor.o [1]
three_valve_motor_run_check
                        0x0800dc09    0x24  Code  Gb  three_valve_motor.o [1]
three_valve_motor_start
                        0x0800dae1    0xa4  Code  Gb  three_valve_motor.o [1]
three_valve_motor_stop  0x0800db85    0x84  Code  Gb  three_valve_motor.o [1]
time_set                0x2000003c     0x8  Data  Gb  test_drv_rtc.o [1]
time_tmp                0x20007c14     0x4  Data  Gb  test_drv_rtc.o [1]
timer_handle_all        0x08007311     0xa  Code  Gb  timer.o [1]
timer_handle_all_of_group
                        0x0800731b    0x7a  Code  Gb  timer.o [1]
timer_regist            0x080071dd     0xc  Code  Gb  timer.o [1]
timer_regist_ex         0x080071e9    0x36  Code  Gb  timer.o [1]
timer_regist_low_power  0x0800721f     0xc  Code  Gb  timer.o [1]
timer_start_oneshot_after
                        0x0800722b    0x5c  Code  Gb  timer.o [1]
timer_start_periodic_every
                        0x08007287    0x28  Code  Gb  timer.o [1]
timer_stop              0x080072af    0x36  Code  Gb  timer.o [1]
timer_stop_all          0x080072e5    0x2c  Code  Gb  timer.o [1]
tmalloc_large           0x08016da9   0x390  Code  Lc  dlmalloc.o [3]
tmalloc_small           0x08017139   0x210  Code  Lc  dlmalloc.o [3]
tzone                   0x0801a7d8     0x1  Data  Lc  xlocale_c.o [3]
ui_backup_and_set_default_draw_context
                        0x08012c63    0x48  Code  Gb  ui_draw.o [1]
ui_canvas_rect          0x08012b49    0x12  Code  Gb  ui_draw.o [1]
ui_clear                0x08013079    0x34  Code  Gb  ui_draw.o [1]
ui_clear_rect           0x08013017    0x62  Code  Gb  ui_draw.o [1]
ui_common_color_to_dev_color
                        0x0800b8bd    0x22  Code  Gb  ui_config.o [1]
ui_config               0x0800b8b5     0x8  Code  Gb  ui_config.o [1]
ui_convet_color_to_real
                        0x08012ce3    0x8a  Code  Gb  ui_draw.o [1]
ui_create_widgets(UIView *, short const *, int)
                        0x0801227d   0x20c  Code  Gb  ui_common.o [1]
ui_dev_color_to_common_color
                        0x0800b8df    0x20  Code  Gb  ui_config.o [1]
ui_disp_char_at         0x0801979f    0x52  Code  Gb  ui_disp_text.o [1]
ui_disp_char_at_inter   0x08019713    0x8c  Code  Gb  ui_disp_text.o [1]
ui_disp_text_at         0x080198f5    0x22  Code  Gb  ui_disp_text.o [1]
ui_disp_text_at_internal
                        0x080197f1   0x104  Code  Gb  ui_disp_text.o [1]
ui_disp_text_in_rect    0x0801991d   0x126  Code  Gb  ui_disp_text.o [1]
ui_draw_hline_at        0x08012dd3    0x88  Code  Gb  ui_draw.o [1]
ui_draw_img_at          0x080183b1    0xec  Code  Gb  ui_draw_img.o [1]
ui_draw_pixel_at        0x08012d6d    0x66  Code  Gb  ui_draw.o [1]
ui_draw_rect_at         0x08012ee3    0xfa  Code  Gb  ui_draw.o [1]
ui_draw_rect_ex         0x08012fdd    0x2c  Code  Gb  ui_draw.o [1]
ui_draw_to_dev          0x0800b8ff     0x8  Code  Gb  ui_config.o [1]
ui_draw_vline_at        0x08012e5b    0x88  Code  Gb  ui_draw.o [1]
ui_fill_rect_at         0x08013009     0xe  Code  Gb  ui_draw.o [1]
ui_flush_line_cache     0x080131df    0x2a  Code  Gb  ui_draw.o [1]
ui_get_char_xsize       0x0801964f    0x4a  Code  Gb  ui_disp_text.o [1]
ui_get_text_xsize       0x08019709     0xa  Code  Gb  ui_disp_text.o [1]
ui_get_text_xsize_internal
                        0x08019699    0x70  Code  Gb  ui_disp_text.o [1]
ui_limit_rect_of_canvas
                        0x08012c3d    0x12  Code  Gb  ui_draw.o [1]
ui_read_pixel_from_dev  0x0800b907    0x10  Code  Gb  ui_config.o [1]
ui_rect_intersect       0x08014bf9    0x78  Code  Gb  ui_utility.o [1]
ui_rect_intersect_to    0x08014c71    0x90  Code  Gb  ui_utility.o [1]
ui_rect_is_include      0x08014dbf    0x38  Code  Gb  ui_utility.o [1]
ui_rect_is_intersect_ex
                        0x08014d5d    0x62  Code  Gb  ui_utility.o [1]
ui_rect_merge           0x08014d01    0x42  Code  Gb  ui_utility.o [1]
ui_rect_move            0x08014d43    0x1a  Code  Gb  ui_utility.o [1]
ui_restore_draw_context
                        0x08012cab    0x14  Code  Gb  ui_draw.o [1]
ui_set_bk_color         0x08012b3f     0xa  Code  Gb  ui_draw.o [1]
ui_set_canvas_rect      0x08012b5b    0x26  Code  Gb  ui_draw.o [1]
ui_set_canvas_rect_ex   0x08012b81    0x58  Code  Gb  ui_draw.o [1]
ui_set_default_draw_context
                        0x08012c4f    0x14  Code  Gb  ui_draw.o [1]
ui_set_draw_mode        0x08012b35     0xa  Code  Gb  ui_draw.o [1]
ui_set_fill_color       0x08012cc9     0xa  Code  Gb  ui_draw.o [1]
ui_set_font             0x0801961d     0xa  Code  Gb  ui_disp_text.o [1]
ui_set_limit_rect_of_canvas_ex
                        0x08012bd9    0x64  Code  Gb  ui_draw.o [1]
ui_set_pen_color        0x08012cbf     0xa  Code  Gb  ui_draw.o [1]
ui_set_pen_size         0x08012cd3    0x10  Code  Gb  ui_draw.o [1]
ui_set_pixel_at_line_cache
                        0x08013121    0xbe  Code  Gb  ui_draw.o [1]
ui_set_text_char_space  0x0801963b     0xa  Code  Gb  ui_disp_text.o [1]
ui_set_text_color       0x08019627     0xa  Code  Gb  ui_disp_text.o [1]
ui_set_text_line_space  0x08019645     0xa  Code  Gb  ui_disp_text.o [1]
ui_set_text_mode        0x08019631     0xa  Code  Gb  ui_disp_text.o [1]
ui_start_line_cache     0x080130ad    0x6e  Code  Gb  ui_draw.o [1]
ui_view_compare_timer(void const *, void const *, unsigned int)
                        0x0800c7d9     0xe  Code  Lc  ui_view.o [1]
ui_view_config          0x0800bad5    0x46  Code  Gb  ui_view_config.o [1]
ui_view_create(UIViewTypeID, int, UIView *, int, int, int, int, unsigned int)
                        0x0800c475    0x96  Code  Gb  ui_view.o [1]
ui_view_create_desktop_if_not()
                        0x0800c5dd    0x60  Code  Gb  ui_view.o [1]
ui_view_create_timer(UIView *)
                        0x0800c7bf     0xe  Code  Gb  ui_view.o [1]
ui_view_delete_associated_timer(UIView *)
                        0x0800c7e7     0xe  Code  Gb  ui_view.o [1]
ui_view_delete_timer(int)
                        0x0800c7cd     0xc  Code  Gb  ui_view.o [1]
ui_view_desktop()       0x0800c63d     0x6  Code  Gb  ui_view.o [1]
ui_view_desktop_callback(void *, UIMsg *)
                        0x0800c5db     0x2  Code  Gb  ui_view.o [1]
ui_view_destroy(UIView *)
                        0x0800c50b    0x62  Code  Gb  ui_view.o [1]
ui_view_disable_trace   0x0800c87d    0x1a  Code  Gb  ui_view.o [1]
ui_view_disable_trace_draw
                        0x0800c8ad    0x10  Code  Gb  ui_view.o [1]
ui_view_draw_all_dirty  0x0800c849    0x1a  Code  Gb  ui_view.o [1]
ui_view_draw_self_and_descendant(UIView *)
                        0x0800c803    0x46  Code  Lc  ui_view.o [1]
ui_view_enable_trace    0x0800c863    0x1a  Code  Gb  ui_view.o [1]
ui_view_enable_trace_draw
                        0x0800c89d    0x10  Code  Gb  ui_view.o [1]
ui_view_focused()       0x0800c643     0x6  Code  Gb  ui_view.o [1]
ui_view_free(UIView *)  0x0800c445    0x30  Code  Gb  ui_view.o [1]
ui_view_handle_all_timer()
                        0x0800c8bd     0xa  Code  Gb  ui_view.o [1]
ui_view_init            0x0800c8c7    0x18  Code  Gb  ui_view.o [1]
ui_view_init_obj        0x0800b921   0x1b4  Code  Gb  ui_view_config.o [1]
ui_view_invalidate_views(UIView *, UIView *, Rect &)
                        0x0800bd11    0x56  Code  Gb  ui_view.o [1]
ui_view_malloc(UIViewTypeID, int *)
                        0x0800c3db    0x6a  Code  Lc  ui_view.o [1]
ui_view_on_timer_expire(int, void *)
                        0x0800c7b1     0xe  Code  Lc  ui_view.o [1]
ui_view_output_all_view_info
                        0x0800c769    0x42  Code  Gb  ui_view.o [1]
ui_view_output_view_info(UIView *, int, int)
                        0x0800c6f5    0x6c  Code  Gb  ui_view.o [1]
ui_view_output_view_self_info(UIView *, int)
                        0x0800c661    0x8c  Code  Gb  ui_view.o [1]
ui_view_print_space(int)
                        0x0800c649    0x16  Code  Gb  ui_view.o [1]
ui_view_regist(UIViewTypeID, int, void *)
                        0x0800c56d    0x64  Code  Gb  ui_view.o [1]
ui_view_send_msg(UIView *, UIMsg &)
                        0x0800c5d1     0xa  Code  Gb  ui_view.o [1]
ui_view_start_oneshot_after(int, int)
                        0x0800c7f5     0xe  Code  Gb  ui_view.o [1]
ui_view_start_scan_timer
                        0x0800c945     0xc  Code  Gb  ui_view.o [1]
update_counts_and_reset_suite
                        0x08004fb7    0x8a  Code  Lc  greatest.o [1]
uwTick                  0x20007c0c     0x4  Data  Gb  stm32l1xx_hal.o [1]
version_build_time      0x08017b85     0x8  Code  Gb  version.o [1]
vibrator_motor_init     0x0800dc79    0x16  Code  Gb  vibrater_motor.o [1]
vibrator_motor_start    0x0800dc8f    0x16  Code  Gb  vibrater_motor.o [1]
vibrator_motor_stop     0x0800dca5    0x16  Code  Gb  vibrater_motor.o [1]
voice_get_channel       0x08017cbd    0x46  Code  Gb  voice.o [1]
voice_play_beep_once    0x08017d9b     0xc  Code  Gb  voice.o [1]
voice_play_high_once    0x08017db3     0xc  Code  Gb  voice.o [1]
voice_play_low_once     0x08017da7     0xc  Code  Gb  voice.o [1]
voice_play_once         0x08017d03    0x58  Code  Gb  voice.o [1]
voice_stop_play_beep_channel
                        0x08017d7d     0xa  Code  Gb  voice.o [1]
voice_stop_play_current_channel
                        0x08017d6d    0x10  Code  Gb  voice.o [1]
voice_stop_play_high_channel
                        0x08017d91     0xa  Code  Gb  voice.o [1]
voice_stop_play_low_channel
                        0x08017d87     0xa  Code  Gb  voice.o [1]


[1] = D:\chemo_pump\Src\MasterMcu\build\IAR\Test\Obj
[2] = command line
[3] = dl7M_tln.a
[4] = m7M_tl.a
[5] = rt7M_tl.a
[6] = shb_l.a

  163 846 bytes of readonly  code memory
   57 806 bytes of readonly  data memory
   31 862 bytes of readwrite data memory

Errors: none
Warnings: none
