###############################################################################
#
# IAR ELF Linker V8.40.1.212/W32 for ARM                  20/Apr/2020  17:56:12
# Copyright 2007-2019 IAR Systems AB.
#
#    Output file  =
#        D:\1-WORK\ªØ¡∆±√\Code\MasterMcu\build\IAR\Debug\Exe\Chemo-PumpV1_0_master.out
#    Map file     =
#        D:\1-WORK\ªØ¡∆±√\Code\MasterMcu\build\IAR\Debug\List\Chemo-PumpV1_0_master.map
#    Command line =
#        -f C:\Users\MICROP~1\AppData\Local\Temp\EWACCD.tmp
#        (D:\1-WORK\ªØ¡∆±√\Code\MasterMcu\build\IAR\Debug\Obj\AC.o
#        D:\1-WORK\ªØ¡∆±√\Code\MasterMcu\build\IAR\Debug\Obj\adc.o
#        D:\1-WORK\ªØ¡∆±√\Code\MasterMcu\build\IAR\Debug\Obj\alarm.o
#        D:\1-WORK\ªØ¡∆±√\Code\MasterMcu\build\IAR\Debug\Obj\alarm_play.o
#        D:\1-WORK\ªØ¡∆±√\Code\MasterMcu\build\IAR\Debug\Obj\app_alarm_event_handle.o
#        D:\1-WORK\ªØ¡∆±√\Code\MasterMcu\build\IAR\Debug\Obj\app_alternative_popup.o
#        D:\1-WORK\ªØ¡∆±√\Code\MasterMcu\build\IAR\Debug\Obj\app_check_last_infuse.o
#        D:\1-WORK\ªØ¡∆±√\Code\MasterMcu\build\IAR\Debug\Obj\app_cmd.o
#        D:\1-WORK\ªØ¡∆±√\Code\MasterMcu\build\IAR\Debug\Obj\app_common.o
#        D:\1-WORK\ªØ¡∆±√\Code\MasterMcu\build\IAR\Debug\Obj\app_delivery.o
#        D:\1-WORK\ªØ¡∆±√\Code\MasterMcu\build\IAR\Debug\Obj\app_history_log.o
#        D:\1-WORK\ªØ¡∆±√\Code\MasterMcu\build\IAR\Debug\Obj\app_home.o
#        D:\1-WORK\ªØ¡∆±√\Code\MasterMcu\build\IAR\Debug\Obj\app_infusion_event_handle.o
#        D:\1-WORK\ªØ¡∆±√\Code\MasterMcu\build\IAR\Debug\Obj\app_infusion_monitor.o
#        D:\1-WORK\ªØ¡∆±√\Code\MasterMcu\build\IAR\Debug\Obj\app_key_event_handle.o
#        D:\1-WORK\ªØ¡∆±√\Code\MasterMcu\build\IAR\Debug\Obj\app_main_menu.o
#        D:\1-WORK\ªØ¡∆±√\Code\MasterMcu\build\IAR\Debug\Obj\app_mcu_comm.o
#        D:\1-WORK\ªØ¡∆±√\Code\MasterMcu\build\IAR\Debug\Obj\app_mcu_monitor.o
#        D:\1-WORK\ªØ¡∆±√\Code\MasterMcu\build\IAR\Debug\Obj\app_motor_monitor.o
#        D:\1-WORK\ªØ¡∆±√\Code\MasterMcu\build\IAR\Debug\Obj\app_msg_handle.o
#        D:\1-WORK\ªØ¡∆±√\Code\MasterMcu\build\IAR\Debug\Obj\app_operation_log.o
#        D:\1-WORK\ªØ¡∆±√\Code\MasterMcu\build\IAR\Debug\Obj\app_popup.o
#        D:\1-WORK\ªØ¡∆±√\Code\MasterMcu\build\IAR\Debug\Obj\app_scr_alarm.o
#        D:\1-WORK\ªØ¡∆±√\Code\MasterMcu\build\IAR\Debug\Obj\app_scr_auto_clear_air.o
#        D:\1-WORK\ªØ¡∆±√\Code\MasterMcu\build\IAR\Debug\Obj\app_scr_change_oled_brightness.o
#        D:\1-WORK\ªØ¡∆±√\Code\MasterMcu\build\IAR\Debug\Obj\app_scr_change_password.o
#        D:\1-WORK\ªØ¡∆±√\Code\MasterMcu\build\IAR\Debug\Obj\app_scr_change_voice_volume.o
#        D:\1-WORK\ªØ¡∆±√\Code\MasterMcu\build\IAR\Debug\Obj\app_scr_event_handle.o
#        D:\1-WORK\ªØ¡∆±√\Code\MasterMcu\build\IAR\Debug\Obj\app_scr_manual_clear_air.o
#        D:\1-WORK\ªØ¡∆±√\Code\MasterMcu\build\IAR\Debug\Obj\app_scr_set_date.o
#        D:\1-WORK\ªØ¡∆±√\Code\MasterMcu\build\IAR\Debug\Obj\app_scr_set_infusion_duration.o
#        D:\1-WORK\ªØ¡∆±√\Code\MasterMcu\build\IAR\Debug\Obj\app_scr_set_infusion_speed.o
#        D:\1-WORK\ªØ¡∆±√\Code\MasterMcu\build\IAR\Debug\Obj\app_scr_set_max_clean_tube_dose.o
#        D:\1-WORK\ªØ¡∆±√\Code\MasterMcu\build\IAR\Debug\Obj\app_scr_set_peek_mode_duration.o
#        D:\1-WORK\ªØ¡∆±√\Code\MasterMcu\build\IAR\Debug\Obj\app_scr_set_peek_mode_speed.o
#        D:\1-WORK\ªØ¡∆±√\Code\MasterMcu\build\IAR\Debug\Obj\app_scr_set_time.o
#        D:\1-WORK\ªØ¡∆±√\Code\MasterMcu\build\IAR\Debug\Obj\app_scr_set_total_dose.o
#        D:\1-WORK\ªØ¡∆±√\Code\MasterMcu\build\IAR\Debug\Obj\app_scr_set_year.o
#        D:\1-WORK\ªØ¡∆±√\Code\MasterMcu\build\IAR\Debug\Obj\app_scr_task_confirm.o
#        D:\1-WORK\ªØ¡∆±√\Code\MasterMcu\build\IAR\Debug\Obj\app_select_popup.o
#        D:\1-WORK\ªØ¡∆±√\Code\MasterMcu\build\IAR\Debug\Obj\app_set_menu.o
#        D:\1-WORK\ªØ¡∆±√\Code\MasterMcu\build\IAR\Debug\Obj\app_sleep.o
#        D:\1-WORK\ªØ¡∆±√\Code\MasterMcu\build\IAR\Debug\Obj\app_startup_and_post.o
#        D:\1-WORK\ªØ¡∆±√\Code\MasterMcu\build\IAR\Debug\Obj\app_system_monitor.o
#        D:\1-WORK\ªØ¡∆±√\Code\MasterMcu\build\IAR\Debug\Obj\battery_AC.o
#        D:\1-WORK\ªØ¡∆±√\Code\MasterMcu\build\IAR\Debug\Obj\battery_empty.o
#        D:\1-WORK\ªØ¡∆±√\Code\MasterMcu\build\IAR\Debug\Obj\battery_full.o
#        D:\1-WORK\ªØ¡∆±√\Code\MasterMcu\build\IAR\Debug\Obj\battery_no.o
#        D:\1-WORK\ªØ¡∆±√\Code\MasterMcu\build\IAR\Debug\Obj\battery_one.o
#        D:\1-WORK\ªØ¡∆±√\Code\MasterMcu\build\IAR\Debug\Obj\battery_three.o
#        D:\1-WORK\ªØ¡∆±√\Code\MasterMcu\build\IAR\Debug\Obj\battery_two.o
#        D:\1-WORK\ªØ¡∆±√\Code\MasterMcu\build\IAR\Debug\Obj\clock.o
#        D:\1-WORK\ªØ¡∆±√\Code\MasterMcu\build\IAR\Debug\Obj\com.o
#        D:\1-WORK\ªØ¡∆±√\Code\MasterMcu\build\IAR\Debug\Obj\common.o
#        D:\1-WORK\ªØ¡∆±√\Code\MasterMcu\build\IAR\Debug\Obj\config.o
#        D:\1-WORK\ªØ¡∆±√\Code\MasterMcu\build\IAR\Debug\Obj\cpu_usage.o
#        D:\1-WORK\ªØ¡∆±√\Code\MasterMcu\build\IAR\Debug\Obj\data.o
#        D:\1-WORK\ªØ¡∆±√\Code\MasterMcu\build\IAR\Debug\Obj\dengxian_regular_14.o
#        D:\1-WORK\ªØ¡∆±√\Code\MasterMcu\build\IAR\Debug\Obj\dev_def.o
#        D:\1-WORK\ªØ¡∆±√\Code\MasterMcu\build\IAR\Debug\Obj\display.o
#        D:\1-WORK\ªØ¡∆±√\Code\MasterMcu\build\IAR\Debug\Obj\do_before_main_loop.o
#        D:\1-WORK\ªØ¡∆±√\Code\MasterMcu\build\IAR\Debug\Obj\drv_com.o
#        D:\1-WORK\ªØ¡∆±√\Code\MasterMcu\build\IAR\Debug\Obj\drv_infusion_motor.o
#        D:\1-WORK\ªØ¡∆±√\Code\MasterMcu\build\IAR\Debug\Obj\drv_interrupt.o
#        D:\1-WORK\ªØ¡∆±√\Code\MasterMcu\build\IAR\Debug\Obj\drv_isd2360.o
#        D:\1-WORK\ªØ¡∆±√\Code\MasterMcu\build\IAR\Debug\Obj\drv_key.o
#        D:\1-WORK\ªØ¡∆±√\Code\MasterMcu\build\IAR\Debug\Obj\drv_lowpower.o
#        D:\1-WORK\ªØ¡∆±√\Code\MasterMcu\build\IAR\Debug\Obj\drv_oled.o
#        D:\1-WORK\ªØ¡∆±√\Code\MasterMcu\build\IAR\Debug\Obj\drv_rtc.o
#        D:\1-WORK\ªØ¡∆±√\Code\MasterMcu\build\IAR\Debug\Obj\drv_sst25_flash.o
#        D:\1-WORK\ªØ¡∆±√\Code\MasterMcu\build\IAR\Debug\Obj\drv_stf_motor.o
#        D:\1-WORK\ªØ¡∆±√\Code\MasterMcu\build\IAR\Debug\Obj\dtimer.o
#        D:\1-WORK\ªØ¡∆±√\Code\MasterMcu\build\IAR\Debug\Obj\error.o
#        D:\1-WORK\ªØ¡∆±√\Code\MasterMcu\build\IAR\Debug\Obj\event.o
#        D:\1-WORK\ªØ¡∆±√\Code\MasterMcu\build\IAR\Debug\Obj\exhaust.o
#        D:\1-WORK\ªØ¡∆±√\Code\MasterMcu\build\IAR\Debug\Obj\exhaust_pause.o
#        D:\1-WORK\ªØ¡∆±√\Code\MasterMcu\build\IAR\Debug\Obj\exhaust_run.o
#        D:\1-WORK\ªØ¡∆±√\Code\MasterMcu\build\IAR\Debug\Obj\flush_max_dose_selected.o
#        D:\1-WORK\ªØ¡∆±√\Code\MasterMcu\build\IAR\Debug\Obj\flush_max_dose_unselected.o
#        D:\1-WORK\ªØ¡∆±√\Code\MasterMcu\build\IAR\Debug\Obj\font_data.o
#        D:\1-WORK\ªØ¡∆±√\Code\MasterMcu\build\IAR\Debug\Obj\gpio.o
#        D:\1-WORK\ªØ¡∆±√\Code\MasterMcu\build\IAR\Debug\Obj\greatest.o
#        D:\1-WORK\ªØ¡∆±√\Code\MasterMcu\build\IAR\Debug\Obj\heiti_regular_60.o
#        D:\1-WORK\ªØ¡∆±√\Code\MasterMcu\build\IAR\Debug\Obj\heiti_regular_88.o
#        D:\1-WORK\ªØ¡∆±√\Code\MasterMcu\build\IAR\Debug\Obj\history_log.o
#        D:\1-WORK\ªØ¡∆±√\Code\MasterMcu\build\IAR\Debug\Obj\image_data.o
#        D:\1-WORK\ªØ¡∆±√\Code\MasterMcu\build\IAR\Debug\Obj\info_select.o
#        D:\1-WORK\ªØ¡∆±√\Code\MasterMcu\build\IAR\Debug\Obj\info_unselect.o
#        D:\1-WORK\ªØ¡∆±√\Code\MasterMcu\build\IAR\Debug\Obj\infusion_motor.o
#        D:\1-WORK\ªØ¡∆±√\Code\MasterMcu\build\IAR\Debug\Obj\infusion_pause.o
#        D:\1-WORK\ªØ¡∆±√\Code\MasterMcu\build\IAR\Debug\Obj\infusion_run.o
#        D:\1-WORK\ªØ¡∆±√\Code\MasterMcu\build\IAR\Debug\Obj\infusion_stop.o
#        D:\1-WORK\ªØ¡∆±√\Code\MasterMcu\build\IAR\Debug\Obj\init.o
#        D:\1-WORK\ªØ¡∆±√\Code\MasterMcu\build\IAR\Debug\Obj\key.o
#        D:\1-WORK\ªØ¡∆±√\Code\MasterMcu\build\IAR\Debug\Obj\led.o
#        D:\1-WORK\ªØ¡∆±√\Code\MasterMcu\build\IAR\Debug\Obj\left_arrow.o
#        D:\1-WORK\ªØ¡∆±√\Code\MasterMcu\build\IAR\Debug\Obj\lock.o
#        D:\1-WORK\ªØ¡∆±√\Code\MasterMcu\build\IAR\Debug\Obj\logo.o
#        D:\1-WORK\ªØ¡∆±√\Code\MasterMcu\build\IAR\Debug\Obj\main.o
#        D:\1-WORK\ªØ¡∆±√\Code\MasterMcu\build\IAR\Debug\Obj\main_run.o
#        D:\1-WORK\ªØ¡∆±√\Code\MasterMcu\build\IAR\Debug\Obj\mid_adc.o
#        D:\1-WORK\ªØ¡∆±√\Code\MasterMcu\build\IAR\Debug\Obj\mid_common.o
#        D:\1-WORK\ªØ¡∆±√\Code\MasterMcu\build\IAR\Debug\Obj\mid_rtc.o
#        D:\1-WORK\ªØ¡∆±√\Code\MasterMcu\build\IAR\Debug\Obj\mode_selected.o
#        D:\1-WORK\ªØ¡∆±√\Code\MasterMcu\build\IAR\Debug\Obj\mode_unselected.o
#        D:\1-WORK\ªØ¡∆±√\Code\MasterMcu\build\IAR\Debug\Obj\msg.o
#        D:\1-WORK\ªØ¡∆±√\Code\MasterMcu\build\IAR\Debug\Obj\mute.o
#        D:\1-WORK\ªØ¡∆±√\Code\MasterMcu\build\IAR\Debug\Obj\mute_small.o
#        D:\1-WORK\ªØ¡∆±√\Code\MasterMcu\build\IAR\Debug\Obj\new_task.o
#        D:\1-WORK\ªØ¡∆±√\Code\MasterMcu\build\IAR\Debug\Obj\param.o
#        D:\1-WORK\ªØ¡∆±√\Code\MasterMcu\build\IAR\Debug\Obj\peak_set_select.o
#        D:\1-WORK\ªØ¡∆±√\Code\MasterMcu\build\IAR\Debug\Obj\peak_set_unselect.o
#        D:\1-WORK\ªØ¡∆±√\Code\MasterMcu\build\IAR\Debug\Obj\pill_box_install_detect.o
#        D:\1-WORK\ªØ¡∆±√\Code\MasterMcu\build\IAR\Debug\Obj\pressure_bubble_sensor.o
#        D:\1-WORK\ªØ¡∆±√\Code\MasterMcu\build\IAR\Debug\Obj\read.o
#        D:\1-WORK\ªØ¡∆±√\Code\MasterMcu\build\IAR\Debug\Obj\record_log.o
#        D:\1-WORK\ªØ¡∆±√\Code\MasterMcu\build\IAR\Debug\Obj\record_log_text.o
#        D:\1-WORK\ªØ¡∆±√\Code\MasterMcu\build\IAR\Debug\Obj\right_arrow.o
#        D:\1-WORK\ªØ¡∆±√\Code\MasterMcu\build\IAR\Debug\Obj\run_all_test_suite.o
#        D:\1-WORK\ªØ¡∆±√\Code\MasterMcu\build\IAR\Debug\Obj\run_test.o
#        D:\1-WORK\ªØ¡∆±√\Code\MasterMcu\build\IAR\Debug\Obj\run_test_after_main.o
#        D:\1-WORK\ªØ¡∆±√\Code\MasterMcu\build\IAR\Debug\Obj\scr_battery_calibration.o
#        D:\1-WORK\ªØ¡∆±√\Code\MasterMcu\build\IAR\Debug\Obj\scr_clean_tube.o
#        D:\1-WORK\ªØ¡∆±√\Code\MasterMcu\build\IAR\Debug\Obj\scr_factory_mode.o
#        D:\1-WORK\ªØ¡∆±√\Code\MasterMcu\build\IAR\Debug\Obj\scr_layout.o
#        D:\1-WORK\ªØ¡∆±√\Code\MasterMcu\build\IAR\Debug\Obj\scr_new_pressure_calibration.o
#        D:\1-WORK\ªØ¡∆±√\Code\MasterMcu\build\IAR\Debug\Obj\scr_password_popup.o
#        D:\1-WORK\ªØ¡∆±√\Code\MasterMcu\build\IAR\Debug\Obj\scr_precision_calibration.o
#        D:\1-WORK\ªØ¡∆±√\Code\MasterMcu\build\IAR\Debug\Obj\scr_precision_factor.o
#        D:\1-WORK\ªØ¡∆±√\Code\MasterMcu\build\IAR\Debug\Obj\scr_pressure_calibration.o
#        D:\1-WORK\ªØ¡∆±√\Code\MasterMcu\build\IAR\Debug\Obj\scr_pressure_threshold.o
#        D:\1-WORK\ªØ¡∆±√\Code\MasterMcu\build\IAR\Debug\Obj\scr_set_clean_tube_dose.o
#        D:\1-WORK\ªØ¡∆±√\Code\MasterMcu\build\IAR\Debug\Obj\scr_sleep.o
#        D:\1-WORK\ªØ¡∆±√\Code\MasterMcu\build\IAR\Debug\Obj\scr_tip_popup.o
#        D:\1-WORK\ªØ¡∆±√\Code\MasterMcu\build\IAR\Debug\Obj\scr_unlock_tip.o
#        D:\1-WORK\ªØ¡∆±√\Code\MasterMcu\build\IAR\Debug\Obj\screen.o
#        D:\1-WORK\ªØ¡∆±√\Code\MasterMcu\build\IAR\Debug\Obj\select_1.o
#        D:\1-WORK\ªØ¡∆±√\Code\MasterMcu\build\IAR\Debug\Obj\select_2.o
#        D:\1-WORK\ªØ¡∆±√\Code\MasterMcu\build\IAR\Debug\Obj\selected_pointer.o
#        D:\1-WORK\ªØ¡∆±√\Code\MasterMcu\build\IAR\Debug\Obj\set_arrow.o
#        D:\1-WORK\ªØ¡∆±√\Code\MasterMcu\build\IAR\Debug\Obj\simple_alloc.o
#        D:\1-WORK\ªØ¡∆±√\Code\MasterMcu\build\IAR\Debug\Obj\simple_alloc_config.o
#        D:\1-WORK\ªØ¡∆±√\Code\MasterMcu\build\IAR\Debug\Obj\sound_pause.o
#        D:\1-WORK\ªØ¡∆±√\Code\MasterMcu\build\IAR\Debug\Obj\spi.o
#        D:\1-WORK\ªØ¡∆±√\Code\MasterMcu\build\IAR\Debug\Obj\ssz_algorithm.o
#        D:\1-WORK\ªØ¡∆±√\Code\MasterMcu\build\IAR\Debug\Obj\ssz_block_file.o
#        D:\1-WORK\ªØ¡∆±√\Code\MasterMcu\build\IAR\Debug\Obj\ssz_common.o
#        D:\1-WORK\ªØ¡∆±√\Code\MasterMcu\build\IAR\Debug\Obj\ssz_config.o
#        D:\1-WORK\ªØ¡∆±√\Code\MasterMcu\build\IAR\Debug\Obj\ssz_deque.o
#        D:\1-WORK\ªØ¡∆±√\Code\MasterMcu\build\IAR\Debug\Obj\ssz_file.o
#        D:\1-WORK\ªØ¡∆±√\Code\MasterMcu\build\IAR\Debug\Obj\ssz_gpio.o
#        D:\1-WORK\ªØ¡∆±√\Code\MasterMcu\build\IAR\Debug\Obj\ssz_i2c.o
#        D:\1-WORK\ªØ¡∆±√\Code\MasterMcu\build\IAR\Debug\Obj\ssz_list.o
#        D:\1-WORK\ªØ¡∆±√\Code\MasterMcu\build\IAR\Debug\Obj\ssz_locale.o
#        D:\1-WORK\ªØ¡∆±√\Code\MasterMcu\build\IAR\Debug\Obj\ssz_map.o
#        D:\1-WORK\ªØ¡∆±√\Code\MasterMcu\build\IAR\Debug\Obj\ssz_nvram.o
#        D:\1-WORK\ªØ¡∆±√\Code\MasterMcu\build\IAR\Debug\Obj\ssz_precision_tick_time.o
#        D:\1-WORK\ªØ¡∆±√\Code\MasterMcu\build\IAR\Debug\Obj\ssz_queue.o
#        D:\1-WORK\ªØ¡∆±√\Code\MasterMcu\build\IAR\Debug\Obj\ssz_record.o
#        D:\1-WORK\ªØ¡∆±√\Code\MasterMcu\build\IAR\Debug\Obj\ssz_safe_queue.o
#        D:\1-WORK\ªØ¡∆±√\Code\MasterMcu\build\IAR\Debug\Obj\ssz_sim_i2c.o
#        D:\1-WORK\ªØ¡∆±√\Code\MasterMcu\build\IAR\Debug\Obj\ssz_simulator_bsp.o
#        D:\1-WORK\ªØ¡∆±√\Code\MasterMcu\build\IAR\Debug\Obj\ssz_spi.o
#        D:\1-WORK\ªØ¡∆±√\Code\MasterMcu\build\IAR\Debug\Obj\ssz_stack.o
#        D:\1-WORK\ªØ¡∆±√\Code\MasterMcu\build\IAR\Debug\Obj\ssz_stm32_hal_bsp.o
#        D:\1-WORK\ªØ¡∆±√\Code\MasterMcu\build\IAR\Debug\Obj\ssz_stop_watch.o
#        D:\1-WORK\ªØ¡∆±√\Code\MasterMcu\build\IAR\Debug\Obj\ssz_str_utility.o
#        D:\1-WORK\ªØ¡∆±√\Code\MasterMcu\build\IAR\Debug\Obj\ssz_tick_time.o
#        D:\1-WORK\ªØ¡∆±√\Code\MasterMcu\build\IAR\Debug\Obj\ssz_time.o
#        D:\1-WORK\ªØ¡∆±√\Code\MasterMcu\build\IAR\Debug\Obj\ssz_time_utility.o
#        D:\1-WORK\ªØ¡∆±√\Code\MasterMcu\build\IAR\Debug\Obj\ssz_timer.o
#        D:\1-WORK\ªØ¡∆±√\Code\MasterMcu\build\IAR\Debug\Obj\ssz_uart.o
#        D:\1-WORK\ªØ¡∆±√\Code\MasterMcu\build\IAR\Debug\Obj\ssz_ui_config.o
#        D:\1-WORK\ªØ¡∆±√\Code\MasterMcu\build\IAR\Debug\Obj\ssz_ui_view_config.o
#        D:\1-WORK\ªØ¡∆±√\Code\MasterMcu\build\IAR\Debug\Obj\ssz_utility.o
#        D:\1-WORK\ªØ¡∆±√\Code\MasterMcu\build\IAR\Debug\Obj\ssz_vector.o
#        D:\1-WORK\ªØ¡∆±√\Code\MasterMcu\build\IAR\Debug\Obj\startup_stm32l152xc.o
#        D:\1-WORK\ªØ¡∆±√\Code\MasterMcu\build\IAR\Debug\Obj\stm32l1xx_hal.o
#        D:\1-WORK\ªØ¡∆±√\Code\MasterMcu\build\IAR\Debug\Obj\stm32l1xx_hal_adc.o
#        D:\1-WORK\ªØ¡∆±√\Code\MasterMcu\build\IAR\Debug\Obj\stm32l1xx_hal_adc_ex.o
#        D:\1-WORK\ªØ¡∆±√\Code\MasterMcu\build\IAR\Debug\Obj\stm32l1xx_hal_cortex.o
#        D:\1-WORK\ªØ¡∆±√\Code\MasterMcu\build\IAR\Debug\Obj\stm32l1xx_hal_dma.o
#        D:\1-WORK\ªØ¡∆±√\Code\MasterMcu\build\IAR\Debug\Obj\stm32l1xx_hal_flash.o
#        D:\1-WORK\ªØ¡∆±√\Code\MasterMcu\build\IAR\Debug\Obj\stm32l1xx_hal_flash_ex.o
#        D:\1-WORK\ªØ¡∆±√\Code\MasterMcu\build\IAR\Debug\Obj\stm32l1xx_hal_flash_ramfunc.o
#        D:\1-WORK\ªØ¡∆±√\Code\MasterMcu\build\IAR\Debug\Obj\stm32l1xx_hal_gpio.o
#        D:\1-WORK\ªØ¡∆±√\Code\MasterMcu\build\IAR\Debug\Obj\stm32l1xx_hal_msp.o
#        D:\1-WORK\ªØ¡∆±√\Code\MasterMcu\build\IAR\Debug\Obj\stm32l1xx_hal_pwr.o
#        D:\1-WORK\ªØ¡∆±√\Code\MasterMcu\build\IAR\Debug\Obj\stm32l1xx_hal_pwr_ex.o
#        D:\1-WORK\ªØ¡∆±√\Code\MasterMcu\build\IAR\Debug\Obj\stm32l1xx_hal_rcc.o
#        D:\1-WORK\ªØ¡∆±√\Code\MasterMcu\build\IAR\Debug\Obj\stm32l1xx_hal_rcc_ex.o
#        D:\1-WORK\ªØ¡∆±√\Code\MasterMcu\build\IAR\Debug\Obj\stm32l1xx_hal_spi.o
#        D:\1-WORK\ªØ¡∆±√\Code\MasterMcu\build\IAR\Debug\Obj\stm32l1xx_hal_spi_ex.o
#        D:\1-WORK\ªØ¡∆±√\Code\MasterMcu\build\IAR\Debug\Obj\stm32l1xx_hal_tim.o
#        D:\1-WORK\ªØ¡∆±√\Code\MasterMcu\build\IAR\Debug\Obj\stm32l1xx_hal_tim_ex.o
#        D:\1-WORK\ªØ¡∆±√\Code\MasterMcu\build\IAR\Debug\Obj\stm32l1xx_hal_uart.o
#        D:\1-WORK\ªØ¡∆±√\Code\MasterMcu\build\IAR\Debug\Obj\stm32l1xx_it.o
#        D:\1-WORK\ªØ¡∆±√\Code\MasterMcu\build\IAR\Debug\Obj\stop_infusion.o
#        D:\1-WORK\ªØ¡∆±√\Code\MasterMcu\build\IAR\Debug\Obj\stop_watch.o
#        D:\1-WORK\ªØ¡∆±√\Code\MasterMcu\build\IAR\Debug\Obj\string_data.o
#        D:\1-WORK\ªØ¡∆±√\Code\MasterMcu\build\IAR\Debug\Obj\sys_power.o
#        D:\1-WORK\ªØ¡∆±√\Code\MasterMcu\build\IAR\Debug\Obj\system_setting.o
#        D:\1-WORK\ªØ¡∆±√\Code\MasterMcu\build\IAR\Debug\Obj\system_stm32l1xx.o
#        D:\1-WORK\ªØ¡∆±√\Code\MasterMcu\build\IAR\Debug\Obj\test_app_sleep.o
#        D:\1-WORK\ªØ¡∆±√\Code\MasterMcu\build\IAR\Debug\Obj\test_data.o
#        D:\1-WORK\ªØ¡∆±√\Code\MasterMcu\build\IAR\Debug\Obj\test_drv_lowpower.o
#        D:\1-WORK\ªØ¡∆±√\Code\MasterMcu\build\IAR\Debug\Obj\test_drv_oled.o
#        D:\1-WORK\ªØ¡∆±√\Code\MasterMcu\build\IAR\Debug\Obj\test_drv_rtc.o
#        D:\1-WORK\ªØ¡∆±√\Code\MasterMcu\build\IAR\Debug\Obj\test_drv_sst25_flash.o
#        D:\1-WORK\ªØ¡∆±√\Code\MasterMcu\build\IAR\Debug\Obj\test_hardware_ljl.o
#        D:\1-WORK\ªØ¡∆±√\Code\MasterMcu\build\IAR\Debug\Obj\test_record_log.o
#        D:\1-WORK\ªØ¡∆±√\Code\MasterMcu\build\IAR\Debug\Obj\test_ssz_algorithm.o
#        D:\1-WORK\ªØ¡∆±√\Code\MasterMcu\build\IAR\Debug\Obj\test_ssz_str_utility.o
#        D:\1-WORK\ªØ¡∆±√\Code\MasterMcu\build\IAR\Debug\Obj\test_ssz_time.o
#        D:\1-WORK\ªØ¡∆±√\Code\MasterMcu\build\IAR\Debug\Obj\test_ssz_time_utility.o
#        D:\1-WORK\ªØ¡∆±√\Code\MasterMcu\build\IAR\Debug\Obj\test_ui.o
#        D:\1-WORK\ªØ¡∆±√\Code\MasterMcu\build\IAR\Debug\Obj\test_ui_view.o
#        D:\1-WORK\ªØ¡∆±√\Code\MasterMcu\build\IAR\Debug\Obj\three_valve_motor.o
#        D:\1-WORK\ªØ¡∆±√\Code\MasterMcu\build\IAR\Debug\Obj\tim.o
#        D:\1-WORK\ªØ¡∆±√\Code\MasterMcu\build\IAR\Debug\Obj\time_select.o
#        D:\1-WORK\ªØ¡∆±√\Code\MasterMcu\build\IAR\Debug\Obj\time_unselect.o
#        D:\1-WORK\ªØ¡∆±√\Code\MasterMcu\build\IAR\Debug\Obj\timer.o
#        D:\1-WORK\ªØ¡∆±√\Code\MasterMcu\build\IAR\Debug\Obj\ui_common.o
#        D:\1-WORK\ªØ¡∆±√\Code\MasterMcu\build\IAR\Debug\Obj\ui_disp_text.o
#        D:\1-WORK\ªØ¡∆±√\Code\MasterMcu\build\IAR\Debug\Obj\ui_draw.o
#        D:\1-WORK\ªØ¡∆±√\Code\MasterMcu\build\IAR\Debug\Obj\ui_draw_base.o
#        D:\1-WORK\ªØ¡∆±√\Code\MasterMcu\build\IAR\Debug\Obj\ui_draw_img.o
#        D:\1-WORK\ªØ¡∆±√\Code\MasterMcu\build\IAR\Debug\Obj\ui_dynamic_list.o
#        D:\1-WORK\ªØ¡∆±√\Code\MasterMcu\build\IAR\Debug\Obj\ui_image.o
#        D:\1-WORK\ªØ¡∆±√\Code\MasterMcu\build\IAR\Debug\Obj\ui_image_list.o
#        D:\1-WORK\ªØ¡∆±√\Code\MasterMcu\build\IAR\Debug\Obj\ui_lable.o
#        D:\1-WORK\ªØ¡∆±√\Code\MasterMcu\build\IAR\Debug\Obj\ui_list_base.o
#        D:\1-WORK\ªØ¡∆±√\Code\MasterMcu\build\IAR\Debug\Obj\ui_list_pos_indicator.o
#        D:\1-WORK\ªØ¡∆±√\Code\MasterMcu\build\IAR\Debug\Obj\ui_normal_list_base.o
#        D:\1-WORK\ªØ¡∆±√\Code\MasterMcu\build\IAR\Debug\Obj\ui_number_edit.o
#        D:\1-WORK\ªØ¡∆±√\Code\MasterMcu\build\IAR\Debug\Obj\ui_page_control.o
#        D:\1-WORK\ªØ¡∆±√\Code\MasterMcu\build\IAR\Debug\Obj\ui_progress_bar.o
#        D:\1-WORK\ªØ¡∆±√\Code\MasterMcu\build\IAR\Debug\Obj\ui_statusbar.o
#        D:\1-WORK\ªØ¡∆±√\Code\MasterMcu\build\IAR\Debug\Obj\ui_text_base.o
#        D:\1-WORK\ªØ¡∆±√\Code\MasterMcu\build\IAR\Debug\Obj\ui_text_list.o
#        D:\1-WORK\ªØ¡∆±√\Code\MasterMcu\build\IAR\Debug\Obj\ui_utility.o
#        D:\1-WORK\ªØ¡∆±√\Code\MasterMcu\build\IAR\Debug\Obj\ui_view.o
#        D:\1-WORK\ªØ¡∆±√\Code\MasterMcu\build\IAR\Debug\Obj\ui_window.o
#        D:\1-WORK\ªØ¡∆±√\Code\MasterMcu\build\IAR\Debug\Obj\unselected_pointer.o
#        D:\1-WORK\ªØ¡∆±√\Code\MasterMcu\build\IAR\Debug\Obj\usart.o
#        D:\1-WORK\ªØ¡∆±√\Code\MasterMcu\build\IAR\Debug\Obj\version.o
#        D:\1-WORK\ªØ¡∆±√\Code\MasterMcu\build\IAR\Debug\Obj\vibrater_motor.o
#        D:\1-WORK\ªØ¡∆±√\Code\MasterMcu\build\IAR\Debug\Obj\voice.o
#        D:\1-WORK\ªØ¡∆±√\Code\MasterMcu\build\IAR\Debug\Obj\warning.o
#        D:\1-WORK\ªØ¡∆±√\Code\MasterMcu\build\IAR\Debug\Obj\warning_common.o
#        D:\1-WORK\ªØ¡∆±√\Code\MasterMcu\build\IAR\Debug\Obj\write.o
#        --no_out_extension -o
#        D:\1-WORK\ªØ¡∆±√\Code\MasterMcu\build\IAR\Debug\Exe\Chemo-PumpV1_0_master.out
#        --map
#        D:\1-WORK\ªØ¡∆±√\Code\MasterMcu\build\IAR\Debug\List\Chemo-PumpV1_0_master.map
#        --config
#        D:\1-WORK\ªØ¡∆±√\Code\MasterMcu\build\IAR\Chemo-PumpV1_0_master.icf
#        --semihosting --entry __iar_program_start --vfe --text_out locale)
#
###############################################################################

*******************************************************************************
*** RUNTIME MODEL ATTRIBUTES
***

CppFlavor        = *
__CPP_Exceptions = Disabled
__CPP_Language   = C++14
__Heap_Handler   = DLMalloc
__SystemLibrary  = DLib
__dlib_version   = 6


*******************************************************************************
*** HEAP SELECTION
***

The advanced heap was selected because the application calls memory
allocation functions outside of system library functions, and there
are calls to deallocation functions in the application.


*******************************************************************************
*** PLACEMENT SUMMARY
***

"A0":  place at address 0x800'0000 { ro section .intvec };
"P1":  place in [from 0x800'0000 to 0x803'ffff] { ro };
define block CSTACK with size = 4K, alignment = 8 { };
define block HEAP with size = 1K, alignment = 8 { };
"P2":  place in [from 0x2000'0000 to 0x2000'7fff] {
          rw, block CSTACK, block HEAP };
initialize by copy { rw };

No sections matched the following patterns:

  section .eeprom  in "P3"


  Section            Kind         Address      Size  Object
  -------            ----         -------      ----  ------
"A0":                                         0x124
  .intvec            ro code   0x800'0000     0x124  startup_stm32l152xc.o [1]
                             - 0x800'0124     0x124

"P1":                                      0x3'533d
  .text              ro code   0x800'0124    0x22e4  app_cmd.o [1]
  .text              ro code   0x800'2408     0x14c  com.o [1]
  .text              ro code   0x800'2554     0x212  ssz_file.o [1]
  .text              ro code   0x800'2766      0x3a  zero_init3.o [5]
  .text              ro code   0x800'27a0      0x18  strcpy.o [5]
  .text              ro code   0x800'27b8      0x28  printf.o [2]
  .text              ro code   0x800'27e0      0x20  putchar.o [2]
  .text              ro code   0x800'2800      0x36  strlen.o [5]
  .text              ro code   0x800'2836      0x1a  xsnprout.o [2]
  .text              ro code   0x800'2850      0x12  strcmp.o [5]
  .text              ro code   0x800'2862       0xa  xsprout.o [2]
  .text              ro code   0x800'286c     0x150  iar_Stoulx.o [2]
  .text              ro code   0x800'29bc     0x22c  timer.o [1]
  .text              ro code   0x800'2be8      0x94  stop_watch.o [1]
  .text              ro code   0x800'2c7c      0x28  common.o [1]
  .text              ro code   0x800'2ca4      0x9c  ssz_config.o [1]
  .text              ro code   0x800'2d40     0x458  app_mcu_comm.o [1]
  .text              ro code   0x800'3198      0x34  version.o [1]
  .text              ro code   0x800'31cc     0x104  ssz_tick_time.o [1]
  .text              ro code   0x800'32d0     0x3dc  ssz_time_utility.o [1]
  .text              ro code   0x800'36ac     0x188  cpu_usage.o [1]
  .text              ro code   0x800'3834      0xa4  ssz_time.o [1]
  .text              ro code   0x800'38d8     0x1e0  mid_rtc.o [1]
  .text              ro code   0x800'3ab8     0x56c  drv_rtc.o [1]
  .text              ro code   0x800'4024     0x5d4  stm32l1xx_hal_gpio.o [1]
  .text              ro code   0x800'45f8     0x284  drv_stf_motor.o [1]
  .text              ro code   0x800'487c      0x58  drv_key.o [1]
  .text              ro code   0x800'48d4     0x228  ssz_stm32_hal_bsp.o [1]
  .text              ro code   0x800'4afc      0x98  pill_box_install_detect.o [1]
  .text              ro code   0x800'4b94      0x5a  pressure_bubble_sensor.o [1]
  .rodata            const     0x800'4bee       0x2  scr_factory_mode.o [1]
  .text              ro code   0x800'4bf0     0x15c  sys_power.o [1]
  .text              ro code   0x800'4d4c     0x16c  mid_adc.o [1]
  .text              ro code   0x800'4eb8     0xa70  data.o [1]
  .text              ro code   0x800'5928      0x70  mid_common.o [1]
  .text              ro code   0x800'5998      0x66  ABImemset.o [5]
  .rodata            const     0x800'59fe       0x2  scr_sleep.o [1]
  .text              ro code   0x800'5a00      0x22  S32ToDbl.o [4]
  .text              ro code   0x800'5a22       0x2  ui_page_control.o [1]
  .text              ro code   0x800'5a24     0x246  DblDiv.o [4]
  .rodata            const     0x800'5c6a       0x1  app_cmd.o [1]
  .rodata            const     0x800'5c6b       0x1  app_cmd.o [1]
  .text              ro code   0x800'5c6c      0x3a  DblToS32.o [4]
  .rodata            const     0x800'5ca6       0x1  drv_isd2360.o [1]
  .rodata            const     0x800'5ca7       0x1  string_data.o [1]
  .text              ro code   0x800'5ca8     0x350  param.o [1]
  .text              ro code   0x800'5ff8     0x58c  record_log.o [1]
  .text              ro code   0x800'6584     0x1d0  record_log_text.o [1]
  .text              ro code   0x800'6754     0x2b2  ssz_str_utility.o [1]
  .rodata            const     0x800'6a06       0x1  unselected_pointer.o [1]
  .rodata            const     0x800'6a07       0x1  unwind_debug.o [6]
  .text              ro code   0x800'6a08     0x7dc  drv_sst25_flash.o [1]
  .text              ro code   0x800'71e4     0x55c  ssz_nvram.o [1]
  .text              ro code   0x800'7740     0x63c  ui_draw.o [1]
  .text              ro code   0x800'7d7c     0x2ac  display.o [1]
  .text              ro code   0x800'8028     0x12c  ssz_common.o [1]
  .text              ro code   0x800'8154    0x15b2  app_delivery.o [1]
  .text              ro code   0x800'9708     0x6ea  infusion_motor.o [1]
  .text              ro code   0x800'9df4     0x80c  three_valve_motor.o [1]
  .text              ro code   0x800'a600     0x3d8  drv_isd2360.o [1]
  .text              ro code   0x800'a9d8     0x588  drv_oled.o [1]
  .text              ro code   0x800'af60     0x54c  app_main_menu.o [1]
  .text              ro code   0x800'b4ac     0x134  drv_infusion_motor.o [1]
  .text              ro code   0x800'b5e0      0x4c  vibrater_motor.o [1]
  .text              ro code   0x800'b62c      0xa6  ABImemcpy.o [5]
  .text              ro code   0x800'b6d4     0x4ac  app_common.o [1]
  .text              ro code   0x800'bb80     0x138  do_before_main_loop.o [1]
  .text              ro code   0x800'bcb8     0x144  app_mcu_monitor.o [1]
  .text              ro code   0x800'bdfc     0x6ac  drv_lowpower.o [1]
  .text              ro code   0x800'c4a8     0x10c  scr_sleep.o [1]
  .text              ro code   0x800'c5b4     0x7f4  screen.o [1]
  .text              ro code   0x800'cda8     0x3b4  tim.o [1]
  .text              ro code   0x800'd15c    0x119c  stm32l1xx_hal_tim.o [1]
  .text              ro code   0x800'e2f8     0x488  alarm.o [1]
  .text              ro code   0x800'e780     0x294  app_system_monitor.o [1]
  .text              ro code   0x800'ea14      0x16  strchr.o [5]
  .text              ro code   0x800'ea2c      0x35  puts.o [2]
  .text              ro code   0x800'ea62      0x28  strncmp.o [2]
  .text              ro code   0x800'ea8c     0xfaa  xprintffull_nomb.o [2]
  .text              ro code   0x800'fa38      0x5c  write.o [1]
  .text              ro code   0x800'fa94      0x58  memchr.o [5]
  .text              ro code   0x800'faec     0x174  ssz_stop_watch.o [1]
  .text              ro code   0x800'fc60      0x24  ABIassert.o [6]
  .text              ro code   0x800'fc84      0x68  memcmp.o [5]
  .text              ro code   0x800'fcec      0x44  snprintf.o [2]
  .text              ro code   0x800'fd30      0xa0  ssz_precision_tick_time.o [1]
  .text              ro code   0x800'fdd0      0x1a  U32ToDbl.o [4]
  .text              ro code   0x800'fdec     0x17a  DblAdd.o [4]
  .text              ro code   0x800'ff68     0x14c  msg.o [1]
  .text              ro code   0x801'00b4     0x468  ssz_sim_i2c.o [1]
  .text              ro code   0x801'051c      0x80  ssz_utility.o [1]
  .text              ro code   0x801'059c      0xf0  main.o [1]
  .text              ro code   0x801'068c     0x22c  drv_interrupt.o [1]
  .text              ro code   0x801'08b8      0x28  ssz_gpio.o [1]
  .text              ro code   0x801'08e0     0x8ac  stm32l1xx_hal_spi.o [1]
  .text              ro code   0x801'118c     0x93c  stm32l1xx_hal_uart.o [1]
  .text              ro code   0x801'1ac8     0xb38  stm32l1xx_hal_adc.o [1]
  .text              ro code   0x801'2600     0x4ea  ssz_block_file.o [1]
  .text              ro code   0x801'2aec     0x8a0  ssz_record.o [1]
  .text              ro code   0x801'338c     0x1a2  DblMul.o [4]
  .text              ro code   0x801'3530      0x68  DblToFlt.o [4]
  .text              ro code   0x801'3598     0x12c  string_data.o [1]
  .text              ro code   0x801'36c4       0xa  isdigit.o [2]
  .text              ro code   0x801'36d0      0xb0  ssz_spi.o [1]
  .text              ro code   0x801'3780      0x3c  ssz_algorithm.o [1]
  .text              ro code   0x801'37bc     0x1fe  ui_utility.o [1]
  .text              ro code   0x801'39bc      0x28  ssz_ui_config.o [1]
  .text              ro code   0x801'39e4      0xfc  event.o [1]
  .text              ro code   0x801'3ae0      0x2a  FltToS32.o [4]
  .text              ro code   0x801'3b0c      0x24  S32ToFlt.o [4]
  .text              ro code   0x801'3b30      0x80  FltSub.o [4]
  .text              ro code   0x801'3bb0      0xe2  FltAdd.o [4]
  .text              ro code   0x801'3c94      0x24  FltCmpGe.o [4]
  .text              ro code   0x801'3cb8      0x48  FltToDbl.o [4]
  .text              ro code   0x801'3d00     0x224  spi.o [1]
  .text              ro code   0x801'3f24     0x1e8  scr_clean_tube.o [1]
  .text              ro code   0x801'410c     0x2bc  app_alternative_popup.o [1]
  .text              ro code   0x801'43c8     0x368  app_scr_manual_clear_air.o [1]
  .text              ro code   0x801'4730     0x1cc  app_scr_set_total_dose.o [1]
  .text              ro code   0x801'48fc     0x34e  app_popup.o [1]
  .text              ro code   0x801'4c4c     0xc92  ui_view.o [1]
  .text              ro code   0x801'58e0     0x546  ui_list_base.o [1]
  .text              ro code   0x801'5e28     0x3f0  scr_password_popup.o [1]
  .text              ro code   0x801'6218     0x408  app_set_menu.o [1]
  .text              ro code   0x801'6620     0x21c  app_history_log.o [1]
  .text              ro code   0x801'683c     0x15e  ui_text_list.o [1]
  .text              ro code   0x801'699c      0x1c  image_data.o [1]
  .text              ro code   0x801'69b8     0x154  ui_image_list.o [1]
  .text              ro code   0x801'6b0c     0x1b0  ui_page_control.o [1]
  .text              ro code   0x801'6cbc     0x840  key.o [1]
  .text              ro code   0x801'74fc       0x4  ui_view.o [1]
  .text              ro code   0x801'7500     0x3ec  scr_factory_mode.o [1]
  .text              ro code   0x801'78ec     0x30c  ui_common.o [1]
  .text              ro code   0x801'7bf8     0x484  ui_statusbar.o [1]
  .text              ro code   0x801'807c     0x346  alarm_play.o [1]
  .text              ro code   0x801'83c4      0xe2  DblSub.o [4]
  .text              ro code   0x801'84a8      0x44  dtimer.o [1]
  .text              ro code   0x801'84ec     0x1b2  app_startup_and_post.o [1]
  .text              ro code   0x801'86a0     0x4ec  app_home.o [1]
  .text              ro code   0x801'8b8c     0x16c  app_check_last_infuse.o [1]
  .text              ro code   0x801'8cf8     0x204  stm32l1xx_hal_cortex.o [1]
  .text              ro code   0x801'8efc     0x1a2  voice.o [1]
  .text              ro code   0x801'90a0     0x124  adc.o [1]
  .text              ro code   0x801'91c4     0xf6c  stm32l1xx_hal_rcc.o [1]
  .text              ro code   0x801'a130     0x128  system_stm32l1xx.o [1]
  .text              ro code   0x801'a258      0x16  stm32l1xx_hal.o [1]
  .text              ro code   0x801'a270      0x80  stm32l1xx_hal_pwr.o [1]
  .text              ro code   0x801'a2f0      0x30  stm32l1xx_hal_pwr_ex.o [1]
  .text              ro code   0x801'a320      0x10  stm32l1xx_hal.o [1]
  .text              ro code   0x801'a330     0x298  gpio.o [1]
  .text              ro code   0x801'a5c8     0x228  usart.o [1]
  .text              ro code   0x801'a7f0     0x2c0  drv_com.o [1]
  .text              ro code   0x801'aab0     0x1a8  led.o [1]
  .text              ro code   0x801'ac58       0x2  dev_def.o [1]
  .text              ro code   0x801'ac5c     0x80c  ssz_list.o [1]
  .text              ro code   0x801'b468      0x6c  ui_window.o [1]
  .text              ro code   0x801'b4d4       0x4  heaptramp0.o [2]
  .text              ro code   0x801'b4d8    0x149c  dlmalloc.o [2]
  .text              ro code   0x801'c974     0x108  stm32l1xx_hal_tim_ex.o [1]
  .text              ro code   0x801'ca7c       0x2  stm32l1xx_hal_tim.o [1]
  .text              ro code   0x801'ca7e       0x2  stm32l1xx_hal_tim.o [1]
  .text              ro code   0x801'ca80       0x2  stm32l1xx_hal_tim.o [1]
  .text              ro code   0x801'ca82       0x2  stm32l1xx_hal_tim.o [1]
  .text              ro code   0x801'ca84      0x40  xfail_s.o [2]
  .text              ro code   0x801'cac4      0x70  frexp.o [4]
  .text              ro code   0x801'cb34      0x2e  DblCmpLe.o [4]
  .text              ro code   0x801'cb64      0x2e  DblCmpGe.o [4]
  .text              ro code   0x801'cb94     0x13a  ldexp.o [4]
  .text              ro code   0x801'ccd0      0x28  DblToU32.o [4]
  .text              ro code   0x801'ccf8     0x230  I64DivMod.o [5]
  .text              ro code   0x801'cf28       0x6  abort.o [2]
  .text              ro code   0x801'cf2e      0x38  ssz_queue.o [1]
  .text              ro code   0x801'cf68     0x764  ssz_deque.o [1]
  .text              ro code   0x801'd6cc      0xe0  main_run.o [1]
  .text              ro code   0x801'd7ac       0xc  stm32l1xx_hal.o [1]
  .text              ro code   0x801'd7b8       0x2  stm32l1xx_hal_uart.o [1]
  .text              ro code   0x801'd7ba       0x2  stm32l1xx_hal_uart.o [1]
  .text              ro code   0x801'd7bc      0x28  strncat.o [2]
  .text              ro code   0x801'd7e4     0x1d8  stm32l1xx_hal_spi_ex.o [1]
  .text              ro code   0x801'd9bc     0x1c4  ui_image.o [1]
  .text              ro code   0x801'db80     0x104  ui_progress_bar.o [1]
  .text              ro code   0x801'dc84      0xc0  scr_layout.o [1]
  .text              ro code   0x801'dd44      0xa6  font_data.o [1]
  .text              ro code   0x801'ddec     0x3bc  ui_disp_text.o [1]
  .text              ro code   0x801'e1a8      0xc8  simple_alloc.o [1]
  .text              ro code   0x801'e270      0x28  ui_draw_base.o [1]
  .text              ro code   0x801'e298      0xc6  ui_text_base.o [1]
  .text              ro code   0x801'e35e       0x4  scr_set_clean_tube_dose.o [1]
  .text              ro code   0x801'e364     0x264  scr_set_clean_tube_dose.o [1]
  .text              ro code   0x801'e5c8     0x2cc  ui_number_edit.o [1]
  .text              ro code   0x801'e894      0xae  ui_lable.o [1]
  .text              ro code   0x801'e942      0x10  ui_view.o [1]
  .text              ro code   0x801'e952      0x10  ui_view.o [1]
  .text              ro code   0x801'e962       0x4  ui_view.o [1]
  .text              ro code   0x801'e968     0x258  ssz_ui_view_config.o [1]
  .text              ro code   0x801'ebc0      0xd8  ssz_timer.o [1]
  .text              ro code   0x801'ec98      0x12  ui_view.o [1]
  .text              ro code   0x801'ecaa       0x4  ui_view.o [1]
  .text              ro code   0x801'ecae       0x4  ui_view.o [1]
  .text              ro code   0x801'ecb4     0x448  app_scr_set_time.o [1]
  .text              ro code   0x801'f0fc     0x1e8  app_scr_set_max_clean_tube_dose.o [1]
  .text              ro code   0x801'f2e4     0x162  ui_list_pos_indicator.o [1]
  .text              ro code   0x801'f446       0x8  ui_text_list.o [1]
  .text              ro code   0x801'f450     0x1d0  ssz_vector.o [1]
  .text              ro code   0x801'f620      0xe8  ui_draw_img.o [1]
  .text              ro code   0x801'f708     0x6d4  scr_new_pressure_calibration.o [1]
  .text              ro code   0x801'fddc     0x45c  scr_precision_calibration.o [1]
  .text              ro code   0x802'0238     0x1e8  scr_battery_calibration.o [1]
  .text              ro code   0x802'0420     0x344  app_scr_change_password.o [1]
  .text              ro code   0x802'0764     0x1f4  app_scr_change_oled_brightness.o [1]
  .text              ro code   0x802'0958     0x21c  app_operation_log.o [1]
  .text              ro code   0x802'0b74     0x1e8  scr_pressure_threshold.o [1]
  .text              ro code   0x802'0d5c     0x208  scr_precision_factor.o [1]
  .text              ro code   0x802'0f64      0x40  sprintf.o [2]
  .text              ro code   0x802'0fa4      0x28  stm32l1xx_hal.o [1]
  .text              ro code   0x802'0fcc      0xa0  stm32l1xx_hal_msp.o [1]
  .text              ro code   0x802'106c     0x108  ssz_safe_queue.o [1]
  .text              ro code   0x802'1174      0x2c  xgetmemchunk.o [2]
  .text              ro code   0x802'11a0       0x2  I64DivZer.o [5]
  .text              ro code   0x802'11a4      0x14  exit.o [6]
  .text              ro code   0x802'11b8     0x1f0  init.o [1]
  .text              ro code   0x802'13a8       0x2  run_test_after_main.o [1]
  .text              ro code   0x802'13ac     0x668  app_scr_set_infusion_duration.o [1]
  .text              ro code   0x802'1a14     0x4f8  app_scr_set_infusion_speed.o [1]
  .text              ro code   0x802'1f0c       0x4  ssz_ui_view_config.o [1]
  .text              ro code   0x802'1f10     0x648  app_scr_set_date.o [1]
  .text              ro code   0x802'2558      0x18  ui_text_list.o [1]
  .text              ro code   0x802'2570      0x44  simple_alloc_config.o [1]
  .text              ro code   0x802'25b4      0x1c  ssz_locale.o [1]
  .text              ro code   0x802'25d0      0x20  app_motor_monitor.o [1]
  .text              ro code   0x802'25f0     0x278  app_scr_event_handle.o [1]
  .text              ro code   0x802'2868     0x114  app_key_event_handle.o [1]
  .text              ro code   0x802'297c     0x280  app_alarm_event_handle.o [1]
  .text              ro code   0x802'2bfc     0x494  app_infusion_event_handle.o [1]
  .text              ro code   0x802'3090     0x4dc  app_msg_handle.o [1]
  .text              ro code   0x802'356c     0x9d4  app_infusion_monitor.o [1]
  .text              ro code   0x802'3f40     0x288  app_scr_set_peek_mode_duration.o [1]
  .text              ro code   0x802'41c8     0x7e8  app_scr_task_confirm.o [1]
  .text              ro code   0x802'49b0      0x24  FltCmpLe.o [4]
  .text              ro code   0x802'49d4      0xd8  FltMul.o [4]
  .text              ro code   0x802'4aac      0xfc  FltDiv.o [4]
  .text              ro code   0x802'4ba8     0x1b0  app_scr_set_year.o [1]
  .text              ro code   0x802'4d58     0x144  scr_unlock_tip.o [1]
  .text              ro code   0x802'4e9c     0x268  scr_tip_popup.o [1]
  .text              ro code   0x802'5104     0x3e0  app_scr_alarm.o [1]
  .text              ro code   0x802'54e4     0x1d8  app_sleep.o [1]
  .text              ro code   0x802'56bc     0x358  app_scr_set_peek_mode_speed.o [1]
  .rodata            const     0x802'5a14     0x8d8  dengxian_regular_14.o [1]
  .rodata            const     0x802'62ec     0x538  string_data.o [1]
  .rodata            const     0x802'6824     0x400  ssz_algorithm.o [1]
  .rodata            const     0x802'6c24     0x318  app_cmd.o [1]
  .rodata            const     0x802'6f3c     0x210  heiti_regular_88.o [1]
  .rodata            const     0x802'714c     0x210  heiti_regular_88.o [1]
  .rodata            const     0x802'735c     0x210  heiti_regular_88.o [1]
  .rodata            const     0x802'756c     0x210  heiti_regular_88.o [1]
  .rodata            const     0x802'777c     0x210  heiti_regular_88.o [1]
  .rodata            const     0x802'798c     0x210  heiti_regular_88.o [1]
  .rodata            const     0x802'7b9c     0x210  heiti_regular_88.o [1]
  .rodata            const     0x802'7dac     0x210  heiti_regular_88.o [1]
  .rodata            const     0x802'7fbc     0x210  heiti_regular_88.o [1]
  .rodata            const     0x802'81cc     0x210  heiti_regular_88.o [1]
  .rodata            const     0x802'83dc     0x210  heiti_regular_88.o [1]
  .rodata            const     0x802'85ec     0x210  heiti_regular_88.o [1]
  .rodata            const     0x802'87fc     0x210  heiti_regular_88.o [1]
  .rodata            const     0x802'8a0c     0x204  image_data.o [1]
  .rodata            const     0x802'8c10     0x1e0  select_1.o [1]
  .rodata            const     0x802'8df0     0x1e0  select_2.o [1]
  .rodata            const     0x802'8fd0     0x1c4  app_cmd.o [1]
  .rodata            const     0x802'9194     0x1c0  app_cmd.o [1]
  .rodata            const     0x802'9354     0x1bc  logo.o [1]
  .rodata            const     0x802'9510     0x100  app_cmd.o [1]
  .rodata            const     0x802'9610      0xf0  heiti_regular_60.o [1]
  .rodata            const     0x802'9700      0xf0  heiti_regular_60.o [1]
  .rodata            const     0x802'97f0      0xf0  heiti_regular_60.o [1]
  .rodata            const     0x802'98e0      0xf0  heiti_regular_60.o [1]
  .rodata            const     0x802'99d0      0xf0  heiti_regular_60.o [1]
  .rodata            const     0x802'9ac0      0xf0  heiti_regular_60.o [1]
  .rodata            const     0x802'9bb0      0xf0  heiti_regular_60.o [1]
  .rodata            const     0x802'9ca0      0xf0  heiti_regular_60.o [1]
  .rodata            const     0x802'9d90      0xf0  heiti_regular_60.o [1]
  .rodata            const     0x802'9e80      0xf0  heiti_regular_60.o [1]
  .rodata            const     0x802'9f70      0xf0  heiti_regular_60.o [1]
  .rodata            const     0x802'a060      0xf0  heiti_regular_60.o [1]
  .rodata            const     0x802'a150      0xf0  heiti_regular_60.o [1]
  .rodata            const     0x802'a240      0xf0  heiti_regular_60.o [1]
  .rodata            const     0x802'a330      0xc8  flush_max_dose_selected.o [1]
  .rodata            const     0x802'a3f8      0xc8  flush_max_dose_unselected.o [1]
  .rodata            const     0x802'a4c0      0xc8  info_select.o [1]
  .rodata            const     0x802'a588      0xc8  info_unselect.o [1]
  .rodata            const     0x802'a650      0xc8  mode_selected.o [1]
  .rodata            const     0x802'a718      0xc8  mode_unselected.o [1]
  .rodata            const     0x802'a7e0      0xc8  peak_set_select.o [1]
  .rodata            const     0x802'a8a8      0xc8  peak_set_unselect.o [1]
  .rodata            const     0x802'a970      0xc8  time_select.o [1]
  .rodata            const     0x802'aa38      0xc8  time_unselect.o [1]
  .rodata            const     0x802'ab00      0xc0  app_home.o [1]
  .text              ro code   0x802'abc0      0xc0  stm32l1xx_it.o [1]
  .text              ro code   0x802'ac80      0x10  stm32l1xx_hal.o [1]
  .rodata            const     0x802'ac90      0xb8  data.o [1]
  .rodata            const     0x802'ad48      0xb8  exhaust.o [1]
  .rodata            const     0x802'ae00      0xb8  history_log.o [1]
  .rodata            const     0x802'aeb8      0xb8  new_task.o [1]
  .rodata            const     0x802'af70      0xb8  stop_infusion.o [1]
  .rodata            const     0x802'b028      0xb8  system_setting.o [1]
  .rodata            const     0x802'b0e0      0xb4  app_scr_set_peek_mode_duration.o [1]
  .rodata            const     0x802'b194      0xb4  error.o [1]
  .rodata            const     0x802'b248      0xb4  warning.o [1]
  .rodata            const     0x802'b2fc      0xb4  warning_common.o [1]
  .rodata            const     0x802'b3b0      0xac  scr_new_pressure_calibration.o [1]
  .rodata            const     0x802'b45c      0xa4  app_cmd.o [1]
  .rodata            const     0x802'b500      0xa4  ssz_record.o [1]
  .rodata            const     0x802'b5a4      0xa0  ssz_ui_view_config.o [1]
  .rodata            const     0x802'b644      0x98  app_cmd.o [1]
  .rodata            const     0x802'b6dc      0x98  drv_sst25_flash.o [1]
  .text              ro code   0x802'b774      0x98  ui_normal_list_base.o [1]
  .rodata            const     0x802'b80c      0x88  app_scr_set_infusion_duration.o [1]
  .rodata            const     0x802'b894      0x88  app_scr_set_infusion_speed.o [1]
  .rodata            const     0x802'b91c      0x88  app_scr_set_peek_mode_speed.o [1]
  .rodata            const     0x802'b9a4      0x84  app_cmd.o [1]
  .rodata            const     0x802'ba28      0x80  data.o [1]
  .rodata            const     0x802'baa8      0x80  ssz_nvram.o [1]
  .rodata            const     0x802'bb28      0x78  ssz_record.o [1]
  .text              ro code   0x802'bba0      0x78  lz77_init_single.o [5]
  .rodata            const     0x802'bc18      0x74  scr_battery_calibration.o [1]
  .rodata            const     0x802'bc8c      0x74  scr_precision_calibration.o [1]
  .rodata            const     0x802'bd00      0x70  heiti_regular_60.o [1]
  .rodata            const     0x802'bd70      0x6c  stm32l1xx_hal_cortex.o [1]
  .rodata            const     0x802'bddc      0x6c  stm32l1xx_hal_gpio.o [1]
  .rodata            const     0x802'be48      0x6c  stm32l1xx_hal_spi_ex.o [1]
  .rodata            const     0x802'beb4      0x6c  stm32l1xx_hal_tim_ex.o [1]
  .rodata            const     0x802'bf20      0x6c  stm32l1xx_hal_uart.o [1]
  .rodata            const     0x802'bf8c      0x68  app_cmd.o [1]
  .rodata            const     0x802'bff4      0x68  app_scr_task_confirm.o [1]
  .rodata            const     0x802'c05c      0x68  heiti_regular_88.o [1]
  .rodata            const     0x802'c0c4      0x68  stm32l1xx_hal_adc.o [1]
  .rodata            const     0x802'c12c      0x68  stm32l1xx_hal_pwr.o [1]
  .rodata            const     0x802'c194      0x68  stm32l1xx_hal_rcc.o [1]
  .rodata            const     0x802'c1fc      0x68  stm32l1xx_hal_spi.o [1]
  .rodata            const     0x802'c264      0x68  stm32l1xx_hal_tim.o [1]
  .rodata            const     0x802'c2cc      0x64  app_cmd.o [1]
  .rodata            const     0x802'c330      0x64  key.o [1]
  .rodata            const     0x802'c394      0x60  app_delivery.o [1]
  .rodata            const     0x802'c3f4      0x60  app_scr_alarm.o [1]
  .rodata            const     0x802'c454      0x5c  ui_normal_list_base.o [1]
  .rodata            const     0x802'c4b0      0x58  app_cmd.o [1]
  .rodata            const     0x802'c508      0x58  app_cmd.o [1]
  .rodata            const     0x802'c560      0x58  app_delivery.o [1]
  .rodata            const     0x802'c5b8      0x58  app_main_menu.o [1]
  .rodata            const     0x802'c610      0x58  app_scr_manual_clear_air.o [1]
  .rodata            const     0x802'c668      0x58  drv_sst25_flash.o [1]
  .rodata            const     0x802'c6c0      0x58  scr_new_pressure_calibration.o [1]
  .rodata            const     0x802'c718      0x58  ssz_stm32_hal_bsp.o [1]
  .rodata            const     0x802'c770      0x54  app_cmd.o [1]
  .rodata            const     0x802'c7c4      0x54  app_scr_set_total_dose.o [1]
  .rodata            const     0x802'c818      0x54  data.o [1]
  .rodata            const     0x802'c86c      0x54  drv_sst25_flash.o [1]
  .rodata            const     0x802'c8c0      0x54  drv_sst25_flash.o [1]
  .rodata            const     0x802'c914      0x54  ui_image_list.o [1]
  .rodata            const     0x802'c968      0x54  ui_list_base.o [1]
  .rodata            const     0x802'c9bc      0x54  ui_text_list.o [1]
  .rodata            const     0x802'ca10      0x50  app_alternative_popup.o [1]
  .rodata            const     0x802'ca60      0x50  app_cmd.o [1]
  .rodata            const     0x802'cab0      0x50  app_delivery.o [1]
  .rodata            const     0x802'cb00      0x50  app_scr_set_date.o [1]
  .rodata            const     0x802'cb50      0x50  app_scr_set_time.o [1]
  .rodata            const     0x802'cba0      0x50  record_log.o [1]
  .rodata            const     0x802'cbf0      0x50  scr_password_popup.o [1]
  .rodata            const     0x802'cc40      0x50  ssz_block_file.o [1]
  .rodata            const     0x802'cc90      0x50  ssz_block_file.o [1]
  .rodata            const     0x802'cce0      0x50  ssz_safe_queue.o [1]
  .rodata            const     0x802'cd30      0x50  ssz_str_utility.o [1]
  .rodata            const     0x802'cd80      0x50  ssz_time_utility.o [1]
  .rodata            const     0x802'cdd0      0x50  iar_Stoulx.o [2]
  .rodata            const     0x802'ce20      0x4c  app_cmd.o [1]
  .rodata            const     0x802'ce6c      0x4c  app_cmd.o [1]
  .rodata            const     0x802'ceb8      0x4c  app_cmd.o [1]
  .rodata            const     0x802'cf04      0x4c  app_cmd.o [1]
  .rodata            const     0x802'cf50      0x4c  font_data.o [1]
  .rodata            const     0x802'cf9c      0x4c  record_log.o [1]
  .rodata            const     0x802'cfe8      0x4c  scr_factory_mode.o [1]
  .rodata            const     0x802'd034      0x4c  ssz_common.o [1]
  .rodata            const     0x802'd080      0x4c  ssz_record.o [1]
  .rodata            const     0x802'd0cc      0x4c  ssz_sim_i2c.o [1]
  .rodata            const     0x802'd118      0x4c  ssz_vector.o [1]
  .rodata            const     0x802'd164      0x4c  string_data.o [1]
  .rodata            const     0x802'd1b0      0x4c  three_valve_motor.o [1]
  .rodata            const     0x802'd1fc      0x4c  ui_statusbar.o [1]
  .rodata            const     0x802'd248      0x48  app_cmd.o [1]
  .rodata            const     0x802'd290      0x48  app_delivery.o [1]
  .rodata            const     0x802'd2d8      0x48  app_infusion_monitor.o [1]
  .rodata            const     0x802'd320      0x48  app_popup.o [1]
  .rodata            const     0x802'd368      0x48  app_scr_alarm.o [1]
  .rodata            const     0x802'd3b0      0x48  app_scr_change_password.o [1]
  .rodata            const     0x802'd3f8      0x48  infusion_motor.o [1]
  .rodata            const     0x802'd440      0x48  record_log_text.o [1]
  .rodata            const     0x802'd488      0x48  scr_password_popup.o [1]
  .rodata            const     0x802'd4d0      0x48  scr_tip_popup.o [1]
  .rodata            const     0x802'd518      0x48  ssz_deque.o [1]
  .rodata            const     0x802'd560      0x48  ssz_file.o [1]
  .rodata            const     0x802'd5a8      0x48  ssz_list.o [1]
  .rodata            const     0x802'd5f0      0x48  ssz_nvram.o [1]
  .rodata            const     0x802'd638      0x48  ssz_timer.o [1]
  .rodata            const     0x802'd680      0x48  string_data.o [1]
  .rodata            const     0x802'd6c8      0x48  ui_view.o [1]
  .rodata            const     0x802'd710      0x44  alarm_play.o [1]
  .rodata            const     0x802'd754      0x44  app_cmd.o [1]
  .rodata            const     0x802'd798      0x44  app_popup.o [1]
  .rodata            const     0x802'd7dc      0x44  data.o [1]
  .rodata            const     0x802'd820      0x44  drv_sst25_flash.o [1]
  .rodata            const     0x802'd864      0x44  event.o [1]
  .rodata            const     0x802'd8a8      0x44  msg.o [1]
  .rodata            const     0x802'd8ec      0x44  record_log.o [1]
  .rodata            const     0x802'd930      0x44  scr_new_pressure_calibration.o [1]
  .rodata            const     0x802'd974      0x44  simple_alloc.o [1]
  .rodata            const     0x802'd9b8      0x44  ssz_common.o [1]
  .rodata            const     0x802'd9fc      0x44  ssz_time_utility.o [1]
  .rodata            const     0x802'da40      0x44  ssz_ui_view_config.o [1]
  .rodata            const     0x802'da84      0x44  string_data.o [1]
  .rodata            const     0x802'dac8      0x44  string_data.o [1]
  .rodata            const     0x802'db0c      0x44  string_data.o [1]
  .rodata            const     0x802'db50      0x44  timer.o [1]
  .rodata            const     0x802'db94      0x44  ui_common.o [1]
  .rodata            const     0x802'dbd8      0x44  ui_disp_text.o [1]
  .rodata            const     0x802'dc1c      0x44  ui_draw_img.o [1]
  .rodata            const     0x802'dc60      0x40  adc.o [1]
  .rodata            const     0x802'dca0      0x40  app_cmd.o [1]
  .rodata            const     0x802'dce0      0x40  app_cmd.o [1]
  .rodata            const     0x802'dd20      0x40  app_cmd.o [1]
  .rodata            const     0x802'dd60      0x40  app_delivery.o [1]
  .rodata            const     0x802'dda0      0x40  app_delivery.o [1]
  .rodata            const     0x802'dde0      0x40  app_delivery.o [1]
  .rodata            const     0x802'de20      0x40  drv_lowpower.o [1]
  .rodata            const     0x802'de60      0x40  drv_sst25_flash.o [1]
  .rodata            const     0x802'dea0      0x40  main.o [1]
  .rodata            const     0x802'dee0      0x40  mid_adc.o [1]
  .rodata            const     0x802'df20      0x40  param.o [1]
  .rodata            const     0x802'df60      0x40  param.o [1]
  .rodata            const     0x802'dfa0      0x40  screen.o [1]
  .rodata            const     0x802'dfe0      0x40  spi.o [1]
  .rodata            const     0x802'e020      0x40  ssz_record.o [1]
  .rodata            const     0x802'e060      0x40  string_data.o [1]
  .rodata            const     0x802'e0a0      0x40  tim.o [1]
  .rodata            const     0x802'e0e0      0x40  ui_draw.o [1]
  .rodata            const     0x802'e120      0x40  usart.o [1]
  .rodata            const     0x802'e160      0x40  voice.o [1]
  .rodata            const     0x802'e1a0      0x3c  app_alternative_popup.o [1]
  .rodata            const     0x802'e1dc      0x3c  app_cmd.o [1]
  .rodata            const     0x802'e218      0x3c  app_cmd.o [1]
  .rodata            const     0x802'e254      0x3c  app_cmd.o [1]
  .rodata            const     0x802'e290      0x3c  app_cmd.o [1]
  .rodata            const     0x802'e2cc      0x3c  app_cmd.o [1]
  .rodata            const     0x802'e308      0x3c  app_cmd.o [1]
  .rodata            const     0x802'e344      0x3c  app_cmd.o [1]
  .rodata            const     0x802'e380      0x3c  app_cmd.o [1]
  .rodata            const     0x802'e3bc      0x3c  app_infusion_monitor.o [1]
  .rodata            const     0x802'e3f8      0x3c  app_sleep.o [1]
  .rodata            const     0x802'e434      0x3c  com.o [1]
  .rodata            const     0x802'e470      0x3c  data.o [1]
  .rodata            const     0x802'e4ac      0x3c  drv_com.o [1]
  .rodata            const     0x802'e4e8      0x3c  drv_rtc.o [1]
  .rodata            const     0x802'e524      0x3c  drv_sst25_flash.o [1]
  .rodata            const     0x802'e560      0x3c  key.o [1]
  .rodata            const     0x802'e59c      0x3c  led.o [1]
  .rodata            const     0x802'e5d8      0x3c  record_log.o [1]
  .rodata            const     0x802'e614      0x3c  ssz_config.o [1]
  .rodata            const     0x802'e650      0x3c  ssz_record.o [1]
  .rodata            const     0x802'e68c      0x3c  string_data.o [1]
  .rodata            const     0x802'e6c8      0x3c  string_data.o [1]
  .rodata            const     0x802'e704      0x3c  string_data.o [1]
  .rodata            const     0x802'e740      0x3c  three_valve_motor.o [1]
  .rodata            const     0x802'e77c      0x38  app_cmd.o [1]
  .rodata            const     0x802'e7b4      0x38  app_cmd.o [1]
  .rodata            const     0x802'e7ec      0x38  app_delivery.o [1]
  .rodata            const     0x802'e824      0x38  app_mcu_monitor.o [1]
  .rodata            const     0x802'e85c      0x38  param.o [1]
  .rodata            const     0x802'e894      0x38  ssz_record.o [1]
  .rodata            const     0x802'e8cc      0x38  ssz_record.o [1]
  .rodata            const     0x802'e904      0x38  ui_draw.o [1]
  .rodata            const     0x802'e93c      0x38  voice.o [1]
  .rodata            const     0x802'e974      0x34  app_cmd.o [1]
  .rodata            const     0x802'e9a8      0x34  app_cmd.o [1]
  .rodata            const     0x802'e9dc      0x34  app_cmd.o [1]
  .rodata            const     0x802'ea10      0x34  app_cmd.o [1]
  .rodata            const     0x802'ea44      0x34  app_cmd.o [1]
  .rodata            const     0x802'ea78      0x34  app_cmd.o [1]
  .rodata            const     0x802'eaac      0x34  app_cmd.o [1]
  .rodata            const     0x802'eae0      0x34  app_delivery.o [1]
  .rodata            const     0x802'eb14      0x34  app_msg_handle.o [1]
  .rodata            const     0x802'eb48      0x34  app_msg_handle.o [1]
  .rodata            const     0x802'eb7c      0x34  infusion_motor.o [1]
  .rodata            const     0x802'ebb0      0x34  infusion_motor.o [1]
  .rodata            const     0x802'ebe4      0x34  param.o [1]
  .rodata            const     0x802'ec18      0x34  param.o [1]
  .rodata            const     0x802'ec4c      0x34  param.o [1]
  .rodata            const     0x802'ec80      0x34  ssz_deque.o [1]
  .rodata            const     0x802'ecb4      0x34  ssz_list.o [1]
  .rodata            const     0x802'ece8      0x34  ssz_record.o [1]
  .rodata            const     0x802'ed1c      0x34  ssz_record.o [1]
  .rodata            const     0x802'ed50      0x34  string_data.o [1]
  .rodata            const     0x802'ed84      0x34  three_valve_motor.o [1]
  .rodata            const     0x802'edb8      0x34  ui_list_base.o [1]
  .rodata            const     0x802'edec      0x34  write.o [1]
  .rodata            const     0x802'ee20      0x30  app_cmd.o [1]
  .rodata            const     0x802'ee50      0x30  app_cmd.o [1]
  .rodata            const     0x802'ee80      0x30  app_cmd.o [1]
  .rodata            const     0x802'eeb0      0x30  app_cmd.o [1]
  .rodata            const     0x802'eee0      0x30  app_common.o [1]
  .rodata            const     0x802'ef10      0x30  app_infusion_monitor.o [1]
  .rodata            const     0x802'ef40      0x30  app_infusion_monitor.o [1]
  .rodata            const     0x802'ef70      0x30  battery_AC.o [1]
  .rodata            const     0x802'efa0      0x30  battery_empty.o [1]
  .rodata            const     0x802'efd0      0x30  battery_full.o [1]
  .rodata            const     0x802'f000      0x30  battery_no.o [1]
  .rodata            const     0x802'f030      0x30  battery_one.o [1]
  .rodata            const     0x802'f060      0x30  battery_three.o [1]
  .rodata            const     0x802'f090      0x30  battery_two.o [1]
  .rodata            const     0x802'f0c0      0x30  font_data.o [1]
  .rodata            const     0x802'f0f0      0x30  infusion_motor.o [1]
  .rodata            const     0x802'f120      0x30  param.o [1]
  .rodata            const     0x802'f150      0x30  param.o [1]
  .rodata            const     0x802'f180      0x30  record_log.o [1]
  .rodata            const     0x802'f1b0      0x30  scr_factory_mode.o [1]
  .rodata            const     0x802'f1e0      0x30  scr_factory_mode.o [1]
  .rodata            const     0x802'f210      0x30  simple_alloc_config.o [1]
  .rodata            const     0x802'f240      0x30  ssz_common.o [1]
  .rodata            const     0x802'f270      0x30  string_data.o [1]
  .rodata            const     0x802'f2a0      0x30  three_valve_motor.o [1]
  .rodata            const     0x802'f2d0      0x2c  app_cmd.o [1]
  .rodata            const     0x802'f2fc      0x2c  app_cmd.o [1]
  .rodata            const     0x802'f328      0x2c  app_cmd.o [1]
  .rodata            const     0x802'f354      0x2c  app_cmd.o [1]
  .rodata            const     0x802'f380      0x2c  app_cmd.o [1]
  .rodata            const     0x802'f3ac      0x2c  app_cmd.o [1]
  .rodata            const     0x802'f3d8      0x2c  app_cmd.o [1]
  .rodata            const     0x802'f404      0x2c  app_cmd.o [1]
  .rodata            const     0x802'f430      0x2c  app_cmd.o [1]
  .rodata            const     0x802'f45c      0x2c  app_cmd.o [1]
  .rodata            const     0x802'f488      0x2c  key.o [1]
  .rodata            const     0x802'f4b4      0x2c  param.o [1]
  .rodata            const     0x802'f4e0      0x2c  param.o [1]
  .rodata            const     0x802'f50c      0x2c  scr_new_pressure_calibration.o [1]
  .rodata            const     0x802'f538      0x2c  scr_tip_popup.o [1]
  .rodata            const     0x802'f564      0x2c  scr_unlock_tip.o [1]
  .rodata            const     0x802'f590      0x2c  screen.o [1]
  .rodata            const     0x802'f5bc      0x2c  ssz_deque.o [1]
  .rodata            const     0x802'f5e8      0x2c  ssz_file.o [1]
  .rodata            const     0x802'f614      0x2c  ssz_list.o [1]
  .rodata            const     0x802'f640      0x2c  ssz_ui_view_config.o [1]
  .rodata            const     0x802'f66c      0x2c  ssz_vector.o [1]
  .rodata            const     0x802'f698      0x2c  string_data.o [1]
  .rodata            const     0x802'f6c4      0x2c  string_data.o [1]
  .rodata            const     0x802'f6f0      0x2c  three_valve_motor.o [1]
  .rodata            const     0x802'f71c      0x2c  three_valve_motor.o [1]
  .rodata            const     0x802'f748      0x2c  ui_image_list.o [1]
  .rodata            const     0x802'f774      0x2c  ui_list_base.o [1]
  .rodata            const     0x802'f7a0      0x2c  ui_normal_list_base.o [1]
  .rodata            const     0x802'f7cc      0x2c  ui_page_control.o [1]
  .rodata            const     0x802'f7f8      0x2c  ui_text_list.o [1]
  .rodata            const     0x802'f824      0x28  app_cmd.o [1]
  .rodata            const     0x802'f84c      0x28  app_cmd.o [1]
  .rodata            const     0x802'f874      0x28  app_cmd.o [1]
  .rodata            const     0x802'f89c      0x28  app_cmd.o [1]
  .rodata            const     0x802'f8c4      0x28  app_cmd.o [1]
  .rodata            const     0x802'f8ec      0x28  app_cmd.o [1]
  .rodata            const     0x802'f914      0x28  app_cmd.o [1]
  .rodata            const     0x802'f93c      0x28  app_cmd.o [1]
  .rodata            const     0x802'f964      0x28  app_cmd.o [1]
  .rodata            const     0x802'f98c      0x28  app_cmd.o [1]
  .rodata            const     0x802'f9b4      0x28  app_cmd.o [1]
  .rodata            const     0x802'f9dc      0x28  app_cmd.o [1]
  .rodata            const     0x802'fa04      0x28  app_cmd.o [1]
  .rodata            const     0x802'fa2c      0x28  app_cmd.o [1]
  .rodata            const     0x802'fa54      0x28  app_cmd.o [1]
  .rodata            const     0x802'fa7c      0x28  app_cmd.o [1]
  .rodata            const     0x802'faa4      0x28  app_cmd.o [1]
  .rodata            const     0x802'facc      0x28  app_msg_handle.o [1]
  .rodata            const     0x802'faf4      0x28  drv_key.o [1]
  .rodata            const     0x802'fb1c      0x28  drv_sst25_flash.o [1]
  .rodata            const     0x802'fb44      0x28  infusion_motor.o [1]
  .rodata            const     0x802'fb6c      0x28  infusion_motor.o [1]
  .rodata            const     0x802'fb94      0x28  infusion_motor.o [1]
  .rodata            const     0x802'fbbc      0x28  key.o [1]
  .rodata            const     0x802'fbe4      0x28  param.o [1]
  .rodata            const     0x802'fc0c      0x28  param.o [1]
  .rodata            const     0x802'fc34      0x28  param.o [1]
  .rodata            const     0x802'fc5c      0x28  record_log.o [1]
  .rodata            const     0x802'fc84      0x28  simple_alloc.o [1]
  .rodata            const     0x802'fcac      0x28  ssz_common.o [1]
  .rodata            const     0x802'fcd4      0x28  ssz_file.o [1]
  .rodata            const     0x802'fcfc      0x28  ssz_file.o [1]
  .rodata            const     0x802'fd24      0x28  ssz_ui_view_config.o [1]
  .rodata            const     0x802'fd4c      0x28  ssz_ui_view_config.o [1]
  .rodata            const     0x802'fd74      0x28  string_data.o [1]
  .rodata            const     0x802'fd9c      0x28  string_data.o [1]
  .rodata            const     0x802'fdc4      0x28  ui_draw.o [1]
  .rodata            const     0x802'fdec      0x28  ui_view.o [1]
  .text              ro code   0x802'fe14      0x28  data_init.o [5]
  .rodata            const     0x802'fe3c      0x24  app_cmd.o [1]
  .rodata            const     0x802'fe60      0x24  app_cmd.o [1]
  .rodata            const     0x802'fe84      0x24  app_cmd.o [1]
  .rodata            const     0x802'fea8      0x24  app_cmd.o [1]
  .rodata            const     0x802'fecc      0x24  app_cmd.o [1]
  .rodata            const     0x802'fef0      0x24  app_cmd.o [1]
  .rodata            const     0x802'ff14      0x24  app_cmd.o [1]
  .rodata            const     0x802'ff38      0x24  app_cmd.o [1]
  .rodata            const     0x802'ff5c      0x24  app_cmd.o [1]
  .rodata            const     0x802'ff80      0x24  app_cmd.o [1]
  .rodata            const     0x802'ffa4      0x24  app_cmd.o [1]
  .rodata            const     0x802'ffc8      0x24  app_cmd.o [1]
  .rodata            const     0x802'ffec      0x24  app_cmd.o [1]
  .rodata            const     0x803'0010      0x24  app_cmd.o [1]
  .rodata            const     0x803'0034      0x24  app_cmd.o [1]
  .rodata            const     0x803'0058      0x24  app_cmd.o [1]
  .rodata            const     0x803'007c      0x24  app_cmd.o [1]
  .rodata            const     0x803'00a0      0x24  app_cmd.o [1]
  .rodata            const     0x803'00c4      0x24  app_cmd.o [1]
  .rodata            const     0x803'00e8      0x24  app_cmd.o [1]
  .rodata            const     0x803'010c      0x24  app_cmd.o [1]
  .rodata            const     0x803'0130      0x24  app_cmd.o [1]
  .rodata            const     0x803'0154      0x24  app_infusion_monitor.o [1]
  .rodata            const     0x803'0178      0x24  app_mcu_monitor.o [1]
  .rodata            const     0x803'019c      0x24  app_scr_set_max_clean_tube_dose.o [1]
  .rodata            const     0x803'01c0      0x24  app_sleep.o [1]
  .rodata            const     0x803'01e4      0x24  data.o [1]
  .rodata            const     0x803'0208      0x24  drv_com.o [1]
  .rodata            const     0x803'022c      0x24  drv_lowpower.o [1]
  .rodata            const     0x803'0250      0x24  drv_lowpower.o [1]
  .rodata            const     0x803'0274      0x24  drv_lowpower.o [1]
  .rodata            const     0x803'0298      0x24  drv_lowpower.o [1]
  .rodata            const     0x803'02bc      0x24  event.o [1]
  .rodata            const     0x803'02e0      0x24  infusion_motor.o [1]
  .rodata            const     0x803'0304      0x24  key.o [1]
  .rodata            const     0x803'0328      0x24  key.o [1]
  .rodata            const     0x803'034c      0x24  param.o [1]
  .rodata            const     0x803'0370      0x24  param.o [1]
  .rodata            const     0x803'0394      0x24  param.o [1]
  .rodata            const     0x803'03b8      0x24  param.o [1]
  .rodata            const     0x803'03dc      0x24  param.o [1]
  .rodata            const     0x803'0400      0x24  scr_layout.o [1]
  .rodata            const     0x803'0424      0x24  scr_set_clean_tube_dose.o [1]
  .rodata            const     0x803'0448      0x24  screen.o [1]
  .rodata            const     0x803'046c      0x24  ssz_deque.o [1]
  .rodata            const     0x803'0490      0x24  ssz_list.o [1]
  .rodata            const     0x803'04b4      0x24  ssz_ui_view_config.o [1]
  .rodata            const     0x803'04d8      0x24  ssz_ui_view_config.o [1]
  .rodata            const     0x803'04fc      0x24  ssz_ui_view_config.o [1]
  .rodata            const     0x803'0520      0x24  ssz_ui_view_config.o [1]
  .rodata            const     0x803'0544      0x24  string_data.o [1]
  .rodata            const     0x803'0568      0x24  three_valve_motor.o [1]
  .rodata            const     0x803'058c      0x24  ui_common.o [1]
  .rodata            const     0x803'05b0      0x24  ui_statusbar.o [1]
  .iar.init_table    const     0x803'05d4      0x20  - Linker created -
  .rodata            const     0x803'05f4      0x20  alarm_play.o [1]
  .rodata            const     0x803'0614      0x20  app_check_last_infuse.o [1]
  .rodata            const     0x803'0634      0x20  app_cmd.o [1]
  .rodata            const     0x803'0654      0x20  app_cmd.o [1]
  .rodata            const     0x803'0674      0x20  app_cmd.o [1]
  .rodata            const     0x803'0694      0x20  app_cmd.o [1]
  .rodata            const     0x803'06b4      0x20  app_cmd.o [1]
  .rodata            const     0x803'06d4      0x20  app_cmd.o [1]
  .rodata            const     0x803'06f4      0x20  app_cmd.o [1]
  .rodata            const     0x803'0714      0x20  app_cmd.o [1]
  .rodata            const     0x803'0734      0x20  app_cmd.o [1]
  .rodata            const     0x803'0754      0x20  app_cmd.o [1]
  .rodata            const     0x803'0774      0x20  app_cmd.o [1]
  .rodata            const     0x803'0794      0x20  app_cmd.o [1]
  .rodata            const     0x803'07b4      0x20  app_cmd.o [1]
  .rodata            const     0x803'07d4      0x20  app_cmd.o [1]
  .rodata            const     0x803'07f4      0x20  app_cmd.o [1]
  .rodata            const     0x803'0814      0x20  app_cmd.o [1]
  .rodata            const     0x803'0834      0x20  app_delivery.o [1]
  .rodata            const     0x803'0854      0x20  app_delivery.o [1]
  .rodata            const     0x803'0874      0x20  app_delivery.o [1]
  .rodata            const     0x803'0894      0x20  app_history_log.o [1]
  .rodata            const     0x803'08b4      0x20  app_infusion_monitor.o [1]
  .rodata            const     0x803'08d4      0x20  app_infusion_monitor.o [1]
  .rodata            const     0x803'08f4      0x20  app_mcu_comm.o [1]
  .rodata            const     0x803'0914      0x20  app_operation_log.o [1]
  .rodata            const     0x803'0934      0x20  app_scr_task_confirm.o [1]
  .rodata            const     0x803'0954      0x20  app_system_monitor.o [1]
  .rodata            const     0x803'0974      0x20  com.o [1]
  .rodata            const     0x803'0994      0x20  cpu_usage.o [1]
  .rodata            const     0x803'09b4      0x20  drv_isd2360.o [1]
  .rodata            const     0x803'09d4      0x20  drv_lowpower.o [1]
  .rodata            const     0x803'09f4      0x20  drv_lowpower.o [1]
  .rodata            const     0x803'0a14      0x20  drv_lowpower.o [1]
  .rodata            const     0x803'0a34      0x20  drv_lowpower.o [1]
  .rodata            const     0x803'0a54      0x20  drv_sst25_flash.o [1]
  .rodata            const     0x803'0a74      0x20  infusion_motor.o [1]
  .rodata            const     0x803'0a94      0x20  infusion_pause.o [1]
  .rodata            const     0x803'0ab4      0x20  infusion_run.o [1]
  .rodata            const     0x803'0ad4      0x20  infusion_stop.o [1]
  .rodata            const     0x803'0af4      0x20  mute.o [1]
  .rodata            const     0x803'0b14      0x20  param.o [1]
  .rodata            const     0x803'0b34      0x20  param.o [1]
  .rodata            const     0x803'0b54      0x20  param.o [1]
  .rodata            const     0x803'0b74      0x20  param.o [1]
  .rodata            const     0x803'0b94      0x20  param.o [1]
  .rodata            const     0x803'0bb4      0x20  param.o [1]
  .rodata            const     0x803'0bd4      0x20  record_log.o [1]
  .rodata            const     0x803'0bf4      0x20  record_log.o [1]
  .rodata            const     0x803'0c14      0x20  record_log.o [1]
  .rodata            const     0x803'0c34      0x20  scr_new_pressure_calibration.o [1]
  .rodata            const     0x803'0c54      0x20  scr_new_pressure_calibration.o [1]
  .rodata            const     0x803'0c74      0x20  screen.o [1]
  .rodata            const     0x803'0c94      0x20  screen.o [1]
  .rodata            const     0x803'0cb4      0x20  sound_pause.o [1]
  .rodata            const     0x803'0cd4      0x20  ssz_block_file.o [1]
  .rodata            const     0x803'0cf4      0x20  ssz_block_file.o [1]
  .rodata            const     0x803'0d14      0x20  ssz_record.o [1]
  .rodata            const     0x803'0d34      0x20  ssz_record.o [1]
  .rodata            const     0x803'0d54      0x20  ssz_ui_view_config.o [1]
  .rodata            const     0x803'0d74      0x20  ssz_ui_view_config.o [1]
  .rodata            const     0x803'0d94      0x20  ssz_ui_view_config.o [1]
  .rodata            const     0x803'0db4      0x20  string_data.o [1]
  .rodata            const     0x803'0dd4      0x20  string_data.o [1]
  .rodata            const     0x803'0df4      0x20  string_data.o [1]
  .rodata            const     0x803'0e14      0x20  string_data.o [1]
  .text              ro code   0x803'0e34      0x1e  cmain.o [5]
  .text              ro code   0x803'0e52       0x4  low_level_init.o [2]
  .text              ro code   0x803'0e56       0x4  exit.o [2]
  .text              ro code   0x803'0e5c       0xa  cexit.o [5]
  .rodata            const     0x803'0e68      0x1c  app_check_last_infuse.o [1]
  .rodata            const     0x803'0e84      0x1c  app_cmd.o [1]
  .rodata            const     0x803'0ea0      0x1c  app_cmd.o [1]
  .rodata            const     0x803'0ebc      0x1c  app_cmd.o [1]
  .rodata            const     0x803'0ed8      0x1c  app_cmd.o [1]
  .rodata            const     0x803'0ef4      0x1c  app_cmd.o [1]
  .rodata            const     0x803'0f10      0x1c  app_cmd.o [1]
  .rodata            const     0x803'0f2c      0x1c  app_cmd.o [1]
  .rodata            const     0x803'0f48      0x1c  app_cmd.o [1]
  .rodata            const     0x803'0f64      0x1c  app_cmd.o [1]
  .rodata            const     0x803'0f80      0x1c  app_cmd.o [1]
  .rodata            const     0x803'0f9c      0x1c  app_cmd.o [1]
  .rodata            const     0x803'0fb8      0x1c  app_cmd.o [1]
  .rodata            const     0x803'0fd4      0x1c  app_cmd.o [1]
  .rodata            const     0x803'0ff0      0x1c  app_cmd.o [1]
  .rodata            const     0x803'100c      0x1c  app_cmd.o [1]
  .rodata            const     0x803'1028      0x1c  app_cmd.o [1]
  .rodata            const     0x803'1044      0x1c  app_delivery.o [1]
  .rodata            const     0x803'1060      0x1c  app_mcu_comm.o [1]
  .rodata            const     0x803'107c      0x1c  app_scr_change_oled_brightness.o [1]
  .rodata            const     0x803'1098      0x1c  dengxian_regular_14.o [1]
  .rodata            const     0x803'10b4      0x1c  dengxian_regular_14.o [1]
  .rodata            const     0x803'10d0      0x1c  dengxian_regular_14.o [1]
  .rodata            const     0x803'10ec      0x1c  dengxian_regular_14.o [1]
  .rodata            const     0x803'1108      0x1c  dengxian_regular_14.o [1]
  .rodata            const     0x803'1124      0x1c  dengxian_regular_14.o [1]
  .rodata            const     0x803'1140      0x1c  dengxian_regular_14.o [1]
  .rodata            const     0x803'115c      0x1c  dengxian_regular_14.o [1]
  .rodata            const     0x803'1178      0x1c  dengxian_regular_14.o [1]
  .rodata            const     0x803'1194      0x1c  dengxian_regular_14.o [1]
  .rodata            const     0x803'11b0      0x1c  dengxian_regular_14.o [1]
  .rodata            const     0x803'11cc      0x1c  dengxian_regular_14.o [1]
  .rodata            const     0x803'11e8      0x1c  dengxian_regular_14.o [1]
  .rodata            const     0x803'1204      0x1c  dengxian_regular_14.o [1]
  .rodata            const     0x803'1220      0x1c  dengxian_regular_14.o [1]
  .rodata            const     0x803'123c      0x1c  dengxian_regular_14.o [1]
  .rodata            const     0x803'1258      0x1c  dengxian_regular_14.o [1]
  .rodata            const     0x803'1274      0x1c  dengxian_regular_14.o [1]
  .rodata            const     0x803'1290      0x1c  dengxian_regular_14.o [1]
  .rodata            const     0x803'12ac      0x1c  dengxian_regular_14.o [1]
  .rodata            const     0x803'12c8      0x1c  dengxian_regular_14.o [1]
  .rodata            const     0x803'12e4      0x1c  dengxian_regular_14.o [1]
  .rodata            const     0x803'1300      0x1c  dengxian_regular_14.o [1]
  .rodata            const     0x803'131c      0x1c  dengxian_regular_14.o [1]
  .rodata            const     0x803'1338      0x1c  dengxian_regular_14.o [1]
  .rodata            const     0x803'1354      0x1c  dengxian_regular_14.o [1]
  .rodata            const     0x803'1370      0x1c  dengxian_regular_14.o [1]
  .rodata            const     0x803'138c      0x1c  dengxian_regular_14.o [1]
  .rodata            const     0x803'13a8      0x1c  dengxian_regular_14.o [1]
  .rodata            const     0x803'13c4      0x1c  dengxian_regular_14.o [1]
  .rodata            const     0x803'13e0      0x1c  dengxian_regular_14.o [1]
  .rodata            const     0x803'13fc      0x1c  dengxian_regular_14.o [1]
  .rodata            const     0x803'1418      0x1c  dengxian_regular_14.o [1]
  .rodata            const     0x803'1434      0x1c  dengxian_regular_14.o [1]
  .rodata            const     0x803'1450      0x1c  dengxian_regular_14.o [1]
  .rodata            const     0x803'146c      0x1c  dengxian_regular_14.o [1]
  .rodata            const     0x803'1488      0x1c  dengxian_regular_14.o [1]
  .rodata            const     0x803'14a4      0x1c  dengxian_regular_14.o [1]
  .rodata            const     0x803'14c0      0x1c  dengxian_regular_14.o [1]
  .rodata            const     0x803'14dc      0x1c  dengxian_regular_14.o [1]
  .rodata            const     0x803'14f8      0x1c  dengxian_regular_14.o [1]
  .rodata            const     0x803'1514      0x1c  dengxian_regular_14.o [1]
  .rodata            const     0x803'1530      0x1c  dengxian_regular_14.o [1]
  .rodata            const     0x803'154c      0x1c  dengxian_regular_14.o [1]
  .rodata            const     0x803'1568      0x1c  dengxian_regular_14.o [1]
  .rodata            const     0x803'1584      0x1c  dengxian_regular_14.o [1]
  .rodata            const     0x803'15a0      0x1c  dengxian_regular_14.o [1]
  .rodata            const     0x803'15bc      0x1c  dengxian_regular_14.o [1]
  .rodata            const     0x803'15d8      0x1c  dengxian_regular_14.o [1]
  .rodata            const     0x803'15f4      0x1c  dengxian_regular_14.o [1]
  .rodata            const     0x803'1610      0x1c  dengxian_regular_14.o [1]
  .rodata            const     0x803'162c      0x1c  dengxian_regular_14.o [1]
  .rodata            const     0x803'1648      0x1c  dengxian_regular_14.o [1]
  .rodata            const     0x803'1664      0x1c  dengxian_regular_14.o [1]
  .rodata            const     0x803'1680      0x1c  dengxian_regular_14.o [1]
  .rodata            const     0x803'169c      0x1c  dengxian_regular_14.o [1]
  .rodata            const     0x803'16b8      0x1c  dengxian_regular_14.o [1]
  .rodata            const     0x803'16d4      0x1c  dengxian_regular_14.o [1]
  .rodata            const     0x803'16f0      0x1c  dengxian_regular_14.o [1]
  .rodata            const     0x803'170c      0x1c  dengxian_regular_14.o [1]
  .rodata            const     0x803'1728      0x1c  dengxian_regular_14.o [1]
  .rodata            const     0x803'1744      0x1c  dengxian_regular_14.o [1]
  .rodata            const     0x803'1760      0x1c  dengxian_regular_14.o [1]
  .rodata            const     0x803'177c      0x1c  dengxian_regular_14.o [1]
  .rodata            const     0x803'1798      0x1c  dengxian_regular_14.o [1]
  .rodata            const     0x803'17b4      0x1c  dengxian_regular_14.o [1]
[...]
                         0x801'2d3f    0x14  Code  Lc  ssz_record.o [1]
ssz_record_init_from_nvram_by_head
                         0x801'2baf   0x102  Code  Lc  ssz_record.o [1]
ssz_record_init_from_nvram_by_record
                         0x801'2cb1    0x8e  Code  Lc  ssz_record.o [1]
ssz_record_load          0x801'2ff5    0x1a  Code  Gb  ssz_record.o [1]
ssz_record_push          0x801'3121   0x10c  Code  Gb  ssz_record.o [1]
ssz_record_size          0x801'300f     0x4  Code  Gb  ssz_record.o [1]
ssz_record_struct_init   0x801'2d53   0x258  Code  Gb  ssz_record.o [1]
ssz_record_top           0x801'3079    0x18  Code  Gb  ssz_record.o [1]
ssz_record_update_head   0x801'3091    0x90  Code  Lc  ssz_record.o [1]
ssz_safe_queue_front     0x802'10cd    0x3c  Code  Gb  ssz_safe_queue.o [1]
ssz_safe_queue_init      0x802'106d    0x34  Code  Gb  ssz_safe_queue.o [1]
ssz_safe_queue_is_empty
                         0x802'10a1    0x14  Code  Gb  ssz_safe_queue.o [1]
ssz_safe_queue_pop       0x802'1115    0x20  Code  Gb  ssz_safe_queue.o [1]
ssz_safe_queue_push      0x802'1135    0x40  Code  Gb  ssz_safe_queue.o [1]
ssz_safe_queue_size      0x802'10b5    0x18  Code  Gb  ssz_safe_queue.o [1]
ssz_seconds_to_time      0x800'348b     0xa  Code  Gb  ssz_time_utility.o [1]
ssz_seconds_to_time_ex   0x800'3495    0xe4  Code  Gb  ssz_time_utility.o [1]
ssz_set_last_error       0x800'8037     0x6  Code  Gb  ssz_common.o [1]
ssz_sim_i2c_master_file_ctl
                         0x801'0497    0x3e  Code  Lc  ssz_sim_i2c.o [1]
ssz_sim_i2c_master_file_read
                         0x801'0443    0x2a  Code  Lc  ssz_sim_i2c.o [1]
ssz_sim_i2c_master_file_write
                         0x801'046d    0x2a  Code  Lc  ssz_sim_i2c.o [1]
ssz_sim_i2c_master_force_slaver_release
                         0x801'03f3    0x50  Code  Gb  ssz_sim_i2c.o [1]
ssz_sim_i2c_master_init
                         0x801'04d5    0x3a  Code  Gb  ssz_sim_i2c.o [1]
ssz_sim_i2c_master_is_slaver_busy
                         0x801'03d1    0x22  Code  Gb  ssz_sim_i2c.o [1]
ssz_sim_i2c_master_read
                         0x801'0305    0x66  Code  Gb  ssz_sim_i2c.o [1]
ssz_sim_i2c_master_write
                         0x801'036b    0x66  Code  Gb  ssz_sim_i2c.o [1]
ssz_sim_i2c_read_ack     0x801'01e9    0x4c  Code  Gb  ssz_sim_i2c.o [1]
ssz_sim_i2c_read_byte    0x801'0235    0x62  Code  Gb  ssz_sim_i2c.o [1]
ssz_sim_i2c_send_ack     0x801'0155    0x4a  Code  Gb  ssz_sim_i2c.o [1]
ssz_sim_i2c_send_nack    0x801'019f    0x4a  Code  Gb  ssz_sim_i2c.o [1]
ssz_sim_i2c_start        0x801'00b5    0x50  Code  Gb  ssz_sim_i2c.o [1]
ssz_sim_i2c_stop         0x801'0105    0x50  Code  Gb  ssz_sim_i2c.o [1]
ssz_sim_i2c_write_byte   0x801'0297    0x6e  Code  Gb  ssz_sim_i2c.o [1]
ssz_sleep                0x800'4937     0x4  Code  Gb  ssz_stm32_hal_bsp.o [1]
ssz_spi_file_ctl         0x801'3725    0x40  Code  Lc  ssz_spi.o [1]
ssz_spi_file_read        0x801'36d1    0x2a  Code  Lc  ssz_spi.o [1]
ssz_spi_file_write       0x801'36fb    0x2a  Code  Lc  ssz_spi.o [1]
ssz_spi_init             0x801'3765    0x18  Code  Gb  ssz_spi.o [1]
ssz_spi_read             0x800'4aa5    0x1a  Code  Gb  ssz_stm32_hal_bsp.o [1]
ssz_spi_wait_write_finish
                         0x800'4ad9     0x2  Code  Gb  ssz_stm32_hal_bsp.o [1]
ssz_spi_write            0x800'4abf    0x1a  Code  Gb  ssz_stm32_hal_bsp.o [1]
ssz_stop_watch_child_start
                         0x800'fb1b    0x6a  Code  Gb  ssz_stop_watch.o [1]
ssz_stop_watch_child_stop
                         0x800'fb85    0x2e  Code  Gb  ssz_stop_watch.o [1]
ssz_stop_watch_init      0x800'faed     0x6  Code  Gb  ssz_stop_watch.o [1]
ssz_stop_watch_print     0x800'fbbd    0x94  Code  Gb  ssz_stop_watch.o [1]
ssz_stop_watch_start     0x800'faf3    0x28  Code  Gb  ssz_stop_watch.o [1]
ssz_stop_watch_stop      0x800'fbb3     0xa  Code  Gb  ssz_stop_watch.o [1]
ssz_str_find_not_number
                         0x800'6791    0x3c  Code  Gb  ssz_str_utility.o [1]
ssz_str_find_number      0x800'6755    0x3c  Code  Gb  ssz_str_utility.o [1]
ssz_str_hex_char_to_int
                         0x800'695d    0x42  Code  Gb  ssz_str_utility.o [1]
ssz_str_hex_to_int       0x800'699f    0x44  Code  Gb  ssz_str_utility.o [1]
ssz_str_line_num         0x800'6945    0x18  Code  Gb  ssz_str_utility.o [1]
ssz_str_print_only_one_line
                         0x800'69e3    0x24  Code  Gb  ssz_str_utility.o [1]
ssz_str_split            0x800'6827    0x56  Code  Gb  ssz_str_utility.o [1]
ssz_str_to_date          0x800'3579    0x8a  Code  Gb  ssz_time_utility.o [1]
ssz_str_to_numbers       0x800'67cd    0x5a  Code  Gb  ssz_str_utility.o [1]
ssz_str_to_time          0x800'3603    0x34  Code  Gb  ssz_time_utility.o [1]
ssz_str_utf8_to_one_utf16
                         0x800'687d    0xb8  Code  Gb  ssz_str_utility.o [1]
ssz_system_clock         0x800'48d5     0x6  Code  Gb  ssz_stm32_hal_bsp.o [1]
ssz_tick_time_diff       0x800'32a9    0x28  Code  Gb  ssz_tick_time.o [1]
ssz_tick_time_elapsed    0x800'3259     0xc  Code  Gb  ssz_tick_time.o [1]
ssz_tick_time_elapsed_ex
                         0x800'3265    0x10  Code  Gb  ssz_tick_time.o [1]
ssz_tick_time_increase   0x800'31cd    0x28  Code  Gb  ssz_tick_time.o [1]
ssz_tick_time_is_after_or_eq
                         0x800'3275    0x1a  Code  Gb  ssz_tick_time.o [1]
ssz_tick_time_next       0x800'320b     0xe  Code  Gb  ssz_tick_time.o [1]
ssz_tick_time_next_ex    0x800'31f5    0x16  Code  Gb  ssz_tick_time.o [1]
ssz_tick_time_now        0x800'3219     0x6  Code  Gb  ssz_tick_time.o [1]
ssz_tick_time_now_str    0x800'321f    0x26  Code  Gb  ssz_tick_time.o [1]
ssz_tick_time_str        0x800'3245    0x14  Code  Gb  ssz_tick_time.o [1]
ssz_time_now             0x800'2ca5     0x8  Code  Gb  ssz_config.o [1]
ssz_time_now_seconds     0x800'2cad    0x18  Code  Gb  ssz_config.o [1]
ssz_time_now_str         0x800'3835    0x56  Code  Gb  ssz_time.o [1]
ssz_time_str             0x800'388b    0x42  Code  Gb  ssz_time.o [1]
ssz_time_to_seconds      0x800'33c1     0xa  Code  Gb  ssz_time_utility.o [1]
ssz_time_to_seconds_ex   0x800'33cb    0xc0  Code  Gb  ssz_time_utility.o [1]
ssz_timer_create         0x801'ebdf    0x2e  Code  Gb  ssz_timer.o [1]
ssz_timer_delete         0x801'ec0d     0x8  Code  Gb  ssz_timer.o [1]
ssz_timer_handle_all     0x801'ec45    0x54  Code  Gb  ssz_timer.o [1]
ssz_timer_init           0x801'ebc1    0x1e  Code  Gb  ssz_timer.o [1]
ssz_timer_start_oneshot_after
                         0x801'ec15    0x28  Code  Gb  ssz_timer.o [1]
ssz_tmp_buff_alloc       0x800'8085    0x6a  Code  Gb  ssz_common.o [1]
ssz_tmp_buff_check_size
                         0x800'8043    0x42  Code  Gb  ssz_common.o [1]
ssz_tmp_buff_free        0x800'80ef    0x2c  Code  Gb  ssz_common.o [1]
ssz_uart_write           0x800'4adb    0x22  Code  Gb  ssz_stm32_hal_bsp.o [1]
ssz_vector_at_index      0x801'f4a9    0x4e  Code  Gb  ssz_vector.o [1]
ssz_vector_init          0x801'f451    0x34  Code  Gb  ssz_vector.o [1]
ssz_vector_insert_internal
                         0x801'f4f7    0xc2  Code  Gb  ssz_vector.o [1]
ssz_vector_push_back     0x801'f5b9    0x52  Code  Gb  ssz_vector.o [1]
ssz_vector_size          0x801'f485    0x24  Code  Gb  ssz_vector.o [1]
ssz_week_day             0x800'3345    0x7c  Code  Gb  ssz_time_utility.o [1]
start_system_scan()      0x800'bb81    0x18  Code  Gb  do_before_main_loop.o [1]
statusbar()              0x801'7b1d    0x42  Code  Gb  ui_common.o [1]
statusbar_create         0x801'7af7    0x26  Code  Gb  ui_common.o [1]
statusbar_init()         0x801'7b71    0x88  Code  Gb  ui_common.o [1]
stop_system_scan()       0x800'bb99    0x18  Code  Gb  do_before_main_loop.o [1]
stop_watch_child_start   0x800'2c0f    0x18  Code  Gb  stop_watch.o [1]
stop_watch_child_stop    0x800'2c27    0x14  Code  Gb  stop_watch.o [1]
stop_watch_disable       0x800'2c67     0x8  Code  Gb  stop_watch.o [1]
stop_watch_enable        0x800'2c5f     0x8  Code  Gb  stop_watch.o [1]
stop_watch_init          0x800'2be9    0x14  Code  Gb  stop_watch.o [1]
stop_watch_print         0x800'2c4d    0x12  Code  Gb  stop_watch.o [1]
stop_watch_start         0x800'2bfd    0x12  Code  Gb  stop_watch.o [1]
stop_watch_stop          0x800'2c3b    0x12  Code  Gb  stop_watch.o [1]
strchr                   0x800'ea15          Code  Gb  strchr.o [5]
strcmp                   0x800'2851          Code  Gb  strcmp.o [5]
strcpy                   0x800'27a1          Code  Gb  strcpy.o [5]
string_data_select_by_lang
                         0x801'3599    0x2e  Code  Gb  string_data.o [1]
strlen                   0x800'2801          Code  Gb  strlen.o [5]
strncat                  0x801'd7bd    0x28  Code  Gb  strncat.o [2]
strncmp                  0x800'ea63    0x28  Code  Gb  strncmp.o [2]
sys_master_mcu_power_disable
                         0x800'4c91    0x10  Code  Gb  sys_power.o [1]
sys_master_mcu_power_enable
                         0x800'4c81    0x10  Code  Gb  sys_power.o [1]
sys_power_ADC_disable    0x800'4c47    0x10  Code  Gb  sys_power.o [1]
sys_power_ADC_enable     0x800'4c37    0x10  Code  Gb  sys_power.o [1]
sys_power_battery_level
                         0x800'4d37    0x16  Code  Gb  sys_power.o [1]
sys_power_battery_voltage
                         0x800'4ca1    0x1c  Code  Gb  sys_power.o [1]
sys_power_disable        0x800'4c71    0x10  Code  Gb  sys_power.o [1]
sys_power_enable         0x800'4c61    0x10  Code  Gb  sys_power.o [1]
sys_power_get_battery_level
                         0x800'4cd1    0x66  Code  Gb  sys_power.o [1]
sys_power_get_sys_pwr_adc_average_value
                         0x800'4c57     0xa  Code  Gb  sys_power.o [1]
sys_power_is_adapter_insert
                         0x800'4bf1    0x18  Code  Gb  sys_power.o [1]
sys_power_wake_up_slaver
                         0x800'4c25    0x12  Code  Gb  sys_power.o [1]
sys_power_wake_up_slaver_pin_high
                         0x800'4c09     0xe  Code  Gb  sys_power.o [1]
sys_power_wake_up_slaver_pin_low
                         0x800'4c17     0xe  Code  Gb  sys_power.o [1]
system_mode              0x800'5929     0x6  Code  Gb  mid_common.o [1]
three_valve_motor_init   0x800'a54b    0x1c  Code  Gb  three_valve_motor.o [1]
three_valve_motor_is_running
                         0x800'a51f    0x12  Code  Gb  three_valve_motor.o [1]
three_valve_motor_monitor_start
                         0x800'a36b    0x2e  Code  Gb  three_valve_motor.o [1]
three_valve_motor_monitor_stop
                         0x800'a399     0xa  Code  Gb  three_valve_motor.o [1]
three_valve_motor_move_to_position
                         0x800'9df5   0x41a  Code  Gb  three_valve_motor.o [1]
three_valve_motor_move_to_position_a
                         0x800'a219     0xa  Code  Gb  three_valve_motor.o [1]
three_valve_motor_move_to_position_b
                         0x800'a223     0xa  Code  Gb  three_valve_motor.o [1]
three_valve_motor_on_direction_wrong
                         0x800'a53b    0x10  Code  Gb  three_valve_motor.o [1]
three_valve_motor_on_finish_target
                         0x800'a531     0xa  Code  Gb  three_valve_motor.o [1]
three_valve_motor_run_check
                         0x800'a22d   0x13e  Code  Gb  three_valve_motor.o [1]
three_valve_motor_start
                         0x800'a3a3    0xd6  Code  Gb  three_valve_motor.o [1]
three_valve_motor_stop   0x800'a47d    0xa2  Code  Gb  three_valve_motor.o [1]
timer_handle_all         0x800'2b61     0xa  Code  Gb  timer.o [1]
timer_handle_all_of_group
                         0x800'2b6b    0x6e  Code  Gb  timer.o [1]
timer_is_actived         0x800'2b01    0x34  Code  Gb  timer.o [1]
timer_set_handler        0x800'29bd     0xc  Code  Gb  timer.o [1]
timer_set_handler_and_group
                         0x800'29c9    0x38  Code  Gb  timer.o [1]
timer_start_oneshot_after
                         0x800'2a01    0x5e  Code  Gb  timer.o [1]
timer_start_oneshot_at   0x800'2a87    0x42  Code  Gb  timer.o [1]
timer_start_periodic_every
                         0x800'2a5f    0x28  Code  Gb  timer.o [1]
timer_stop               0x800'2ac9    0x38  Code  Gb  timer.o [1]
timer_stop_all           0x800'2b35    0x2c  Code  Gb  timer.o [1]
ui_backup_and_set_default_draw_context
                         0x800'784d    0x40  Code  Gb  ui_draw.o [1]
ui_canvas_rect           0x800'7755    0x12  Code  Gb  ui_draw.o [1]
ui_clear                 0x800'7adb    0x2e  Code  Gb  ui_draw.o [1]
ui_clear_rect            0x800'7a8b    0x50  Code  Gb  ui_draw.o [1]
ui_common_color_to_dev_color
                         0x801'39c5    0x18  Code  Gb  ssz_ui_config.o [1]
ui_config                0x801'39bd     0x8  Code  Gb  ssz_ui_config.o [1]
ui_create_widgets(UIView *, short const *, int)
                         0x801'78ed   0x20a  Code  Gb  ui_common.o [1]
ui_disp_char_at_inter    0x801'decf    0x8c  Code  Gb  ui_disp_text.o [1]
ui_disp_text_at          0x801'e055    0x1e  Code  Gb  ui_disp_text.o [1]
ui_disp_text_at_internal
                         0x801'df5b    0xfa  Code  Gb  ui_disp_text.o [1]
ui_disp_text_in_rect     0x801'e079   0x124  Code  Gb  ui_disp_text.o [1]
ui_draw_hline_at         0x800'78b5    0x6a  Code  Gb  ui_draw.o [1]
ui_draw_img_at           0x801'f621    0xe8  Code  Gb  ui_draw_img.o [1]
ui_draw_rect_at          0x800'791f   0x134  Code  Gb  ui_draw.o [1]
ui_draw_rect_ex          0x800'7a53    0x2c  Code  Gb  ui_draw.o [1]
ui_draw_to_dev           0x801'39dd     0x8  Code  Gb  ssz_ui_config.o [1]
ui_fill_rect_at          0x800'7a7f     0xc  Code  Gb  ui_draw.o [1]
ui_flush_line_cache      0x800'7d0d    0x24  Code  Gb  ui_draw.o [1]
ui_get_char_xsize        0x801'de0b    0x46  Code  Gb  ui_disp_text.o [1]
ui_get_text_xsize        0x801'dec5     0xa  Code  Gb  ui_disp_text.o [1]
ui_get_text_xsize_internal
                         0x801'de51    0x74  Code  Gb  ui_disp_text.o [1]
ui_limit_rect_of_canvas
                         0x800'7827    0x12  Code  Gb  ui_draw.o [1]
ui_rect_intersect        0x801'37bd    0x78  Code  Gb  ui_utility.o [1]
ui_rect_intersect_to     0x801'3835    0x90  Code  Gb  ui_utility.o [1]
ui_rect_is_include       0x801'3983    0x38  Code  Gb  ui_utility.o [1]
ui_rect_is_intersect_ex
                         0x801'3921    0x62  Code  Gb  ui_utility.o [1]
ui_rect_merge            0x801'38c5    0x42  Code  Gb  ui_utility.o [1]
ui_rect_move             0x801'3907    0x1a  Code  Gb  ui_utility.o [1]
ui_restore_draw_context
                         0x800'788d    0x14  Code  Gb  ui_draw.o [1]
ui_set_bk_color          0x800'774b     0xa  Code  Gb  ui_draw.o [1]
ui_set_canvas_rect       0x800'7767    0x26  Code  Gb  ui_draw.o [1]
ui_set_canvas_rect_ex    0x800'778d    0x46  Code  Gb  ui_draw.o [1]
ui_set_default_draw_context
                         0x800'7839    0x14  Code  Gb  ui_draw.o [1]
ui_set_draw_mode         0x800'7741     0xa  Code  Gb  ui_draw.o [1]
ui_set_fill_color        0x800'78ab     0xa  Code  Gb  ui_draw.o [1]
ui_set_font              0x801'dded     0xa  Code  Gb  ui_disp_text.o [1]
ui_set_limit_rect_of_canvas_ex
                         0x800'77d3    0x54  Code  Gb  ui_draw.o [1]
ui_set_pen_color         0x800'78a1     0xa  Code  Gb  ui_draw.o [1]
ui_set_pixel_at_line_cache
                         0x800'7b71    0xb4  Code  Gb  ui_draw.o [1]
ui_set_pixels_at_line_cache
                         0x800'7c25    0xe8  Code  Gb  ui_draw.o [1]
ui_set_text_color        0x801'ddf7     0xa  Code  Gb  ui_disp_text.o [1]
ui_set_text_mode         0x801'de01     0xa  Code  Gb  ui_disp_text.o [1]
ui_start_line_cache      0x800'7b09    0x62  Code  Gb  ui_draw.o [1]
ui_view_config           0x801'eb4d    0x40  Code  Gb  ssz_ui_view_config.o [1]
ui_view_create(UIViewTypeID, int, UIView *, int, int, int, int, unsigned int)
                         0x801'5513    0x90  Code  Gb  ui_view.o [1]
ui_view_create_desktop_if_not()
                         0x801'5657    0x5e  Code  Gb  ui_view.o [1]
ui_view_create_timer(UIView *)
                         0x801'5787     0xe  Code  Gb  ui_view.o [1]
ui_view_delete_associated_timer(UIView *)
                         0x801'57af     0xe  Code  Gb  ui_view.o [1]
ui_view_delete_timer(int)
                         0x801'5795     0xc  Code  Gb  ui_view.o [1]
ui_view_desktop()        0x801'56b5     0x6  Code  Gb  ui_view.o [1]
ui_view_desktop_callback(void *, UIMsg *)
                         0x801'5655     0x2  Code  Gb  ui_view.o [1]
ui_view_destroy(UIView *)
                         0x801'55a3    0x5c  Code  Gb  ui_view.o [1]
ui_view_draw_all_dirty   0x801'5839    0x18  Code  Gb  ui_view.o [1]
ui_view_focused()        0x801'56bb     0x6  Code  Gb  ui_view.o [1]
ui_view_free(UIView *)   0x801'54eb    0x28  Code  Gb  ui_view.o [1]
ui_view_handle_all_timer()
                         0x801'5851     0xa  Code  Gb  ui_view.o [1]
ui_view_init             0x801'5861    0x18  Code  Gb  ui_view.o [1]
ui_view_init_obj         0x801'e969   0x1e4  Code  Gb  ssz_ui_view_config.o [1]
ui_view_invalidate_views(UIView *, UIView *, Rect &)
                         0x801'4def    0x50  Code  Gb  ui_view.o [1]
ui_view_output_view_self_info(UIView *, int)
                         0x801'56d9    0x8c  Code  Gb  ui_view.o [1]
ui_view_print_space(int)
                         0x801'56c1    0x16  Code  Gb  ui_view.o [1]
ui_view_regist(UIViewTypeID, int, void *)
                         0x801'55ff    0x4c  Code  Gb  ui_view.o [1]
ui_view_send_msg(UIView *, UIMsg &)
                         0x801'564b     0xa  Code  Gb  ui_view.o [1]
ui_view_start_oneshot_after(int, int)
                         0x801'57bd     0xe  Code  Gb  ui_view.o [1]
ui_view_start_scan_timer
                         0x801'58c5    0x10  Code  Gb  ui_view.o [1]
ui_view_stop_scan_timer
                         0x801'58d5     0xa  Code  Gb  ui_view.o [1]
unlock_keypad()          0x800'b8a5    0x14  Code  Gb  app_common.o [1]
uwTick                  0x2000'676c     0x4  Data  Gb  stm32l1xx_hal.o [1]
version_build_time       0x800'31b9     0x4  Code  Gb  version.o [1]
version_info             0x800'31b1     0x4  Code  Gb  version.o [1]
version_software_name    0x800'31b5     0x4  Code  Gb  version.o [1]
vibrator_motor_init      0x800'b5e1    0x16  Code  Gb  vibrater_motor.o [1]
vibrator_motor_start     0x800'b5f7    0x16  Code  Gb  vibrater_motor.o [1]
vibrator_motor_stop      0x800'b60d    0x16  Code  Gb  vibrater_motor.o [1]
voice_device_close       0x801'8f11    0x14  Code  Gb  voice.o [1]
voice_device_open        0x801'8efd    0x14  Code  Gb  voice.o [1]
voice_get_channel        0x801'8f25    0x48  Code  Gb  voice.o [1]
voice_play_beep_once     0x801'907b     0xc  Code  Gb  voice.o [1]
voice_play_cycle         0x801'8fcb    0x62  Code  Gb  voice.o [1]
voice_play_high_cycle    0x801'9093     0xc  Code  Gb  voice.o [1]
voice_play_low_cycle     0x801'9087     0xc  Code  Gb  voice.o [1]
voice_play_once          0x801'8f6d    0x5e  Code  Gb  voice.o [1]
voice_stop_play_beep_channel
                         0x801'905d     0xa  Code  Gb  voice.o [1]
voice_stop_play_current_channel
                         0x801'9045    0x18  Code  Gb  voice.o [1]
voice_stop_play_high_channel
                         0x801'9071     0xa  Code  Gb  voice.o [1]
voice_stop_play_low_channel
                         0x801'9067     0xa  Code  Gb  voice.o [1]
watchdog_clear           0x800'b987    0x14  Code  Gb  app_common.o [1]
watchdog_is_enable       0x800'b981     0x6  Code  Gb  app_common.o [1]
watchdog_set_expired_time
                         0x800'b99b    0x1c  Code  Gb  app_common.o [1]
watchdog_start           0x800'b951    0x16  Code  Gb  app_common.o [1]
watchdog_stop            0x800'b967    0x1a  Code  Gb  app_common.o [1]


[1] = D:\1-WORK\ªØ¡∆±√\Code\MasterMcu\build\IAR\Debug\Obj
[2] = dl7M_tln.a
[3] = dlpp7M_tl_nc.a
[4] = m7M_tl.a
[5] = rt7M_tl.a
[6] = shb_l.a

  154'954 bytes of readonly  code memory
   63'255 bytes of readonly  data memory
   31'762 bytes of readwrite data memory

Errors: none
Warnings: none
