###############################################################################
#
# IAR ELF Linker V8.40.1.212/W32 for ARM                  30/Apr/2020  11:59:38
# Copyright 2007-2019 IAR Systems AB.
#
#    Output file  =
#        D:\1-WORK\chemo_pump\Code\MasterMcu\build\IAR\Debug\Exe\Chemo-PumpV1_0_master.out
#    Map file     =
#        D:\1-WORK\chemo_pump\Code\MasterMcu\build\IAR\Debug\List\Chemo-PumpV1_0_master.map
#    Command line =
#        -f C:\Users\MICROP~1\AppData\Local\Temp\EW57D.tmp
#        (D:\1-WORK\chemo_pump\Code\MasterMcu\build\IAR\Debug\Obj\AC.o
#        D:\1-WORK\chemo_pump\Code\MasterMcu\build\IAR\Debug\Obj\adc.o
#        D:\1-WORK\chemo_pump\Code\MasterMcu\build\IAR\Debug\Obj\app_cmd.o
#        D:\1-WORK\chemo_pump\Code\MasterMcu\build\IAR\Debug\Obj\app_common.o
#        D:\1-WORK\chemo_pump\Code\MasterMcu\build\IAR\Debug\Obj\app_mcu_comm.o
#        D:\1-WORK\chemo_pump\Code\MasterMcu\build\IAR\Debug\Obj\battery_AC.o
#        D:\1-WORK\chemo_pump\Code\MasterMcu\build\IAR\Debug\Obj\battery_empty.o
#        D:\1-WORK\chemo_pump\Code\MasterMcu\build\IAR\Debug\Obj\battery_full.o
#        D:\1-WORK\chemo_pump\Code\MasterMcu\build\IAR\Debug\Obj\battery_no.o
#        D:\1-WORK\chemo_pump\Code\MasterMcu\build\IAR\Debug\Obj\battery_one.o
#        D:\1-WORK\chemo_pump\Code\MasterMcu\build\IAR\Debug\Obj\battery_three.o
#        D:\1-WORK\chemo_pump\Code\MasterMcu\build\IAR\Debug\Obj\battery_two.o
#        D:\1-WORK\chemo_pump\Code\MasterMcu\build\IAR\Debug\Obj\clock.o
#        D:\1-WORK\chemo_pump\Code\MasterMcu\build\IAR\Debug\Obj\com.o
#        D:\1-WORK\chemo_pump\Code\MasterMcu\build\IAR\Debug\Obj\common.o
#        D:\1-WORK\chemo_pump\Code\MasterMcu\build\IAR\Debug\Obj\config.o
#        D:\1-WORK\chemo_pump\Code\MasterMcu\build\IAR\Debug\Obj\cpu_usage.o
#        D:\1-WORK\chemo_pump\Code\MasterMcu\build\IAR\Debug\Obj\data.o
#        D:\1-WORK\chemo_pump\Code\MasterMcu\build\IAR\Debug\Obj\dengxian_regular_14.o
#        D:\1-WORK\chemo_pump\Code\MasterMcu\build\IAR\Debug\Obj\dev_def.o
#        D:\1-WORK\chemo_pump\Code\MasterMcu\build\IAR\Debug\Obj\display.o
#        D:\1-WORK\chemo_pump\Code\MasterMcu\build\IAR\Debug\Obj\do_before_main_loop.o
#        D:\1-WORK\chemo_pump\Code\MasterMcu\build\IAR\Debug\Obj\drv_com.o
#        D:\1-WORK\chemo_pump\Code\MasterMcu\build\IAR\Debug\Obj\drv_infusion_motor.o
#        D:\1-WORK\chemo_pump\Code\MasterMcu\build\IAR\Debug\Obj\drv_interrupt.o
#        D:\1-WORK\chemo_pump\Code\MasterMcu\build\IAR\Debug\Obj\drv_isd2360.o
#        D:\1-WORK\chemo_pump\Code\MasterMcu\build\IAR\Debug\Obj\drv_key.o
#        D:\1-WORK\chemo_pump\Code\MasterMcu\build\IAR\Debug\Obj\drv_lowpower.o
#        D:\1-WORK\chemo_pump\Code\MasterMcu\build\IAR\Debug\Obj\drv_oled.o
#        D:\1-WORK\chemo_pump\Code\MasterMcu\build\IAR\Debug\Obj\drv_rtc.o
#        D:\1-WORK\chemo_pump\Code\MasterMcu\build\IAR\Debug\Obj\drv_sst25_flash.o
#        D:\1-WORK\chemo_pump\Code\MasterMcu\build\IAR\Debug\Obj\drv_stf_motor.o
#        D:\1-WORK\chemo_pump\Code\MasterMcu\build\IAR\Debug\Obj\dtimer.o
#        D:\1-WORK\chemo_pump\Code\MasterMcu\build\IAR\Debug\Obj\error.o
#        D:\1-WORK\chemo_pump\Code\MasterMcu\build\IAR\Debug\Obj\event.o
#        D:\1-WORK\chemo_pump\Code\MasterMcu\build\IAR\Debug\Obj\exhaust.o
#        D:\1-WORK\chemo_pump\Code\MasterMcu\build\IAR\Debug\Obj\exhaust_pause.o
#        D:\1-WORK\chemo_pump\Code\MasterMcu\build\IAR\Debug\Obj\exhaust_run.o
#        D:\1-WORK\chemo_pump\Code\MasterMcu\build\IAR\Debug\Obj\flush_max_dose_selected.o
#        D:\1-WORK\chemo_pump\Code\MasterMcu\build\IAR\Debug\Obj\flush_max_dose_unselected.o
#        D:\1-WORK\chemo_pump\Code\MasterMcu\build\IAR\Debug\Obj\font_data.o
#        D:\1-WORK\chemo_pump\Code\MasterMcu\build\IAR\Debug\Obj\gpio.o
#        D:\1-WORK\chemo_pump\Code\MasterMcu\build\IAR\Debug\Obj\greatest.o
#        D:\1-WORK\chemo_pump\Code\MasterMcu\build\IAR\Debug\Obj\heiti_regular_60.o
#        D:\1-WORK\chemo_pump\Code\MasterMcu\build\IAR\Debug\Obj\heiti_regular_88.o
#        D:\1-WORK\chemo_pump\Code\MasterMcu\build\IAR\Debug\Obj\history_log.o
#        D:\1-WORK\chemo_pump\Code\MasterMcu\build\IAR\Debug\Obj\image_data.o
#        D:\1-WORK\chemo_pump\Code\MasterMcu\build\IAR\Debug\Obj\info_select.o
#        D:\1-WORK\chemo_pump\Code\MasterMcu\build\IAR\Debug\Obj\info_unselect.o
#        D:\1-WORK\chemo_pump\Code\MasterMcu\build\IAR\Debug\Obj\infusion_motor.o
#        D:\1-WORK\chemo_pump\Code\MasterMcu\build\IAR\Debug\Obj\infusion_pause.o
#        D:\1-WORK\chemo_pump\Code\MasterMcu\build\IAR\Debug\Obj\infusion_run.o
#        D:\1-WORK\chemo_pump\Code\MasterMcu\build\IAR\Debug\Obj\infusion_stop.o
#        D:\1-WORK\chemo_pump\Code\MasterMcu\build\IAR\Debug\Obj\init.o
#        D:\1-WORK\chemo_pump\Code\MasterMcu\build\IAR\Debug\Obj\key.o
#        D:\1-WORK\chemo_pump\Code\MasterMcu\build\IAR\Debug\Obj\led.o
#        D:\1-WORK\chemo_pump\Code\MasterMcu\build\IAR\Debug\Obj\left_arrow.o
#        D:\1-WORK\chemo_pump\Code\MasterMcu\build\IAR\Debug\Obj\lock.o
#        D:\1-WORK\chemo_pump\Code\MasterMcu\build\IAR\Debug\Obj\logo.o
#        D:\1-WORK\chemo_pump\Code\MasterMcu\build\IAR\Debug\Obj\main.o
#        D:\1-WORK\chemo_pump\Code\MasterMcu\build\IAR\Debug\Obj\main_run.o
#        D:\1-WORK\chemo_pump\Code\MasterMcu\build\IAR\Debug\Obj\mid_adc.o
#        D:\1-WORK\chemo_pump\Code\MasterMcu\build\IAR\Debug\Obj\mid_common.o
#        D:\1-WORK\chemo_pump\Code\MasterMcu\build\IAR\Debug\Obj\mid_rtc.o
#        D:\1-WORK\chemo_pump\Code\MasterMcu\build\IAR\Debug\Obj\mode_selected.o
#        D:\1-WORK\chemo_pump\Code\MasterMcu\build\IAR\Debug\Obj\mode_unselected.o
#        D:\1-WORK\chemo_pump\Code\MasterMcu\build\IAR\Debug\Obj\msg.o
#        D:\1-WORK\chemo_pump\Code\MasterMcu\build\IAR\Debug\Obj\mute.o
#        D:\1-WORK\chemo_pump\Code\MasterMcu\build\IAR\Debug\Obj\mute_small.o
#        D:\1-WORK\chemo_pump\Code\MasterMcu\build\IAR\Debug\Obj\new_task.o
#        D:\1-WORK\chemo_pump\Code\MasterMcu\build\IAR\Debug\Obj\param.o
#        D:\1-WORK\chemo_pump\Code\MasterMcu\build\IAR\Debug\Obj\peak_set_select.o
#        D:\1-WORK\chemo_pump\Code\MasterMcu\build\IAR\Debug\Obj\peak_set_unselect.o
#        D:\1-WORK\chemo_pump\Code\MasterMcu\build\IAR\Debug\Obj\pill_box_install_detect.o
#        D:\1-WORK\chemo_pump\Code\MasterMcu\build\IAR\Debug\Obj\pressure_bubble_sensor.o
#        D:\1-WORK\chemo_pump\Code\MasterMcu\build\IAR\Debug\Obj\read.o
#        D:\1-WORK\chemo_pump\Code\MasterMcu\build\IAR\Debug\Obj\record_log.o
#        D:\1-WORK\chemo_pump\Code\MasterMcu\build\IAR\Debug\Obj\record_log_text.o
#        D:\1-WORK\chemo_pump\Code\MasterMcu\build\IAR\Debug\Obj\right_arrow.o
#        D:\1-WORK\chemo_pump\Code\MasterMcu\build\IAR\Debug\Obj\run_all_test_suite.o
#        D:\1-WORK\chemo_pump\Code\MasterMcu\build\IAR\Debug\Obj\run_test.o
#        D:\1-WORK\chemo_pump\Code\MasterMcu\build\IAR\Debug\Obj\run_test_after_main.o
#        D:\1-WORK\chemo_pump\Code\MasterMcu\build\IAR\Debug\Obj\screen.o
#        D:\1-WORK\chemo_pump\Code\MasterMcu\build\IAR\Debug\Obj\select_1.o
#        D:\1-WORK\chemo_pump\Code\MasterMcu\build\IAR\Debug\Obj\select_2.o
#        D:\1-WORK\chemo_pump\Code\MasterMcu\build\IAR\Debug\Obj\selected_pointer.o
#        D:\1-WORK\chemo_pump\Code\MasterMcu\build\IAR\Debug\Obj\set_arrow.o
#        D:\1-WORK\chemo_pump\Code\MasterMcu\build\IAR\Debug\Obj\simple_alloc.o
#        D:\1-WORK\chemo_pump\Code\MasterMcu\build\IAR\Debug\Obj\sound_pause.o
#        D:\1-WORK\chemo_pump\Code\MasterMcu\build\IAR\Debug\Obj\spi.o
#        D:\1-WORK\chemo_pump\Code\MasterMcu\build\IAR\Debug\Obj\ssz_algorithm.o
#        D:\1-WORK\chemo_pump\Code\MasterMcu\build\IAR\Debug\Obj\ssz_block_file.o
#        D:\1-WORK\chemo_pump\Code\MasterMcu\build\IAR\Debug\Obj\ssz_common.o
#        D:\1-WORK\chemo_pump\Code\MasterMcu\build\IAR\Debug\Obj\ssz_config.o
#        D:\1-WORK\chemo_pump\Code\MasterMcu\build\IAR\Debug\Obj\ssz_deque.o
#        D:\1-WORK\chemo_pump\Code\MasterMcu\build\IAR\Debug\Obj\ssz_file.o
#        D:\1-WORK\chemo_pump\Code\MasterMcu\build\IAR\Debug\Obj\ssz_gpio.o
#        D:\1-WORK\chemo_pump\Code\MasterMcu\build\IAR\Debug\Obj\ssz_i2c.o
#        D:\1-WORK\chemo_pump\Code\MasterMcu\build\IAR\Debug\Obj\ssz_list.o
#        D:\1-WORK\chemo_pump\Code\MasterMcu\build\IAR\Debug\Obj\ssz_locale.o
#        D:\1-WORK\chemo_pump\Code\MasterMcu\build\IAR\Debug\Obj\ssz_map.o
#        D:\1-WORK\chemo_pump\Code\MasterMcu\build\IAR\Debug\Obj\ssz_nvram.o
#        D:\1-WORK\chemo_pump\Code\MasterMcu\build\IAR\Debug\Obj\ssz_precision_tick_time.o
#        D:\1-WORK\chemo_pump\Code\MasterMcu\build\IAR\Debug\Obj\ssz_queue.o
#        D:\1-WORK\chemo_pump\Code\MasterMcu\build\IAR\Debug\Obj\ssz_record.o
#        D:\1-WORK\chemo_pump\Code\MasterMcu\build\IAR\Debug\Obj\ssz_safe_queue.o
#        D:\1-WORK\chemo_pump\Code\MasterMcu\build\IAR\Debug\Obj\ssz_sim_i2c.o
#        D:\1-WORK\chemo_pump\Code\MasterMcu\build\IAR\Debug\Obj\ssz_simulator_bsp.o
#        D:\1-WORK\chemo_pump\Code\MasterMcu\build\IAR\Debug\Obj\ssz_spi.o
#        D:\1-WORK\chemo_pump\Code\MasterMcu\build\IAR\Debug\Obj\ssz_stack.o
#        D:\1-WORK\chemo_pump\Code\MasterMcu\build\IAR\Debug\Obj\ssz_stm32_hal_bsp.o
#        D:\1-WORK\chemo_pump\Code\MasterMcu\build\IAR\Debug\Obj\ssz_stop_watch.o
#        D:\1-WORK\chemo_pump\Code\MasterMcu\build\IAR\Debug\Obj\ssz_str_utility.o
#        D:\1-WORK\chemo_pump\Code\MasterMcu\build\IAR\Debug\Obj\ssz_tick_time.o
#        D:\1-WORK\chemo_pump\Code\MasterMcu\build\IAR\Debug\Obj\ssz_time.o
#        D:\1-WORK\chemo_pump\Code\MasterMcu\build\IAR\Debug\Obj\ssz_time_utility.o
#        D:\1-WORK\chemo_pump\Code\MasterMcu\build\IAR\Debug\Obj\ssz_timer.o
#        D:\1-WORK\chemo_pump\Code\MasterMcu\build\IAR\Debug\Obj\ssz_uart.o
#        D:\1-WORK\chemo_pump\Code\MasterMcu\build\IAR\Debug\Obj\ssz_ui_config.o
#        D:\1-WORK\chemo_pump\Code\MasterMcu\build\IAR\Debug\Obj\ssz_ui_view_config.o
#        D:\1-WORK\chemo_pump\Code\MasterMcu\build\IAR\Debug\Obj\ssz_utility.o
#        D:\1-WORK\chemo_pump\Code\MasterMcu\build\IAR\Debug\Obj\ssz_vector.o
#        D:\1-WORK\chemo_pump\Code\MasterMcu\build\IAR\Debug\Obj\startup_stm32l152xc.o
#        D:\1-WORK\chemo_pump\Code\MasterMcu\build\IAR\Debug\Obj\stm32l1xx_hal.o
#        D:\1-WORK\chemo_pump\Code\MasterMcu\build\IAR\Debug\Obj\stm32l1xx_hal_adc.o
#        D:\1-WORK\chemo_pump\Code\MasterMcu\build\IAR\Debug\Obj\stm32l1xx_hal_adc_ex.o
#        D:\1-WORK\chemo_pump\Code\MasterMcu\build\IAR\Debug\Obj\stm32l1xx_hal_cortex.o
#        D:\1-WORK\chemo_pump\Code\MasterMcu\build\IAR\Debug\Obj\stm32l1xx_hal_dma.o
#        D:\1-WORK\chemo_pump\Code\MasterMcu\build\IAR\Debug\Obj\stm32l1xx_hal_flash.o
#        D:\1-WORK\chemo_pump\Code\MasterMcu\build\IAR\Debug\Obj\stm32l1xx_hal_flash_ex.o
#        D:\1-WORK\chemo_pump\Code\MasterMcu\build\IAR\Debug\Obj\stm32l1xx_hal_flash_ramfunc.o
#        D:\1-WORK\chemo_pump\Code\MasterMcu\build\IAR\Debug\Obj\stm32l1xx_hal_gpio.o
#        D:\1-WORK\chemo_pump\Code\MasterMcu\build\IAR\Debug\Obj\stm32l1xx_hal_msp.o
#        D:\1-WORK\chemo_pump\Code\MasterMcu\build\IAR\Debug\Obj\stm32l1xx_hal_pwr.o
#        D:\1-WORK\chemo_pump\Code\MasterMcu\build\IAR\Debug\Obj\stm32l1xx_hal_pwr_ex.o
#        D:\1-WORK\chemo_pump\Code\MasterMcu\build\IAR\Debug\Obj\stm32l1xx_hal_rcc.o
#        D:\1-WORK\chemo_pump\Code\MasterMcu\build\IAR\Debug\Obj\stm32l1xx_hal_rcc_ex.o
#        D:\1-WORK\chemo_pump\Code\MasterMcu\build\IAR\Debug\Obj\stm32l1xx_hal_spi.o
#        D:\1-WORK\chemo_pump\Code\MasterMcu\build\IAR\Debug\Obj\stm32l1xx_hal_spi_ex.o
#        D:\1-WORK\chemo_pump\Code\MasterMcu\build\IAR\Debug\Obj\stm32l1xx_hal_tim.o
#        D:\1-WORK\chemo_pump\Code\MasterMcu\build\IAR\Debug\Obj\stm32l1xx_hal_tim_ex.o
#        D:\1-WORK\chemo_pump\Code\MasterMcu\build\IAR\Debug\Obj\stm32l1xx_hal_uart.o
#        D:\1-WORK\chemo_pump\Code\MasterMcu\build\IAR\Debug\Obj\stm32l1xx_it.o
#        D:\1-WORK\chemo_pump\Code\MasterMcu\build\IAR\Debug\Obj\stop_infusion.o
#        D:\1-WORK\chemo_pump\Code\MasterMcu\build\IAR\Debug\Obj\stop_watch.o
#        D:\1-WORK\chemo_pump\Code\MasterMcu\build\IAR\Debug\Obj\string_data.o
#        D:\1-WORK\chemo_pump\Code\MasterMcu\build\IAR\Debug\Obj\sys_power.o
#        D:\1-WORK\chemo_pump\Code\MasterMcu\build\IAR\Debug\Obj\system_setting.o
#        D:\1-WORK\chemo_pump\Code\MasterMcu\build\IAR\Debug\Obj\system_stm32l1xx.o
#        D:\1-WORK\chemo_pump\Code\MasterMcu\build\IAR\Debug\Obj\test_app_sleep.o
#        D:\1-WORK\chemo_pump\Code\MasterMcu\build\IAR\Debug\Obj\test_data.o
#        D:\1-WORK\chemo_pump\Code\MasterMcu\build\IAR\Debug\Obj\test_drv_lowpower.o
#        D:\1-WORK\chemo_pump\Code\MasterMcu\build\IAR\Debug\Obj\test_drv_oled.o
#        D:\1-WORK\chemo_pump\Code\MasterMcu\build\IAR\Debug\Obj\test_drv_rtc.o
#        D:\1-WORK\chemo_pump\Code\MasterMcu\build\IAR\Debug\Obj\test_drv_sst25_flash.o
#        D:\1-WORK\chemo_pump\Code\MasterMcu\build\IAR\Debug\Obj\test_hardware_ljl.o
#        D:\1-WORK\chemo_pump\Code\MasterMcu\build\IAR\Debug\Obj\test_record_log.o
#        D:\1-WORK\chemo_pump\Code\MasterMcu\build\IAR\Debug\Obj\test_ssz_algorithm.o
#        D:\1-WORK\chemo_pump\Code\MasterMcu\build\IAR\Debug\Obj\test_ssz_str_utility.o
#        D:\1-WORK\chemo_pump\Code\MasterMcu\build\IAR\Debug\Obj\test_ssz_time.o
#        D:\1-WORK\chemo_pump\Code\MasterMcu\build\IAR\Debug\Obj\test_ssz_time_utility.o
#        D:\1-WORK\chemo_pump\Code\MasterMcu\build\IAR\Debug\Obj\test_ui.o
#        D:\1-WORK\chemo_pump\Code\MasterMcu\build\IAR\Debug\Obj\test_ui_view.o
#        D:\1-WORK\chemo_pump\Code\MasterMcu\build\IAR\Debug\Obj\three_valve_motor.o
#        D:\1-WORK\chemo_pump\Code\MasterMcu\build\IAR\Debug\Obj\tim.o
#        D:\1-WORK\chemo_pump\Code\MasterMcu\build\IAR\Debug\Obj\time_select.o
#        D:\1-WORK\chemo_pump\Code\MasterMcu\build\IAR\Debug\Obj\time_unselect.o
#        D:\1-WORK\chemo_pump\Code\MasterMcu\build\IAR\Debug\Obj\timer.o
#        D:\1-WORK\chemo_pump\Code\MasterMcu\build\IAR\Debug\Obj\ui_common.o
#        D:\1-WORK\chemo_pump\Code\MasterMcu\build\IAR\Debug\Obj\ui_disp_text.o
#        D:\1-WORK\chemo_pump\Code\MasterMcu\build\IAR\Debug\Obj\ui_draw.o
#        D:\1-WORK\chemo_pump\Code\MasterMcu\build\IAR\Debug\Obj\ui_draw_base.o
#        D:\1-WORK\chemo_pump\Code\MasterMcu\build\IAR\Debug\Obj\ui_draw_img.o
#        D:\1-WORK\chemo_pump\Code\MasterMcu\build\IAR\Debug\Obj\ui_dynamic_list.o
#        D:\1-WORK\chemo_pump\Code\MasterMcu\build\IAR\Debug\Obj\ui_image.o
#        D:\1-WORK\chemo_pump\Code\MasterMcu\build\IAR\Debug\Obj\ui_image_list.o
#        D:\1-WORK\chemo_pump\Code\MasterMcu\build\IAR\Debug\Obj\ui_lable.o
#        D:\1-WORK\chemo_pump\Code\MasterMcu\build\IAR\Debug\Obj\ui_list_base.o
#        D:\1-WORK\chemo_pump\Code\MasterMcu\build\IAR\Debug\Obj\ui_list_pos_indicator.o
#        D:\1-WORK\chemo_pump\Code\MasterMcu\build\IAR\Debug\Obj\ui_normal_list_base.o
#        D:\1-WORK\chemo_pump\Code\MasterMcu\build\IAR\Debug\Obj\ui_number_edit.o
#        D:\1-WORK\chemo_pump\Code\MasterMcu\build\IAR\Debug\Obj\ui_page_control.o
#        D:\1-WORK\chemo_pump\Code\MasterMcu\build\IAR\Debug\Obj\ui_progress_bar.o
#        D:\1-WORK\chemo_pump\Code\MasterMcu\build\IAR\Debug\Obj\ui_statusbar.o
#        D:\1-WORK\chemo_pump\Code\MasterMcu\build\IAR\Debug\Obj\ui_text_base.o
#        D:\1-WORK\chemo_pump\Code\MasterMcu\build\IAR\Debug\Obj\ui_text_list.o
#        D:\1-WORK\chemo_pump\Code\MasterMcu\build\IAR\Debug\Obj\ui_utility.o
#        D:\1-WORK\chemo_pump\Code\MasterMcu\build\IAR\Debug\Obj\ui_view.o
#        D:\1-WORK\chemo_pump\Code\MasterMcu\build\IAR\Debug\Obj\ui_window.o
#        D:\1-WORK\chemo_pump\Code\MasterMcu\build\IAR\Debug\Obj\unselected_pointer.o
#        D:\1-WORK\chemo_pump\Code\MasterMcu\build\IAR\Debug\Obj\usart.o
#        D:\1-WORK\chemo_pump\Code\MasterMcu\build\IAR\Debug\Obj\version.o
#        D:\1-WORK\chemo_pump\Code\MasterMcu\build\IAR\Debug\Obj\vibrater_motor.o
#        D:\1-WORK\chemo_pump\Code\MasterMcu\build\IAR\Debug\Obj\voice.o
#        D:\1-WORK\chemo_pump\Code\MasterMcu\build\IAR\Debug\Obj\warning.o
#        D:\1-WORK\chemo_pump\Code\MasterMcu\build\IAR\Debug\Obj\warning_common.o
#        D:\1-WORK\chemo_pump\Code\MasterMcu\build\IAR\Debug\Obj\write.o
#        --no_out_extension -o
#        D:\1-WORK\chemo_pump\Code\MasterMcu\build\IAR\Debug\Exe\Chemo-PumpV1_0_master.out
#        --map
#        D:\1-WORK\chemo_pump\Code\MasterMcu\build\IAR\Debug\List\Chemo-PumpV1_0_master.map
#        --config
#        D:\1-WORK\chemo_pump\Code\MasterMcu\build\IAR\Chemo-PumpV1_0_master.icf
#        --semihosting --entry __iar_program_start --vfe --text_out locale)
#
###############################################################################

*******************************************************************************
*** RUNTIME MODEL ATTRIBUTES
***

CppFlavor        = *
__CPP_Exceptions = Disabled
__CPP_Language   = C++14
__Heap_Handler   = DLMalloc
__SystemLibrary  = DLib
__dlib_version   = 6


*******************************************************************************
*** HEAP SELECTION
***

The advanced heap was selected because the application calls memory
allocation functions outside of system library functions, and there
are calls to deallocation functions in the application.


*******************************************************************************
*** PLACEMENT SUMMARY
***

"A0":  place at address 0x800'0000 { ro section .intvec };
"P1":  place in [from 0x800'0000 to 0x803'ffff] { ro };
define block CSTACK with size = 4K, alignment = 8 { };
define block HEAP with size = 1K, alignment = 8 { };
"P2":  place in [from 0x2000'0000 to 0x2000'7fff] {
          rw, block CSTACK, block HEAP };
initialize by copy { rw };

No sections matched the following patterns:

  section .eeprom  in "P3"


  Section            Kind         Address      Size  Object
  -------            ----         -------      ----  ------
"A0":                                         0x124
  .intvec            ro code   0x800'0000     0x124  startup_stm32l152xc.o [1]
                             - 0x800'0124     0x124

"P1":                                      0x2'3cd8
  .text              ro code   0x800'0124    0x2014  app_cmd.o [1]
  .text              ro code   0x800'2138     0x14c  com.o [1]
  .text              ro code   0x800'2284     0x212  ssz_file.o [1]
  .text              ro code   0x800'2496      0x3a  zero_init3.o [5]
  .text              ro code   0x800'24d0      0x18  strcpy.o [5]
  .text              ro code   0x800'24e8      0x28  printf.o [2]
  .text              ro code   0x800'2510      0x20  putchar.o [2]
  .text              ro code   0x800'2530      0x36  strlen.o [5]
  .text              ro code   0x800'2566      0x2e  copy_init3.o [5]
  .text              ro code   0x800'2594      0x12  strcmp.o [5]
  .text              ro code   0x800'25a6      0x1a  xsnprout.o [2]
  .text              ro code   0x800'25c0     0x150  iar_Stoulx.o [2]
  .text              ro code   0x800'2710     0x18c  timer.o [1]
  .text              ro code   0x800'289c      0x94  stop_watch.o [1]
  .text              ro code   0x800'2930      0x28  common.o [1]
  .text              ro code   0x800'2958      0x9c  ssz_config.o [1]
  .text              ro code   0x800'29f4     0x450  app_mcu_comm.o [1]
  .text              ro code   0x800'2e44      0x34  version.o [1]
  .text              ro code   0x800'2e78      0xdc  ssz_tick_time.o [1]
  .text              ro code   0x800'2f54     0x398  ssz_time_utility.o [1]
  .text              ro code   0x800'32ec     0x188  cpu_usage.o [1]
  .text              ro code   0x800'3474      0xa4  ssz_time.o [1]
  .text              ro code   0x800'3518     0x1dc  mid_rtc.o [1]
  .text              ro code   0x800'36f4     0x56c  drv_rtc.o [1]
  .text              ro code   0x800'3c60     0x5d4  stm32l1xx_hal_gpio.o [1]
  .text              ro code   0x800'4234     0x284  drv_stf_motor.o [1]
  .text              ro code   0x800'44b8      0x58  drv_key.o [1]
  .text              ro code   0x800'4510     0x154  ssz_stm32_hal_bsp.o [1]
  .text              ro code   0x800'4664      0x98  pill_box_install_detect.o [1]
  .text              ro code   0x800'46fc      0x4c  pressure_bubble_sensor.o [1]
  .text              ro code   0x800'4748      0xd0  sys_power.o [1]
  .text              ro code   0x800'4818     0x16c  mid_adc.o [1]
  .text              ro code   0x800'4984     0xa3c  data.o [1]
  .text              ro code   0x800'53c0      0x38  mid_common.o [1]
  .text              ro code   0x800'53f8     0x798  drv_sst25_flash.o [1]
  .text              ro code   0x800'5b90      0x66  ABImemset.o [5]
  .text              ro code   0x800'5bf6       0x2  ui_page_control.o [1]
  .text              ro code   0x800'5bf8      0xa6  ABImemcpy.o [5]
  .rodata            const     0x800'5c9e       0x1  app_cmd.o [1]
  .rodata            const     0x800'5c9f       0x1  app_cmd.o [1]
  .text              ro code   0x800'5ca0     0x538  record_log.o [1]
  .text              ro code   0x800'61d8     0x148  record_log_text.o [1]
  .text              ro code   0x800'6320     0x2b2  ssz_str_utility.o [1]
  .rodata            const     0x800'65d2       0x1  drv_isd2360.o [1]
  .rodata            const     0x800'65d3       0x1  string_data.o [1]
  .text              ro code   0x800'65d4     0x55c  ssz_nvram.o [1]
  .text              ro code   0x800'6b30     0x3bc  ui_disp_text.o [1]
  .text              ro code   0x800'6eec     0x5d4  ui_draw.o [1]
  .text              ro code   0x800'74c0     0x2ac  display.o [1]
  .text              ro code   0x800'776c     0x588  drv_oled.o [1]
  .text              ro code   0x800'7cf4      0x1c  image_data.o [1]
  .text              ro code   0x800'7d10      0xe8  ui_draw_img.o [1]
  .text              ro code   0x800'7df8     0x130  drv_infusion_motor.o [1]
  .text              ro code   0x800'7f28     0x672  infusion_motor.o [1]
  .rodata            const     0x800'859a       0x1  unselected_pointer.o [1]
  .rodata            const     0x800'859b       0x1  unwind_debug.o [6]
  .text              ro code   0x800'859c     0x7b8  three_valve_motor.o [1]
  .text              ro code   0x800'8d54     0x3a0  drv_isd2360.o [1]
  .text              ro code   0x800'90f4      0x4c  vibrater_motor.o [1]
  .text              ro code   0x800'9140     0x11c  do_before_main_loop.o [1]
  .text              ro code   0x800'925c     0x6ac  drv_lowpower.o [1]
  .text              ro code   0x800'9908     0x3b4  tim.o [1]
  .text              ro code   0x800'9cbc    0x119c  stm32l1xx_hal_tim.o [1]
  .text              ro code   0x800'ae58      0x16  strchr.o [5]
  .text              ro code   0x800'ae70      0x35  puts.o [2]
  .text              ro code   0x800'aea6      0x28  strncmp.o [2]
  .text              ro code   0x800'aed0     0x12c  ssz_common.o [1]
  .text              ro code   0x800'affc     0xfaa  xprintffull_nomb.o [2]
  .text              ro code   0x800'bfa8      0x5c  write.o [1]
  .text              ro code   0x800'c004      0x58  memchr.o [5]
  .text              ro code   0x800'c05c     0x174  ssz_stop_watch.o [1]
  .text              ro code   0x800'c1d0      0x44  app_common.o [1]
  .text              ro code   0x800'c214      0x24  ABIassert.o [6]
  .text              ro code   0x800'c238      0x68  memcmp.o [5]
  .text              ro code   0x800'c2a0      0x44  snprintf.o [2]
  .text              ro code   0x800'c2e4      0xa0  ssz_precision_tick_time.o [1]
  .text              ro code   0x800'c384      0x22  S32ToDbl.o [4]
  .text              ro code   0x800'c3a8      0x1a  U32ToDbl.o [4]
  .text              ro code   0x800'c3c4     0x246  DblDiv.o [4]
  .text              ro code   0x800'c60c     0x17a  DblAdd.o [4]
  .text              ro code   0x800'c788     0x120  msg.o [1]
  .text              ro code   0x800'c8a8     0x468  ssz_sim_i2c.o [1]
  .text              ro code   0x800'cd10      0x80  ssz_utility.o [1]
  .text              ro code   0x800'cd90      0xf0  main.o [1]
  .text              ro code   0x800'ce80     0x188  drv_interrupt.o [1]
  .text              ro code   0x800'd008      0x28  ssz_gpio.o [1]
  .text              ro code   0x800'd030     0x8ac  stm32l1xx_hal_spi.o [1]
  .text              ro code   0x800'd8dc     0x93c  stm32l1xx_hal_uart.o [1]
  .text              ro code   0x800'e218     0xb38  stm32l1xx_hal_adc.o [1]
  .text              ro code   0x800'ed50     0x4ea  ssz_block_file.o [1]
  .text              ro code   0x800'f23c     0x8a0  ssz_record.o [1]
  .text              ro code   0x800'fadc      0xb0  ssz_spi.o [1]
  .text              ro code   0x800'fb8c     0x1e8  param.o [1]
  .text              ro code   0x800'fd74       0xa  isdigit.o [2]
  .text              ro code   0x800'fd80      0x3c  ssz_algorithm.o [1]
  .text              ro code   0x800'fdbc      0xa6  font_data.o [1]
  .text              ro code   0x800'fe62     0x1fe  ui_utility.o [1]
  .text              ro code   0x801'0060      0x28  ssz_ui_config.o [1]
  .text              ro code   0x801'0088      0xfc  event.o [1]
  .text              ro code   0x801'0184     0x224  spi.o [1]
  .text              ro code   0x801'03a8      0x44  dtimer.o [1]
  .text              ro code   0x801'03ec     0x9c6  ui_view.o [1]
  .text              ro code   0x801'0db4     0x688  key.o [1]
  .text              ro code   0x801'143c      0x26  ui_common.o [1]
  .text              ro code   0x801'1464     0x204  stm32l1xx_hal_cortex.o [1]
  .text              ro code   0x801'1668      0x18  voice.o [1]
  .text              ro code   0x801'1680     0x124  adc.o [1]
  .text              ro code   0x801'17a4     0xf6c  stm32l1xx_hal_rcc.o [1]
  .text              ro code   0x801'2710     0x128  system_stm32l1xx.o [1]
  .text              ro code   0x801'2838      0x16  stm32l1xx_hal.o [1]
  .text              ro code   0x801'2850      0x80  stm32l1xx_hal_pwr.o [1]
  .text              ro code   0x801'28d0      0x30  stm32l1xx_hal_pwr_ex.o [1]
  .text              ro code   0x801'2900      0x10  stm32l1xx_hal.o [1]
  .text              ro code   0x801'2910     0x298  gpio.o [1]
  .text              ro code   0x801'2ba8     0x228  usart.o [1]
  .text              ro code   0x801'2dd0     0x2c0  drv_com.o [1]
  .text              ro code   0x801'3090      0xfc  led.o [1]
  .text              ro code   0x801'318c       0x2  dev_def.o [1]
  .text              ro code   0x801'3190     0x108  stm32l1xx_hal_tim_ex.o [1]
  .text              ro code   0x801'3298       0x2  stm32l1xx_hal_tim.o [1]
  .text              ro code   0x801'329a       0x2  stm32l1xx_hal_tim.o [1]
  .text              ro code   0x801'329c       0x2  stm32l1xx_hal_tim.o [1]
  .text              ro code   0x801'329e       0x2  stm32l1xx_hal_tim.o [1]
  .text              ro code   0x801'32a0      0x40  xfail_s.o [2]
  .text              ro code   0x801'32e0      0x70  frexp.o [4]
  .text              ro code   0x801'3350      0x2e  DblCmpLe.o [4]
  .text              ro code   0x801'3380      0x2e  DblCmpGe.o [4]
  .text              ro code   0x801'33b0     0x13a  ldexp.o [4]
  .text              ro code   0x801'34ec      0x3a  DblToS32.o [4]
  .text              ro code   0x801'3528      0xe2  DblSub.o [4]
  .text              ro code   0x801'360c      0x28  DblToU32.o [4]
  .text              ro code   0x801'3634     0x1a2  DblMul.o [4]
  .text              ro code   0x801'37d8     0x230  I64DivMod.o [5]
  .text              ro code   0x801'3a08       0x6  abort.o [2]
  .text              ro code   0x801'3a0e      0x28  ssz_queue.o [1]
  .text              ro code   0x801'3a38     0x5a0  ssz_deque.o [1]
  .text              ro code   0x801'3fd8      0xdc  main_run.o [1]
  .text              ro code   0x801'40b4       0xc  stm32l1xx_hal.o [1]
  .text              ro code   0x801'40c0       0x2  stm32l1xx_hal_uart.o [1]
  .text              ro code   0x801'40c2       0x2  stm32l1xx_hal_uart.o [1]
  .text              ro code   0x801'40c4      0xd0  string_data.o [1]
  .text              ro code   0x801'4194     0x1d8  stm32l1xx_hal_spi_ex.o [1]
  .text              ro code   0x801'436c      0xa4  ssz_timer.o [1]
  .text              ro code   0x801'4410     0x588  ssz_list.o [1]
  .text              ro code   0x801'4998      0x10  ui_view.o [1]
  .text              ro code   0x801'49a8      0x10  ui_view.o [1]
  .text              ro code   0x801'49b8       0x4  ui_view.o [1]
  .text              ro code   0x801'49bc     0x258  ssz_ui_view_config.o [1]
  .text              ro code   0x801'4c14      0x12  ui_view.o [1]
  .text              ro code   0x801'4c26       0x4  ui_view.o [1]
  .text              ro code   0x801'4c2a       0x4  ui_view.o [1]
  .text              ro code   0x801'4c2e       0x4  ui_view.o [1]
  .text              ro code   0x801'4c34      0x28  stm32l1xx_hal.o [1]
  .text              ro code   0x801'4c5c      0xa0  stm32l1xx_hal_msp.o [1]
  .text              ro code   0x801'4cfc     0x108  ssz_safe_queue.o [1]
  .text              ro code   0x801'4e04       0x2  I64DivZer.o [5]
  .text              ro code   0x801'4e08      0x14  exit.o [6]
  .text              ro code   0x801'4e1c     0x1c0  init.o [1]
  .text              ro code   0x801'4fdc       0x2  run_test_after_main.o [1]
  .text              ro code   0x801'4fde       0x4  ssz_ui_view_config.o [1]
  .text              ro code   0x801'4fe4      0x6c  ui_window.o [1]
  .text              ro code   0x801'5050      0xae  ui_lable.o [1]
  .text              ro code   0x801'5100     0x13c  ui_image.o [1]
  .text              ro code   0x801'523c     0x206  ui_number_edit.o [1]
  .text              ro code   0x801'5444      0xbc  ui_text_list.o [1]
  .text              ro code   0x801'5500     0x100  ui_image_list.o [1]
  .text              ro code   0x801'5600     0x142  ui_page_control.o [1]
  .text              ro code   0x801'5744     0x274  ui_statusbar.o [1]
  .text              ro code   0x801'59b8      0xbc  ui_progress_bar.o [1]
  .text              ro code   0x801'5a74     0x11a  ui_list_pos_indicator.o [1]
  .text              ro code   0x801'5b90      0x1c  ssz_locale.o [1]
  .text              ro code   0x801'5bac      0x18  ui_draw_base.o [1]
  .text              ro code   0x801'5bc4      0xb6  ui_text_base.o [1]
  .text              ro code   0x801'5c7a       0x8  ui_text_list.o [1]
  .text              ro code   0x801'5c84      0xb8  ssz_vector.o [1]
  .text              ro code   0x801'5d3c     0x49c  ui_list_base.o [1]
  .text              ro code   0x801'61d8      0x18  ui_text_list.o [1]
  .rodata            const     0x801'61f0     0x8d8  dengxian_regular_14.o [1]
  .rodata            const     0x801'6ac8     0x538  string_data.o [1]
  .rodata            const     0x801'7000     0x400  ssz_algorithm.o [1]
  .rodata            const     0x801'7400     0x3fc  app_cmd.o [1]
  .rodata            const     0x801'77fc     0x210  heiti_regular_88.o [1]
  .rodata            const     0x801'7a0c     0x210  heiti_regular_88.o [1]
  .rodata            const     0x801'7c1c     0x210  heiti_regular_88.o [1]
  .rodata            const     0x801'7e2c     0x210  heiti_regular_88.o [1]
  .rodata            const     0x801'803c     0x210  heiti_regular_88.o [1]
  .rodata            const     0x801'824c     0x210  heiti_regular_88.o [1]
  .rodata            const     0x801'845c     0x210  heiti_regular_88.o [1]
  .rodata            const     0x801'866c     0x210  heiti_regular_88.o [1]
  .rodata            const     0x801'887c     0x210  heiti_regular_88.o [1]
  .rodata            const     0x801'8a8c     0x210  heiti_regular_88.o [1]
  .rodata            const     0x801'8c9c     0x210  heiti_regular_88.o [1]
  .rodata            const     0x801'8eac     0x210  heiti_regular_88.o [1]
  .rodata            const     0x801'90bc     0x210  heiti_regular_88.o [1]
  .rodata            const     0x801'92cc     0x204  image_data.o [1]
  .rodata            const     0x801'94d0     0x1e0  select_1.o [1]
  .rodata            const     0x801'96b0     0x1e0  select_2.o [1]
  .rodata            const     0x801'9890     0x1c4  app_cmd.o [1]
  .rodata            const     0x801'9a54     0x1c0  app_cmd.o [1]
  .rodata            const     0x801'9c14     0x1bc  logo.o [1]
  .rodata            const     0x801'9dd0     0x100  app_cmd.o [1]
  .rodata            const     0x801'9ed0      0xf0  heiti_regular_60.o [1]
  .rodata            const     0x801'9fc0      0xf0  heiti_regular_60.o [1]
  .rodata            const     0x801'a0b0      0xf0  heiti_regular_60.o [1]
  .rodata            const     0x801'a1a0      0xf0  heiti_regular_60.o [1]
  .rodata            const     0x801'a290      0xf0  heiti_regular_60.o [1]
  .rodata            const     0x801'a380      0xf0  heiti_regular_60.o [1]
  .rodata            const     0x801'a470      0xf0  heiti_regular_60.o [1]
  .rodata            const     0x801'a560      0xf0  heiti_regular_60.o [1]
  .rodata            const     0x801'a650      0xf0  heiti_regular_60.o [1]
  .rodata            const     0x801'a740      0xf0  heiti_regular_60.o [1]
  .rodata            const     0x801'a830      0xf0  heiti_regular_60.o [1]
  .rodata            const     0x801'a920      0xf0  heiti_regular_60.o [1]
  .rodata            const     0x801'aa10      0xf0  heiti_regular_60.o [1]
  .rodata            const     0x801'ab00      0xf0  heiti_regular_60.o [1]
  .rodata            const     0x801'abf0      0xc8  flush_max_dose_selected.o [1]
  .rodata            const     0x801'acb8      0xc8  flush_max_dose_unselected.o [1]
  .rodata            const     0x801'ad80      0xc8  info_select.o [1]
  .rodata            const     0x801'ae48      0xc8  info_unselect.o [1]
  .rodata            const     0x801'af10      0xc8  mode_selected.o [1]
  .rodata            const     0x801'afd8      0xc8  mode_unselected.o [1]
  .rodata            const     0x801'b0a0      0xc8  peak_set_select.o [1]
  .rodata            const     0x801'b168      0xc8  peak_set_unselect.o [1]
  .rodata            const     0x801'b230      0xc8  time_select.o [1]
  .rodata            const     0x801'b2f8      0xc8  time_unselect.o [1]
  .text              ro code   0x801'b3c0      0xc0  stm32l1xx_it.o [1]
  .text              ro code   0x801'b480      0x10  stm32l1xx_hal.o [1]
  .rodata            const     0x801'b490      0xb8  data.o [1]
  .rodata            const     0x801'b548      0xb8  exhaust.o [1]
  .rodata            const     0x801'b600      0xb8  history_log.o [1]
  .rodata            const     0x801'b6b8      0xb8  new_task.o [1]
  .rodata            const     0x801'b770      0xb8  stop_infusion.o [1]
  .rodata            const     0x801'b828      0xb8  system_setting.o [1]
  .rodata            const     0x801'b8e0      0xb4  error.o [1]
  .rodata            const     0x801'b994      0xb4  warning.o [1]
  .rodata            const     0x801'ba48      0xb4  warning_common.o [1]
  .rodata            const     0x801'bafc      0xa4  app_cmd.o [1]
  .rodata            const     0x801'bba0      0xa4  ssz_record.o [1]
  .rodata            const     0x801'bc44      0xa0  ssz_ui_view_config.o [1]
  .rodata            const     0x801'bce4      0x98  app_cmd.o [1]
  .rodata            const     0x801'bd7c      0x98  drv_sst25_flash.o [1]
  .text              ro code   0x801'be14      0x98  ui_normal_list_base.o [1]
  .rodata            const     0x801'beac      0x84  app_cmd.o [1]
  .rodata            const     0x801'bf30      0x80  data.o [1]
  .rodata            const     0x801'bfb0      0x80  ssz_nvram.o [1]
  .rodata            const     0x801'c030      0x78  ssz_record.o [1]
  .rodata            const     0x801'c0a8      0x70  heiti_regular_60.o [1]
  .rodata            const     0x801'c118      0x6c  stm32l1xx_hal_adc.o [1]
  .rodata            const     0x801'c184      0x6c  stm32l1xx_hal_cortex.o [1]
  .rodata            const     0x801'c1f0      0x6c  stm32l1xx_hal_gpio.o [1]
  .rodata            const     0x801'c25c      0x6c  stm32l1xx_hal_pwr.o [1]
  .rodata            const     0x801'c2c8      0x6c  stm32l1xx_hal_rcc.o [1]
  .rodata            const     0x801'c334      0x6c  stm32l1xx_hal_spi.o [1]
  .rodata            const     0x801'c3a0      0x6c  stm32l1xx_hal_spi_ex.o [1]
  .rodata            const     0x801'c40c      0x6c  stm32l1xx_hal_tim.o [1]
  .rodata            const     0x801'c478      0x6c  stm32l1xx_hal_tim_ex.o [1]
  .rodata            const     0x801'c4e4      0x6c  stm32l1xx_hal_uart.o [1]
  .rodata            const     0x801'c550      0x68  app_cmd.o [1]
  .rodata            const     0x801'c5b8      0x68  heiti_regular_88.o [1]
  Initializer bytes  const     0x801'c620      0x68  <for P2-1>
  .rodata            const     0x801'c688      0x64  app_cmd.o [1]
  .rodata            const     0x801'c6ec      0x64  key.o [1]
  .rodata            const     0x801'c750      0x5c  ui_normal_list_base.o [1]
  .rodata            const     0x801'c7ac      0x58  app_cmd.o [1]
  .rodata            const     0x801'c804      0x58  drv_sst25_flash.o [1]
  .rodata            const     0x801'c85c      0x58  ssz_stm32_hal_bsp.o [1]
  .rodata            const     0x801'c8b4      0x54  app_cmd.o [1]
  .rodata            const     0x801'c908      0x54  data.o [1]
  .rodata            const     0x801'c95c      0x54  drv_sst25_flash.o [1]
  .rodata            const     0x801'c9b0      0x54  drv_sst25_flash.o [1]
  .rodata            const     0x801'ca04      0x54  ui_list_base.o [1]
  .rodata            const     0x801'ca58      0x50  app_cmd.o [1]
  .rodata            const     0x801'caa8      0x50  record_log.o [1]
  .rodata            const     0x801'caf8      0x50  ssz_block_file.o [1]
  .rodata            const     0x801'cb48      0x50  ssz_block_file.o [1]
  .rodata            const     0x801'cb98      0x50  ssz_safe_queue.o [1]
  .rodata            const     0x801'cbe8      0x50  ssz_str_utility.o [1]
  .rodata            const     0x801'cc38      0x50  ssz_time_utility.o [1]
  .rodata            const     0x801'cc88      0x50  iar_Stoulx.o [2]
  .rodata            const     0x801'ccd8      0x4c  app_cmd.o [1]
  .rodata            const     0x801'cd24      0x4c  app_cmd.o [1]
  .rodata            const     0x801'cd70      0x4c  app_cmd.o [1]
  .rodata            const     0x801'cdbc      0x4c  font_data.o [1]
  .rodata            const     0x801'ce08      0x4c  record_log.o [1]
  .rodata            const     0x801'ce54      0x4c  ssz_common.o [1]
  .rodata            const     0x801'cea0      0x4c  ssz_deque.o [1]
  .rodata            const     0x801'ceec      0x4c  ssz_nvram.o [1]
  .rodata            const     0x801'cf38      0x4c  ssz_record.o [1]
  .rodata            const     0x801'cf84      0x4c  ssz_sim_i2c.o [1]
  .rodata            const     0x801'cfd0      0x4c  ssz_timer.o [1]
  .rodata            const     0x801'd01c      0x4c  ssz_vector.o [1]
  .rodata            const     0x801'd068      0x4c  string_data.o [1]
  .rodata            const     0x801'd0b4      0x4c  three_valve_motor.o [1]
  .rodata            const     0x801'd100      0x48  app_cmd.o [1]
  .rodata            const     0x801'd148      0x48  event.o [1]
  .rodata            const     0x801'd190      0x48  infusion_motor.o [1]
  .rodata            const     0x801'd1d8      0x48  record_log_text.o [1]
  .rodata            const     0x801'd220      0x48  ssz_file.o [1]
  .rodata            const     0x801'd268      0x48  ssz_list.o [1]
  .rodata            const     0x801'd2b0      0x48  string_data.o [1]
  .rodata            const     0x801'd2f8      0x48  timer.o [1]
  .rodata            const     0x801'd340      0x48  ui_disp_text.o [1]
  .rodata            const     0x801'd388      0x48  ui_view.o [1]
  .rodata            const     0x801'd3d0      0x44  app_cmd.o [1]
  .rodata            const     0x801'd414      0x44  app_cmd.o [1]
  .rodata            const     0x801'd458      0x44  data.o [1]
  .rodata            const     0x801'd49c      0x44  drv_lowpower.o [1]
  .rodata            const     0x801'd4e0      0x44  drv_sst25_flash.o [1]
  .rodata            const     0x801'd524      0x44  msg.o [1]
  .rodata            const     0x801'd568      0x44  record_log.o [1]
  .rodata            const     0x801'd5ac      0x44  ssz_common.o [1]
  .rodata            const     0x801'd5f0      0x44  ssz_time_utility.o [1]
  .rodata            const     0x801'd634      0x44  ssz_ui_view_config.o [1]
  .rodata            const     0x801'd678      0x44  string_data.o [1]
  .rodata            const     0x801'd6bc      0x44  string_data.o [1]
  .rodata            const     0x801'd700      0x44  string_data.o [1]
  .rodata            const     0x801'd744      0x44  ui_draw_img.o [1]
  .rodata            const     0x801'd788      0x40  adc.o [1]
  .rodata            const     0x801'd7c8      0x40  app_cmd.o [1]
  .rodata            const     0x801'd808      0x40  app_cmd.o [1]
  .rodata            const     0x801'd848      0x40  app_cmd.o [1]
  .rodata            const     0x801'd888      0x40  app_cmd.o [1]
  .rodata            const     0x801'd8c8      0x40  data.o [1]
  .rodata            const     0x801'd908      0x40  drv_sst25_flash.o [1]
  .rodata            const     0x801'd948      0x40  main.o [1]
  .rodata            const     0x801'd988      0x40  mid_adc.o [1]
  .rodata            const     0x801'd9c8      0x40  param.o [1]
  .rodata            const     0x801'da08      0x40  spi.o [1]
  .rodata            const     0x801'da48      0x40  ssz_record.o [1]
  .rodata            const     0x801'da88      0x40  string_data.o [1]
  .rodata            const     0x801'dac8      0x40  tim.o [1]
  .rodata            const     0x801'db08      0x40  ui_draw.o [1]
  .rodata            const     0x801'db48      0x40  usart.o [1]
  .rodata            const     0x801'db88      0x3c  app_cmd.o [1]
  .rodata            const     0x801'dbc4      0x3c  app_cmd.o [1]
  .rodata            const     0x801'dc00      0x3c  app_cmd.o [1]
  .rodata            const     0x801'dc3c      0x3c  app_cmd.o [1]
  .rodata            const     0x801'dc78      0x3c  app_cmd.o [1]
  .rodata            const     0x801'dcb4      0x3c  app_cmd.o [1]
  .rodata            const     0x801'dcf0      0x3c  com.o [1]
  .rodata            const     0x801'dd2c      0x3c  drv_com.o [1]
  .rodata            const     0x801'dd68      0x3c  drv_rtc.o [1]
  .rodata            const     0x801'dda4      0x3c  drv_sst25_flash.o [1]
  .rodata            const     0x801'dde0      0x3c  key.o [1]
  .rodata            const     0x801'de1c      0x3c  led.o [1]
  .rodata            const     0x801'de58      0x3c  record_log.o [1]
  .rodata            const     0x801'de94      0x3c  ssz_config.o [1]
  .rodata            const     0x801'ded0      0x3c  ssz_record.o [1]
  .rodata            const     0x801'df0c      0x3c  string_data.o [1]
  .rodata            const     0x801'df48      0x3c  string_data.o [1]
  .rodata            const     0x801'df84      0x3c  three_valve_motor.o [1]
  .rodata            const     0x801'dfc0      0x38  app_cmd.o [1]
  .rodata            const     0x801'dff8      0x38  app_cmd.o [1]
  .rodata            const     0x801'e030      0x38  app_cmd.o [1]
  .rodata            const     0x801'e068      0x38  app_cmd.o [1]
  .rodata            const     0x801'e0a0      0x38  app_cmd.o [1]
  .rodata            const     0x801'e0d8      0x38  param.o [1]
  .rodata            const     0x801'e110      0x38  ssz_record.o [1]
  .rodata            const     0x801'e148      0x38  ssz_record.o [1]
  .rodata            const     0x801'e180      0x38  ui_draw.o [1]
  .rodata            const     0x801'e1b8      0x34  app_cmd.o [1]
  .rodata            const     0x801'e1ec      0x34  app_cmd.o [1]
  .rodata            const     0x801'e220      0x34  app_cmd.o [1]
  .rodata            const     0x801'e254      0x34  app_cmd.o [1]
  .rodata            const     0x801'e288      0x34  app_cmd.o [1]
  .rodata            const     0x801'e2bc      0x34  app_cmd.o [1]
  .rodata            const     0x801'e2f0      0x34  app_cmd.o [1]
  .rodata            const     0x801'e324      0x34  app_cmd.o [1]
  .rodata            const     0x801'e358      0x34  app_cmd.o [1]
  .rodata            const     0x801'e38c      0x34  app_cmd.o [1]
  .rodata            const     0x801'e3c0      0x34  app_cmd.o [1]
  .rodata            const     0x801'e3f4      0x34  infusion_motor.o [1]
  .rodata            const     0x801'e428      0x34  infusion_motor.o [1]
  .rodata            const     0x801'e45c      0x34  param.o [1]
  .rodata            const     0x801'e490      0x34  param.o [1]
  .rodata            const     0x801'e4c4      0x34  param.o [1]
  .rodata            const     0x801'e4f8      0x34  ssz_deque.o [1]
  .rodata            const     0x801'e52c      0x34  ssz_list.o [1]
  .rodata            const     0x801'e560      0x34  ssz_record.o [1]
  .rodata            const     0x801'e594      0x34  ssz_record.o [1]
  .rodata            const     0x801'e5c8      0x34  string_data.o [1]
  .rodata            const     0x801'e5fc      0x34  three_valve_motor.o [1]
  .rodata            const     0x801'e630      0x34  ui_list_base.o [1]
  .rodata            const     0x801'e664      0x34  write.o [1]
  .rodata            const     0x801'e698      0x30  app_cmd.o [1]
  .rodata            const     0x801'e6c8      0x30  app_cmd.o [1]
  .rodata            const     0x801'e6f8      0x30  app_cmd.o [1]
  .rodata            const     0x801'e728      0x30  app_cmd.o [1]
  .rodata            const     0x801'e758      0x30  app_cmd.o [1]
  .rodata            const     0x801'e788      0x30  battery_AC.o [1]
  .rodata            const     0x801'e7b8      0x30  battery_empty.o [1]
  .rodata            const     0x801'e7e8      0x30  battery_full.o [1]
  .rodata            const     0x801'e818      0x30  battery_no.o [1]
  .rodata            const     0x801'e848      0x30  battery_one.o [1]
  .rodata            const     0x801'e878      0x30  battery_three.o [1]
  .rodata            const     0x801'e8a8      0x30  battery_two.o [1]
  .rodata            const     0x801'e8d8      0x30  font_data.o [1]
  .rodata            const     0x801'e908      0x30  infusion_motor.o [1]
  .rodata            const     0x801'e938      0x30  param.o [1]
  .rodata            const     0x801'e968      0x30  param.o [1]
  .rodata            const     0x801'e998      0x30  record_log.o [1]
  .rodata            const     0x801'e9c8      0x30  ssz_common.o [1]
  .rodata            const     0x801'e9f8      0x30  string_data.o [1]
  .rodata            const     0x801'ea28      0x30  three_valve_motor.o [1]
  .rodata            const     0x801'ea58      0x2c  app_cmd.o [1]
  .rodata            const     0x801'ea84      0x2c  app_cmd.o [1]
  .rodata            const     0x801'eab0      0x2c  app_cmd.o [1]
  .rodata            const     0x801'eadc      0x2c  app_cmd.o [1]
  .rodata            const     0x801'eb08      0x2c  app_cmd.o [1]
  .rodata            const     0x801'eb34      0x2c  app_cmd.o [1]
  .rodata            const     0x801'eb60      0x2c  app_cmd.o [1]
  .rodata            const     0x801'eb8c      0x2c  app_cmd.o [1]
  .rodata            const     0x801'ebb8      0x2c  key.o [1]
  .rodata            const     0x801'ebe4      0x2c  param.o [1]
  .rodata            const     0x801'ec10      0x2c  param.o [1]
  .rodata            const     0x801'ec3c      0x2c  ssz_deque.o [1]
  .rodata            const     0x801'ec68      0x2c  ssz_file.o [1]
  .rodata            const     0x801'ec94      0x2c  ssz_list.o [1]
  .rodata            const     0x801'ecc0      0x2c  ssz_ui_view_config.o [1]
  .rodata            const     0x801'ecec      0x2c  string_data.o [1]
  .rodata            const     0x801'ed18      0x2c  string_data.o [1]
  .rodata            const     0x801'ed44      0x2c  three_valve_motor.o [1]
  .rodata            const     0x801'ed70      0x2c  three_valve_motor.o [1]
  .rodata            const     0x801'ed9c      0x2c  ui_image_list.o [1]
  .rodata            const     0x801'edc8      0x2c  ui_list_base.o [1]
  .rodata            const     0x801'edf4      0x2c  ui_normal_list_base.o [1]
  .rodata            const     0x801'ee20      0x2c  ui_page_control.o [1]
  .rodata            const     0x801'ee4c      0x2c  ui_text_list.o [1]
  .rodata            const     0x801'ee78      0x28  app_cmd.o [1]
  .rodata            const     0x801'eea0      0x28  app_cmd.o [1]
  .rodata            const     0x801'eec8      0x28  app_cmd.o [1]
  .rodata            const     0x801'eef0      0x28  app_cmd.o [1]
  .rodata            const     0x801'ef18      0x28  app_cmd.o [1]
  .rodata            const     0x801'ef40      0x28  app_cmd.o [1]
  .rodata            const     0x801'ef68      0x28  app_cmd.o [1]
  .rodata            const     0x801'ef90      0x28  app_cmd.o [1]
  .rodata            const     0x801'efb8      0x28  app_cmd.o [1]
  .rodata            const     0x801'efe0      0x28  app_cmd.o [1]
  .rodata            const     0x801'f008      0x28  app_cmd.o [1]
  .rodata            const     0x801'f030      0x28  app_cmd.o [1]
  .rodata            const     0x801'f058      0x28  app_cmd.o [1]
  .rodata            const     0x801'f080      0x28  app_cmd.o [1]
  .rodata            const     0x801'f0a8      0x28  app_cmd.o [1]
  .rodata            const     0x801'f0d0      0x28  app_cmd.o [1]
  .rodata            const     0x801'f0f8      0x28  drv_key.o [1]
  .rodata            const     0x801'f120      0x28  drv_sst25_flash.o [1]
  .rodata            const     0x801'f148      0x28  infusion_motor.o [1]
  .rodata            const     0x801'f170      0x28  infusion_motor.o [1]
  .rodata            const     0x801'f198      0x28  infusion_motor.o [1]
  .rodata            const     0x801'f1c0      0x28  param.o [1]
  .rodata            const     0x801'f1e8      0x28  param.o [1]
  .rodata            const     0x801'f210      0x28  param.o [1]
  .rodata            const     0x801'f238      0x28  record_log.o [1]
  .rodata            const     0x801'f260      0x28  ssz_common.o [1]
  .rodata            const     0x801'f288      0x28  ssz_file.o [1]
  .rodata            const     0x801'f2b0      0x28  ssz_file.o [1]
  .rodata            const     0x801'f2d8      0x28  ssz_ui_view_config.o [1]
  .rodata            const     0x801'f300      0x28  ssz_ui_view_config.o [1]
  .rodata            const     0x801'f328      0x28  string_data.o [1]
  .rodata            const     0x801'f350      0x28  string_data.o [1]
  .rodata            const     0x801'f378      0x28  ui_draw.o [1]
  .rodata            const     0x801'f3a0      0x28  ui_view.o [1]
  .text              ro code   0x801'f3c8      0x28  data_init.o [5]
  .rodata            const     0x801'f3f0      0x24  app_cmd.o [1]
  .rodata            const     0x801'f414      0x24  app_cmd.o [1]
  .rodata            const     0x801'f438      0x24  app_cmd.o [1]
  .rodata            const     0x801'f45c      0x24  app_cmd.o [1]
  .rodata            const     0x801'f480      0x24  app_cmd.o [1]
  .rodata            const     0x801'f4a4      0x24  app_cmd.o [1]
  .rodata            const     0x801'f4c8      0x24  app_cmd.o [1]
  .rodata            const     0x801'f4ec      0x24  app_cmd.o [1]
  .rodata            const     0x801'f510      0x24  app_cmd.o [1]
  .rodata            const     0x801'f534      0x24  app_cmd.o [1]
  .rodata            const     0x801'f558      0x24  app_cmd.o [1]
  .rodata            const     0x801'f57c      0x24  app_cmd.o [1]
  .rodata            const     0x801'f5a0      0x24  app_cmd.o [1]
  .rodata            const     0x801'f5c4      0x24  app_cmd.o [1]
  .rodata            const     0x801'f5e8      0x24  app_cmd.o [1]
  .rodata            const     0x801'f60c      0x24  app_cmd.o [1]
  .rodata            const     0x801'f630      0x24  app_cmd.o [1]
  .rodata            const     0x801'f654      0x24  app_cmd.o [1]
  .rodata            const     0x801'f678      0x24  app_cmd.o [1]
  .rodata            const     0x801'f69c      0x24  app_cmd.o [1]
  .rodata            const     0x801'f6c0      0x24  data.o [1]
  .rodata            const     0x801'f6e4      0x24  drv_com.o [1]
  .rodata            const     0x801'f708      0x24  drv_lowpower.o [1]
  .rodata            const     0x801'f72c      0x24  drv_lowpower.o [1]
  .rodata            const     0x801'f750      0x24  drv_lowpower.o [1]
  .rodata            const     0x801'f774      0x24  drv_lowpower.o [1]
  .rodata            const     0x801'f798      0x24  event.o [1]
  .rodata            const     0x801'f7bc      0x24  infusion_motor.o [1]
  .rodata            const     0x801'f7e0      0x24  key.o [1]
  .rodata            const     0x801'f804      0x24  param.o [1]
  .rodata            const     0x801'f828      0x24  param.o [1]
  .rodata            const     0x801'f84c      0x24  param.o [1]
  .rodata            const     0x801'f870      0x24  param.o [1]
  .rodata            const     0x801'f894      0x24  param.o [1]
  .rodata            const     0x801'f8b8      0x24  ssz_list.o [1]
  .rodata            const     0x801'f8dc      0x24  ssz_ui_view_config.o [1]
  .rodata            const     0x801'f900      0x24  ssz_ui_view_config.o [1]
  .rodata            const     0x801'f924      0x24  ssz_ui_view_config.o [1]
  .rodata            const     0x801'f948      0x24  ssz_ui_view_config.o [1]
  .rodata            const     0x801'f96c      0x24  string_data.o [1]
  .rodata            const     0x801'f990      0x24  three_valve_motor.o [1]
  .iar.init_table    const     0x801'f9b4      0x24  - Linker created -
  .rodata            const     0x801'f9d8      0x20  app_cmd.o [1]
  .rodata            const     0x801'f9f8      0x20  app_cmd.o [1]
  .rodata            const     0x801'fa18      0x20  app_cmd.o [1]
  .rodata            const     0x801'fa38      0x20  app_cmd.o [1]
  .rodata            const     0x801'fa58      0x20  app_cmd.o [1]
  .rodata            const     0x801'fa78      0x20  app_cmd.o [1]
  .rodata            const     0x801'fa98      0x20  app_cmd.o [1]
  .rodata            const     0x801'fab8      0x20  app_cmd.o [1]
  .rodata            const     0x801'fad8      0x20  app_cmd.o [1]
  .rodata            const     0x801'faf8      0x20  app_cmd.o [1]
  .rodata            const     0x801'fb18      0x20  app_cmd.o [1]
  .rodata            const     0x801'fb38      0x20  app_cmd.o [1]
  .rodata            const     0x801'fb58      0x20  app_cmd.o [1]
  .rodata            const     0x801'fb78      0x20  app_cmd.o [1]
  .rodata            const     0x801'fb98      0x20  app_cmd.o [1]
  .rodata            const     0x801'fbb8      0x20  app_cmd.o [1]
  .rodata            const     0x801'fbd8      0x20  app_cmd.o [1]
  .rodata            const     0x801'fbf8      0x20  app_cmd.o [1]
  .rodata            const     0x801'fc18      0x20  app_mcu_comm.o [1]
  .rodata            const     0x801'fc38      0x20  com.o [1]
  .rodata            const     0x801'fc58      0x20  cpu_usage.o [1]
  .rodata            const     0x801'fc78      0x20  drv_isd2360.o [1]
  .rodata            const     0x801'fc98      0x20  drv_lowpower.o [1]
  .rodata            const     0x801'fcb8      0x20  drv_lowpower.o [1]
  .rodata            const     0x801'fcd8      0x20  drv_lowpower.o [1]
  .rodata            const     0x801'fcf8      0x20  drv_lowpower.o [1]
  .rodata            const     0x801'fd18      0x20  drv_sst25_flash.o [1]
  .rodata            const     0x801'fd38      0x20  infusion_motor.o [1]
  .rodata            const     0x801'fd58      0x20  infusion_pause.o [1]
  .rodata            const     0x801'fd78      0x20  infusion_run.o [1]
  .rodata            const     0x801'fd98      0x20  infusion_stop.o [1]
  .rodata            const     0x801'fdb8      0x20  mute.o [1]
  .rodata            const     0x801'fdd8      0x20  param.o [1]
  .rodata            const     0x801'fdf8      0x20  param.o [1]
  .rodata            const     0x801'fe18      0x20  param.o [1]
  .rodata            const     0x801'fe38      0x20  param.o [1]
  .rodata            const     0x801'fe58      0x20  param.o [1]
  .rodata            const     0x801'fe78      0x20  record_log.o [1]
  .rodata            const     0x801'fe98      0x20  record_log.o [1]
  .rodata            const     0x801'feb8      0x20  record_log.o [1]
  .rodata            const     0x801'fed8      0x20  sound_pause.o [1]
  .rodata            const     0x801'fef8      0x20  ssz_block_file.o [1]
  .rodata            const     0x801'ff18      0x20  ssz_block_file.o [1]
  .rodata            const     0x801'ff38      0x20  ssz_record.o [1]
  .rodata            const     0x801'ff58      0x20  ssz_record.o [1]
  .rodata            const     0x801'ff78      0x20  ssz_ui_view_config.o [1]
  .rodata            const     0x801'ff98      0x20  ssz_ui_view_config.o [1]
  .rodata            const     0x801'ffb8      0x20  ssz_ui_view_config.o [1]
  .rodata            const     0x801'ffd8      0x20  string_data.o [1]
  .rodata            const     0x801'fff8      0x20  string_data.o [1]
  .rodata            const     0x802'0018      0x20  string_data.o [1]
  .rodata            const     0x802'0038      0x20  string_data.o [1]
  .text              ro code   0x802'0058      0x1e  cmain.o [5]
  .text              ro code   0x802'0076       0x4  low_level_init.o [2]
  .text              ro code   0x802'007a       0x4  exit.o [2]
  .text              ro code   0x802'0080       0xa  cexit.o [5]
  .rodata            const     0x802'008c      0x1c  app_cmd.o [1]
  .rodata            const     0x802'00a8      0x1c  app_cmd.o [1]
  .rodata            const     0x802'00c4      0x1c  app_cmd.o [1]
  .rodata            const     0x802'00e0      0x1c  app_cmd.o [1]
  .rodata            const     0x802'00fc      0x1c  app_cmd.o [1]
  .rodata            const     0x802'0118      0x1c  app_cmd.o [1]
  .rodata            const     0x802'0134      0x1c  app_cmd.o [1]
  .rodata            const     0x802'0150      0x1c  app_cmd.o [1]
  .rodata            const     0x802'016c      0x1c  app_cmd.o [1]
  .rodata            const     0x802'0188      0x1c  app_cmd.o [1]
  .rodata            const     0x802'01a4      0x1c  app_cmd.o [1]
  .rodata            const     0x802'01c0      0x1c  app_cmd.o [1]
  .rodata            const     0x802'01dc      0x1c  app_mcu_comm.o [1]
  .rodata            const     0x802'01f8      0x1c  dengxian_regular_14.o [1]
  .rodata            const     0x802'0214      0x1c  dengxian_regular_14.o [1]
  .rodata            const     0x802'0230      0x1c  dengxian_regular_14.o [1]
  .rodata            const     0x802'024c      0x1c  dengxian_regular_14.o [1]
  .rodata            const     0x802'0268      0x1c  dengxian_regular_14.o [1]
  .rodata            const     0x802'0284      0x1c  dengxian_regular_14.o [1]
  .rodata            const     0x802'02a0      0x1c  dengxian_regular_14.o [1]
  .rodata            const     0x802'02bc      0x1c  dengxian_regular_14.o [1]
  .rodata            const     0x802'02d8      0x1c  dengxian_regular_14.o [1]
  .rodata            const     0x802'02f4      0x1c  dengxian_regular_14.o [1]
  .rodata            const     0x802'0310      0x1c  dengxian_regular_14.o [1]
  .rodata            const     0x802'032c      0x1c  dengxian_regular_14.o [1]
  .rodata            const     0x802'0348      0x1c  dengxian_regular_14.o [1]
  .rodata            const     0x802'0364      0x1c  dengxian_regular_14.o [1]
  .rodata            const     0x802'0380      0x1c  dengxian_regular_14.o [1]
  .rodata            const     0x802'039c      0x1c  dengxian_regular_14.o [1]
  .rodata            const     0x802'03b8      0x1c  dengxian_regular_14.o [1]
  .rodata            const     0x802'03d4      0x1c  dengxian_regular_14.o [1]
  .rodata            const     0x802'03f0      0x1c  dengxian_regular_14.o [1]
  .rodata            const     0x802'040c      0x1c  dengxian_regular_14.o [1]
  .rodata            const     0x802'0428      0x1c  dengxian_regular_14.o [1]
  .rodata            const     0x802'0444      0x1c  dengxian_regular_14.o [1]
  .rodata            const     0x802'0460      0x1c  dengxian_regular_14.o [1]
  .rodata            const     0x802'047c      0x1c  dengxian_regular_14.o [1]
  .rodata            const     0x802'0498      0x1c  dengxian_regular_14.o [1]
  .rodata            const     0x802'04b4      0x1c  dengxian_regular_14.o [1]
  .rodata            const     0x802'04d0      0x1c  dengxian_regular_14.o [1]
  .rodata            const     0x802'04ec      0x1c  dengxian_regular_14.o [1]
  .rodata            const     0x802'0508      0x1c  dengxian_regular_14.o [1]
  .rodata            const     0x802'0524      0x1c  dengxian_regular_14.o [1]
  .rodata            const     0x802'0540      0x1c  dengxian_regular_14.o [1]
  .rodata            const     0x802'055c      0x1c  dengxian_regular_14.o [1]
  .rodata            const     0x802'0578      0x1c  dengxian_regular_14.o [1]
  .rodata            const     0x802'0594      0x1c  dengxian_regular_14.o [1]
  .rodata            const     0x802'05b0      0x1c  dengxian_regular_14.o [1]
  .rodata            const     0x802'05cc      0x1c  dengxian_regular_14.o [1]
  .rodata            const     0x802'05e8      0x1c  dengxian_regular_14.o [1]
  .rodata            const     0x802'0604      0x1c  dengxian_regular_14.o [1]
  .rodata            const     0x802'0620      0x1c  dengxian_regular_14.o [1]
  .rodata            const     0x802'063c      0x1c  dengxian_regular_14.o [1]
  .rodata            const     0x802'0658      0x1c  dengxian_regular_14.o [1]
  .rodata            const     0x802'0674      0x1c  dengxian_regular_14.o [1]
  .rodata            const     0x802'0690      0x1c  dengxian_regular_14.o [1]
  .rodata            const     0x802'06ac      0x1c  dengxian_regular_14.o [1]
  .rodata            const     0x802'06c8      0x1c  dengxian_regular_14.o [1]
  .rodata            const     0x802'06e4      0x1c  dengxian_regular_14.o [1]
  .rodata            const     0x802'0700      0x1c  dengxian_regular_14.o [1]
  .rodata            const     0x802'071c      0x1c  dengxian_regular_14.o [1]
  .rodata            const     0x802'0738      0x1c  dengxian_regular_14.o [1]
  .rodata            const     0x802'0754      0x1c  dengxian_regular_14.o [1]
  .rodata            const     0x802'0770      0x1c  dengxian_regular_14.o [1]
  .rodata            const     0x802'078c      0x1c  dengxian_regular_14.o [1]
  .rodata            const     0x802'07a8      0x1c  dengxian_regular_14.o [1]
  .rodata            const     0x802'07c4      0x1c  dengxian_regular_14.o [1]
  .rodata            const     0x802'07e0      0x1c  dengxian_regular_14.o [1]
  .rodata            const     0x802'07fc      0x1c  dengxian_regular_14.o [1]
  .rodata            const     0x802'0818      0x1c  dengxian_regular_14.o [1]
  .rodata            const     0x802'0834      0x1c  dengxian_regular_14.o [1]
  .rodata            const     0x802'0850      0x1c  dengxian_regular_14.o [1]
  .rodata            const     0x802'086c      0x1c  dengxian_regular_14.o [1]
  .rodata            const     0x802'0888      0x1c  dengxian_regular_14.o [1]
  .rodata            const     0x802'08a4      0x1c  dengxian_regular_14.o [1]
  .rodata            const     0x802'08c0      0x1c  dengxian_regular_14.o [1]
  .rodata            const     0x802'08dc      0x1c  dengxian_regular_14.o [1]
  .rodata            const     0x802'08f8      0x1c  dengxian_regular_14.o [1]
  .rodata            const     0x802'0914      0x1c  dengxian_regular_14.o [1]
  .rodata            const     0x802'0930      0x1c  dengxian_regular_14.o [1]
  .rodata            const     0x802'094c      0x1c  dengxian_regular_14.o [1]
  .rodata            const     0x802'0968      0x1c  dengxian_regular_14.o [1]
  .rodata            const     0x802'0984      0x1c  dengxian_regular_14.o [1]
  .rodata            const     0x802'09a0      0x1c  dengxian_regular_14.o [1]
  .rodata            const     0x802'09bc      0x1c  dengxian_regular_14.o [1]
  .rodata            const     0x802'09d8      0x1c  dengxian_regular_14.o [1]
  .rodata            const     0x802'09f4      0x1c  dengxian_regular_14.o [1]
  .rodata            const     0x802'0a10      0x1c  dengxian_regular_14.o [1]
  .rodata            const     0x802'0a2c      0x1c  dengxian_regular_14.o [1]
  .rodata            const     0x802'0a48      0x1c  dengxian_regular_14.o [1]
  .rodata            const     0x802'0a64      0x1c  dengxian_regular_14.o [1]
  .rodata            const     0x802'0a80      0x1c  dengxian_regular_14.o [1]
  .rodata            const     0x802'0a9c      0x1c  dengxian_regular_14.o [1]
  .rodata            const     0x802'0ab8      0x1c  dengxian_regular_14.o [1]
  .rodata            const     0x802'0ad4      0x1c  dengxian_regular_14.o [1]
  .rodata            const     0x802'0af0      0x1c  dengxian_regular_14.o [1]
  .rodata            const     0x802'0b0c      0x1c  dengxian_regular_14.o [1]
  .rodata            const     0x802'0b28      0x1c  dengxian_regular_14.o [1]
  .rodata            const     0x802'0b44      0x1c  dengxian_regular_14.o [1]
  .rodata            const     0x802'0b60      0x1c  dengxian_regular_14.o [1]
  .rodata            const     0x802'0b7c      0x1c  dengxian_regular_14.o [1]
  .rodata            const     0x802'0b98      0x1c  dengxian_regular_14.o [1]
  .rodata            const     0x802'0bb4      0x1c  dengxian_regular_14.o [1]
  .rodata            const     0x802'0bd0      0x1c  dengxian_regular_14.o [1]
  .rodata            const     0x802'0bec      0x1c  dengxian_regular_14.o [1]
  .rodata            const     0x802'0c08      0x1c  dengxian_regular_14.o [1]
  .rodata            const     0x802'0c24      0x1c  dengxian_regular_14.o [1]
  .rodata            const     0x802'0c40      0x1c  dengxian_regular_14.o [1]
  .rodata            const     0x802'0c5c      0x1c  dengxian_regular_14.o [1]
  .rodata            const     0x802'0c78      0x1c  dengxian_regular_14.o [1]
  .rodata            const     0x802'0c94      0x1c  dengxian_regular_14.o [1]
  .rodata            const     0x802'0cb0      0x1c  dengxian_regular_14.o [1]
  .rodata            const     0x802'0ccc      0x1c  dengxian_regular_14.o [1]
  .rodata            const     0x802'0ce8      0x1c  dengxian_regular_14.o [1]
  .rodata            const     0x802'0d04      0x1c  dengxian_regular_14.o [1]
  .rodata            const     0x802'0d20      0x1c  dengxian_regular_14.o [1]
  .rodata            const     0x802'0d3c      0x1c  dengxian_regular_14.o [1]
  .rodata            const     0x802'0d58      0x1c  dengxian_regular_14.o [1]
  .rodata            const     0x802'0d74      0x1c  dengxian_regular_14.o [1]
  .rodata            const     0x802'0d90      0x1c  dengxian_regular_14.o [1]
  .rodata            const     0x802'0dac      0x1c  dengxian_regular_14.o [1]
  .rodata            const     0x802'0dc8      0x1c  dengxian_regular_14.o [1]
  .rodata            const     0x802'0de4      0x1c  dengxian_regular_14.o [1]
  .rodata            const     0x802'0e00      0x1c  dengxian_regular_14.o [1]
  .rodata            const     0x802'0e1c      0x1c  dengxian_regular_14.o [1]
  .rodata            const     0x802'0e38      0x1c  dengxian_regular_14.o [1]
  .rodata            const     0x802'0e54      0x1c  dengxian_regular_14.o [1]
  .rodata            const     0x802'0e70      0x1c  dengxian_regular_14.o [1]
  .rodata            const     0x802'0e8c      0x1c  dengxian_regular_14.o [1]
  .rodata            const     0x802'0ea8      0x1c  dengxian_regular_14.o [1]
  .rodata            const     0x802'0ec4      0x1c  dengxian_regular_14.o [1]
  .rodata            const     0x802'0ee0      0x1c  dengxian_regular_14.o [1]
  .rodata            const     0x802'0efc      0x1c  dengxian_regular_14.o [1]
  .rodata            const     0x802'0f18      0x1c  dengxian_regular_14.o [1]
  .rodata            const     0x802'0f34      0x1c  dengxian_regular_14.o [1]
  .rodata            const     0x802'0f50      0x1c  dengxian_regular_14.o [1]
  .rodata            const     0x802'0f6c      0x1c  dengxian_regular_14.o [1]
  .rodata            const     0x802'0f88      0x1c  dengxian_regular_14.o [1]
  .rodata            const     0x802'0fa4      0x1c  dengxian_regular_14.o [1]
  .rodata            const     0x802'0fc0      0x1c  dengxian_regular_14.o [1]
  .rodata            const     0x802'0fdc      0x1c  dengxian_regular_14.o [1]
  .rodata            const     0x802'0ff8      0x1c  dengxian_regular_14.o [1]
  .rodata            const     0x802'1014      0x1c  dengxian_regular_14.o [1]
  .rodata            const     0x802'1030      0x1c  dengxian_regular_14.o [1]
  .rodata            const     0x802'104c      0x1c  dengxian_regular_14.o [1]
  .rodata            const     0x802'1068      0x1c  dengxian_regular_14.o [1]
  .rodata            const     0x802'1084      0x1c  dengxian_regular_14.o [1]
  .rodata            const     0x802'10a0      0x1c  dengxian_regular_14.o [1]
  .rodata            const     0x802'10bc      0x1c  dengxian_regular_14.o [1]
  .rodata            const     0x802'10d8      0x1c  dengxian_regular_14.o [1]
  .rodata            const     0x802'10f4      0x1c  dengxian_regular_14.o [1]
  .rodata            const     0x802'1110      0x1c  dengxian_regular_14.o [1]
  .rodata            const     0x802'112c      0x1c  dengxian_regular_14.o [1]
  .rodata            const     0x802'1148      0x1c  dengxian_regular_14.o [1]
  .rodata            const     0x802'1164      0x1c  dengxian_regular_14.o [1]
  .rodata            const     0x802'1180      0x1c  dengxian_regular_14.o [1]
  .rodata            const     0x802'119c      0x1c  dengxian_regular_14.o [1]
  .rodata            const     0x802'11b8      0x1c  dengxian_regular_14.o [1]
  .rodata            const     0x802'11d4      0x1c  dengxian_regular_14.o [1]
  .rodata            const     0x802'11f0      0x1c  dengxian_regular_14.o [1]
  .rodata            const     0x802'120c      0x1c  dengxian_regular_14.o [1]
  .rodata            const     0x802'1228      0x1c  dengxian_regular_14.o [1]
  .rodata            const     0x802'1244      0x1c  dengxian_regular_14.o [1]
  .rodata            const     0x802'1260      0x1c  dengxian_regular_14.o [1]
  .rodata            const     0x802'127c      0x1c  dengxian_regular_14.o [1]
  .rodata            const     0x802'1298      0x1c  dengxian_regular_14.o [1]
  .rodata            const     0x802'12b4      0x1c  dengxian_regular_14.o [1]
  .rodata            const     0x802'12d0      0x1c  dengxian_regular_14.o [1]
  .rodata            const     0x802'12ec      0x1c  dengxian_regular_14.o [1]
  .rodata            const     0x802'1308      0x1c  dengxian_regular_14.o [1]
  .rodata            const     0x802'1324      0x1c  dengxian_regular_14.o [1]
  .rodata            const     0x802'1340      0x1c  dengxian_regular_14.o [1]
  .rodata            const     0x802'135c      0x1c  dengxian_regular_14.o [1]
  .rodata            const     0x802'1378      0x1c  dengxian_regular_14.o [1]
  .rodata            const     0x802'1394      0x1c  dengxian_regular_14.o [1]
  .rodata            const     0x802'13b0      0x1c  dengxian_regular_14.o [1]
  .rodata            const     0x802'13cc      0x1c  dengxian_regular_14.o [1]
  .rodata            const     0x802'13e8      0x1c  dengxian_regular_14.o [1]
  .rodata            const     0x802'1404      0x1c  dengxian_regular_14.o [1]
  .rodata            const     0x802'1420      0x1c  dengxian_regular_14.o [1]
  .rodata            const     0x802'143c      0x1c  dengxian_regular_14.o [1]
  .rodata            const     0x802'1458      0x1c  dengxian_regular_14.o [1]
  .rodata            const     0x802'1474      0x1c  dengxian_regular_14.o [1]
  .rodata            const     0x802'1490      0x1c  dengxian_regular_14.o [1]
  .rodata            const     0x802'14ac      0x1c  dengxian_regular_14.o [1]
  .rodata            const     0x802'14c8      0x1c  dengxian_regular_14.o [1]
  .rodata            const     0x802'14e4      0x1c  dengxian_regular_14.o [1]
  .rodata            const     0x802'1500      0x1c  dengxian_regular_14.o [1]
  .rodata            const     0x802'151c      0x1c  dengxian_regular_14.o [1]
  .rodata            const     0x802'1538      0x1c  dengxian_regular_14.o [1]
  .rodata            const     0x802'1554      0x1c  dengxian_regular_14.o [1]
  .rodata            const     0x802'1570      0x1c  dengxian_regular_14.o [1]
  .rodata            const     0x802'158c      0x1c  dengxian_regular_14.o [1]
  .rodata            const     0x802'15a8      0x1c  dengxian_regular_14.o [1]
  .rodata            const     0x802'15c4      0x1c  dengxian_regular_14.o [1]
  .rodata            const     0x802'15e0      0x1c  dengxian_regular_14.o [1]
  .rodata            const     0x802'15fc      0x1c  dengxian_regular_14.o [1]
  .rodata            const     0x802'1618      0x1c  dengxian_regular_14.o [1]
  .rodata            const     0x802'1634      0x1c  dengxian_regular_14.o [1]
  .rodata            const     0x802'1650      0x1c  dengxian_regular_14.o [1]
  .rodata            const     0x802'166c      0x1c  dengxian_regular_14.o [1]
  .rodata            const     0x802'1688      0x1c  dengxian_regular_14.o [1]
  .rodata            const     0x802'16a4      0x1c  dengxian_regular_14.o [1]
  .rodata            const     0x802'16c0      0x1c  dengxian_regular_14.o [1]
  .rodata            const     0x802'16dc      0x1c  dengxian_regular_14.o [1]
  .rodata            const     0x802'16f8      0x1c  dengxian_regular_14.o [1]
  .rodata            const     0x802'1714      0x1c  dengxian_regular_14.o [1]
  .rodata            const     0x802'1730      0x1c  dengxian_regular_14.o [1]
  .rodata            const     0x802'174c      0x1c  dengxian_regular_14.o [1]
  .rodata            const     0x802'1768      0x1c  dengxian_regular_14.o [1]
  .rodata            const     0x802'1784      0x1c  dengxian_regular_14.o [1]
  .rodata            const     0x802'17a0      0x1c  dengxian_regular_14.o [1]
  .rodata            const     0x802'17bc      0x1c  dengxian_regular_14.o [1]
  .rodata            const     0x802'17d8      0x1c  dengxian_regular_14.o [1]
  .rodata            const     0x802'17f4      0x1c  dengxian_regular_14.o [1]
  .rodata            const     0x802'1810      0x1c  dengxian_regular_14.o [1]
  .rodata            const     0x802'182c      0x1c  dengxian_regular_14.o [1]
  .rodata            const     0x802'1848      0x1c  dengxian_regular_14.o [1]
  .rodata            const     0x802'1864      0x1c  dengxian_regular_14.o [1]
  .rodata            const     0x802'1880      0x1c  dengxian_regular_14.o [1]
  .rodata            const     0x802'189c      0x1c  dengxian_regular_14.o [1]
  .rodata            const     0x802'18b8      0x1c  dengxian_regular_14.o [1]
  .rodata            const     0x802'18d4      0x1c  dengxian_regular_14.o [1]
  .rodata            const     0x802'18f0      0x1c  dengxian_regular_14.o [1]
  .rodata            const     0x802'190c      0x1c  dengxian_regular_14.o [1]
  .rodata            const     0x802'1928      0x1c  dengxian_regular_14.o [1]
  .rodata            const     0x802'1944      0x1c  dengxian_regular_14.o [1]
  .rodata            const     0x802'1960      0x1c  dengxian_regular_14.o [1]
  .rodata            const     0x802'197c      0x1c  dengxian_regular_14.o [1]
  .rodata            const     0x802'1998      0x1c  dengxian_regular_14.o [1]
  .rodata            const     0x802'19b4      0x1c  dengxian_regular_14.o [1]
  .rodata            const     0x802'19d0      0x1c  dengxian_regular_14.o [1]
  .rodata            const     0x802'19ec      0x1c  drv_isd2360.o [1]
  .rodata            const     0x802'1a08      0x1c  infusion_motor.o [1]
  .rodata            const     0x802'1a24      0x1c  msg.o [1]
  .rodata            const     0x802'1a40      0x1c  param.o [1]
  .rodata            const     0x802'1a5c      0x1c  param.o [1]
  .rodata            const     0x802'1a78      0x1c  param.o [1]
  .rodata            const     0x802'1a94      0x1c  param.o [1]
  .rodata            const     0x802'1ab0      0x1c  ssz_config.o [1]
  .rodata            const     0x802'1acc      0x1c  ssz_record.o [1]
  .rodata            const     0x802'1ae8      0x1c  ssz_record.o [1]
  .rodata            const     0x802'1b04      0x1c  ssz_record.o [1]
  .rodata            const     0x802'1b20      0x1c  ssz_stop_watch.o [1]
  .rodata            const     0x802'1b3c      0x1c  ssz_time.o [1]
  .rodata            const     0x802'1b58      0x1c  string_data.o [1]
  .rodata            const     0x802'1b74      0x1c  string_data.o [1]
  .rodata            const     0x802'1b90      0x1c  string_data.o [1]
  .rodata            const     0x802'1bac      0x1c  string_data.o [1]
  .rodata            const     0x802'1bc8      0x1c  string_data.o [1]
  .rodata            const     0x802'1be4      0x1c  string_data.o [1]
  .rodata            const     0x802'1c00      0x1c  string_data.o [1]
  .rodata            const     0x802'1c1c      0x1c  string_data.o [1]
  .rodata            const     0x802'1c38      0x1c  three_valve_motor.o [1]
  .rodata            const     0x802'1c54      0x1c  three_valve_motor.o [1]
  .rodata            const     0x802'1c70      0x1c  version.o [1]
  .rodata            const     0x802'1c8c      0x1c  write.o [1]
  .rodata            const     0x802'1ca8      0x18  AC.o [1]
  .rodata            const     0x802'1cc0      0x18  app_cmd.o [1]
  .rodata            const     0x802'1cd8      0x18  app_cmd.o [1]
  .rodata            const     0x802'1cf0      0x18  app_cmd.o [1]
  .rodata            const     0x802'1d08      0x18  app_cmd.o [1]
  .rodata            const     0x802'1d20      0x18  app_cmd.o [1]
  .rodata            const     0x802'1d38      0x18  app_cmd.o [1]
  .rodata            const     0x802'1d50      0x18  app_cmd.o [1]
  .rodata            const     0x802'1d68      0x18  app_cmd.o [1]
  .rodata            const     0x802'1d80      0x18  app_cmd.o [1]
  .rodata            const     0x802'1d98      0x18  app_cmd.o [1]
  .rodata            const     0x802'1db0      0x18  do_before_main_loop.o [1]
  .rodata            const     0x802'1dc8      0x18  drv_sst25_flash.o [1]
  .rodata            const     0x802'1de0      0x18  infusion_motor.o [1]
  .rodata            const     0x802'1df8      0x18  infusion_motor.o [1]
  .rodata            const     0x802'1e10      0x18  infusion_motor.o [1]
  .rodata            const     0x802'1e28      0x18  main.o [1]
  .rodata            const     0x802'1e40      0x18  param.o [1]
  .rodata            const     0x802'1e58      0x18  param.o [1]
  .rodata            const     0x802'1e70      0x18  param.o [1]
  .rodata            const     0x802'1e88      0x18  record_log.o [1]
  .rodata            const     0x802'1ea0      0x18  ssz_block_file.o [1]
  .rodata            const     0x802'1eb8      0x18  ssz_config.o [1]
  .rodata            const     0x802'1ed0      0x18  ssz_deque.o [1]
  .rodata            const     0x802'1ee8      0x18  ssz_list.o [1]
  .rodata            const     0x802'1f00      0x18  ssz_record.o [1]
  .rodata            const     0x802'1f18      0x18  ssz_safe_queue.o [1]
  .rodata            const     0x802'1f30      0x18  ssz_stop_watch.o [1]
  .rodata            const     0x802'1f48      0x18  ssz_vector.o [1]
  .rodata            const     0x802'1f60      0x18  string_data.o [1]
  .rodata            const     0x802'1f78      0x18  string_data.o [1]
  .rodata            const     0x802'1f90      0x18  string_data.o [1]
  .rodata            const     0x802'1fa8      0x18  string_data.o [1]
  .rodata            const     0x802'1fc0      0x18  string_data.o [1]
  .rodata            const     0x802'1fd8      0x18  string_data.o [1]
  .rodata            const     0x802'1ff0      0x18  string_data.o [1]
[...]
                         0x801'4751   0x17a  Code  Gb  ssz_list.o [1]
ssz_list_next            0x801'449d    0x44  Code  Gb  ssz_list.o [1]
ssz_list_push_back       0x801'48cb    0x54  Code  Gb  ssz_list.o [1]
ssz_locale_lang          0x801'5b91     0x6  Code  Gb  ssz_locale.o [1]
ssz_locale_set_country_region
                         0x801'5b9d     0x6  Code  Gb  ssz_locale.o [1]
ssz_locale_set_lang      0x801'5b97     0x6  Code  Gb  ssz_locale.o [1]
ssz_mem_zero             0x800'aed1     0xe  Code  Gb  ssz_common.o [1]
ssz_milliseconds_to_run_time_of_days
                         0x800'327b    0x5a  Code  Gb  ssz_time_utility.o [1]
ssz_now_time_str_for_print
                         0x800'2979     0x8  Code  Gb  ssz_config.o [1]
ssz_nvram_check_if_is_byte
                         0x800'694d    0x5c  Code  Gb  ssz_nvram.o [1]
ssz_nvram_erase          0x800'6ab5    0x6e  Code  Gb  ssz_nvram.o [1]
ssz_nvram_erase_at_one_unit
                         0x800'69cd    0xe8  Code  Lc  ssz_nvram.o [1]
ssz_nvram_erase_one_unit
                         0x800'69b3    0x1a  Code  Gb  ssz_nvram.o [1]
ssz_nvram_fill_with      0x800'6797     0xe  Code  Gb  ssz_nvram.o [1]
ssz_nvram_fill_with_ex   0x800'67a5   0x10e  Code  Gb  ssz_nvram.o [1]
ssz_nvram_init           0x800'65d5    0x92  Code  Gb  ssz_nvram.o [1]
ssz_nvram_is_erased      0x800'69a9     0xa  Code  Gb  ssz_nvram.o [1]
ssz_nvram_read           0x800'68b3     0xc  Code  Gb  ssz_nvram.o [1]
ssz_nvram_read_ex        0x800'68bf    0x8e  Code  Gb  ssz_nvram.o [1]
ssz_nvram_write          0x800'678b     0xc  Code  Gb  ssz_nvram.o [1]
ssz_nvram_write_ex       0x800'6667   0x124  Code  Gb  ssz_nvram.o [1]
ssz_on_assert_fail       0x800'29a3    0x1e  Code  Gb  ssz_config.o [1]
ssz_on_check_fail        0x800'29c1    0x1e  Code  Gb  ssz_config.o [1]
ssz_precision_tick_time_elapsed_ex
                         0x800'c33f    0x3a  Code  Gb  ssz_precision_tick_time.o [1]
ssz_precision_tick_time_elapsed_us_ex
                         0x800'c2f7    0x48  Code  Gb  ssz_precision_tick_time.o [1]
ssz_precision_tick_time_now
                         0x800'c2e5    0x12  Code  Gb  ssz_precision_tick_time.o [1]
ssz_queue_emplace        0x801'3a2f     0x8  Code  Gb  ssz_queue.o [1]
ssz_queue_front          0x801'3a1f     0x8  Code  Gb  ssz_queue.o [1]
ssz_queue_init           0x801'3a0f     0x8  Code  Gb  ssz_queue.o [1]
ssz_queue_is_empty       0x801'3a17     0x8  Code  Gb  ssz_queue.o [1]
ssz_queue_pop            0x801'3a27     0x8  Code  Gb  ssz_queue.o [1]
ssz_record_address       0x800'f297    0x68  Code  Gb  ssz_record.o [1]
ssz_record_at            0x800'f78b    0x3e  Code  Gb  ssz_record.o [1]
ssz_record_at_address    0x800'f763    0x28  Code  Lc  ssz_record.o [1]
ssz_record_clear         0x800'f97d    0xf8  Code  Gb  ssz_record.o [1]
ssz_record_erase         0x800'fa75    0x68  Code  Gb  ssz_record.o [1]
ssz_record_head_address
                         0x800'f23d    0x5a  Code  Gb  ssz_record.o [1]
ssz_record_init_from_nvram
                         0x800'f48f    0x14  Code  Lc  ssz_record.o [1]
ssz_record_init_from_nvram_by_head
                         0x800'f2ff   0x102  Code  Lc  ssz_record.o [1]
ssz_record_init_from_nvram_by_record
                         0x800'f401    0x8e  Code  Lc  ssz_record.o [1]
ssz_record_load          0x800'f745    0x1a  Code  Gb  ssz_record.o [1]
ssz_record_push          0x800'f871   0x10c  Code  Gb  ssz_record.o [1]
ssz_record_size          0x800'f75f     0x4  Code  Gb  ssz_record.o [1]
ssz_record_struct_init   0x800'f4a3   0x258  Code  Gb  ssz_record.o [1]
ssz_record_top           0x800'f7c9    0x18  Code  Gb  ssz_record.o [1]
ssz_record_update_head   0x800'f7e1    0x90  Code  Lc  ssz_record.o [1]
ssz_safe_queue_front     0x801'4d5d    0x3c  Code  Gb  ssz_safe_queue.o [1]
ssz_safe_queue_init      0x801'4cfd    0x34  Code  Gb  ssz_safe_queue.o [1]
ssz_safe_queue_is_empty
                         0x801'4d31    0x14  Code  Gb  ssz_safe_queue.o [1]
ssz_safe_queue_pop       0x801'4da5    0x20  Code  Gb  ssz_safe_queue.o [1]
ssz_safe_queue_push      0x801'4dc5    0x40  Code  Gb  ssz_safe_queue.o [1]
ssz_safe_queue_size      0x801'4d45    0x18  Code  Gb  ssz_safe_queue.o [1]
ssz_seconds_to_time      0x800'30cf     0xa  Code  Gb  ssz_time_utility.o [1]
ssz_seconds_to_time_ex   0x800'30d9    0xe4  Code  Gb  ssz_time_utility.o [1]
ssz_set_last_error       0x800'aedf     0x6  Code  Gb  ssz_common.o [1]
ssz_sim_i2c_master_file_ctl
                         0x800'cc8b    0x3e  Code  Lc  ssz_sim_i2c.o [1]
ssz_sim_i2c_master_file_read
                         0x800'cc37    0x2a  Code  Lc  ssz_sim_i2c.o [1]
ssz_sim_i2c_master_file_write
                         0x800'cc61    0x2a  Code  Lc  ssz_sim_i2c.o [1]
ssz_sim_i2c_master_force_slaver_release
                         0x800'cbe7    0x50  Code  Gb  ssz_sim_i2c.o [1]
ssz_sim_i2c_master_init
                         0x800'ccc9    0x3a  Code  Gb  ssz_sim_i2c.o [1]
ssz_sim_i2c_master_is_slaver_busy
                         0x800'cbc5    0x22  Code  Gb  ssz_sim_i2c.o [1]
ssz_sim_i2c_master_read
                         0x800'caf9    0x66  Code  Gb  ssz_sim_i2c.o [1]
ssz_sim_i2c_master_write
                         0x800'cb5f    0x66  Code  Gb  ssz_sim_i2c.o [1]
ssz_sim_i2c_read_ack     0x800'c9dd    0x4c  Code  Gb  ssz_sim_i2c.o [1]
ssz_sim_i2c_read_byte    0x800'ca29    0x62  Code  Gb  ssz_sim_i2c.o [1]
ssz_sim_i2c_send_ack     0x800'c949    0x4a  Code  Gb  ssz_sim_i2c.o [1]
ssz_sim_i2c_send_nack    0x800'c993    0x4a  Code  Gb  ssz_sim_i2c.o [1]
ssz_sim_i2c_start        0x800'c8a9    0x50  Code  Gb  ssz_sim_i2c.o [1]
ssz_sim_i2c_stop         0x800'c8f9    0x50  Code  Gb  ssz_sim_i2c.o [1]
ssz_sim_i2c_write_byte   0x800'ca8b    0x6e  Code  Gb  ssz_sim_i2c.o [1]
ssz_sleep                0x800'4553     0x4  Code  Gb  ssz_stm32_hal_bsp.o [1]
ssz_spi_file_ctl         0x800'fb31    0x40  Code  Lc  ssz_spi.o [1]
ssz_spi_file_read        0x800'fadd    0x2a  Code  Lc  ssz_spi.o [1]
ssz_spi_file_write       0x800'fb07    0x2a  Code  Lc  ssz_spi.o [1]
ssz_spi_init             0x800'fb71    0x18  Code  Gb  ssz_spi.o [1]
ssz_spi_read             0x800'460d    0x1a  Code  Gb  ssz_stm32_hal_bsp.o [1]
ssz_spi_wait_write_finish
                         0x800'4641     0x2  Code  Gb  ssz_stm32_hal_bsp.o [1]
ssz_spi_write            0x800'4627    0x1a  Code  Gb  ssz_stm32_hal_bsp.o [1]
ssz_stop_watch_child_start
                         0x800'c08b    0x6a  Code  Gb  ssz_stop_watch.o [1]
ssz_stop_watch_child_stop
                         0x800'c0f5    0x2e  Code  Gb  ssz_stop_watch.o [1]
ssz_stop_watch_init      0x800'c05d     0x6  Code  Gb  ssz_stop_watch.o [1]
ssz_stop_watch_print     0x800'c12d    0x94  Code  Gb  ssz_stop_watch.o [1]
ssz_stop_watch_start     0x800'c063    0x28  Code  Gb  ssz_stop_watch.o [1]
ssz_stop_watch_stop      0x800'c123     0xa  Code  Gb  ssz_stop_watch.o [1]
ssz_str_find_not_number
                         0x800'635d    0x3c  Code  Gb  ssz_str_utility.o [1]
ssz_str_find_number      0x800'6321    0x3c  Code  Gb  ssz_str_utility.o [1]
ssz_str_hex_char_to_int
                         0x800'6529    0x42  Code  Gb  ssz_str_utility.o [1]
ssz_str_hex_to_int       0x800'656b    0x44  Code  Gb  ssz_str_utility.o [1]
ssz_str_line_num         0x800'6511    0x18  Code  Gb  ssz_str_utility.o [1]
ssz_str_print_only_one_line
                         0x800'65af    0x24  Code  Gb  ssz_str_utility.o [1]
ssz_str_split            0x800'63f3    0x56  Code  Gb  ssz_str_utility.o [1]
ssz_str_to_date          0x800'31bd    0x8a  Code  Gb  ssz_time_utility.o [1]
ssz_str_to_numbers       0x800'6399    0x5a  Code  Gb  ssz_str_utility.o [1]
ssz_str_to_time          0x800'3247    0x34  Code  Gb  ssz_time_utility.o [1]
ssz_str_utf8_to_one_utf16
                         0x800'6449    0xb8  Code  Gb  ssz_str_utility.o [1]
ssz_system_clock         0x800'4511     0x6  Code  Gb  ssz_stm32_hal_bsp.o [1]
ssz_tick_time_elapsed    0x800'2f05     0xc  Code  Gb  ssz_tick_time.o [1]
ssz_tick_time_elapsed_ex
                         0x800'2f11    0x10  Code  Gb  ssz_tick_time.o [1]
ssz_tick_time_increase   0x800'2e79    0x28  Code  Gb  ssz_tick_time.o [1]
ssz_tick_time_is_after_or_eq
                         0x800'2f21    0x1a  Code  Gb  ssz_tick_time.o [1]
ssz_tick_time_next       0x800'2eb7     0xe  Code  Gb  ssz_tick_time.o [1]
ssz_tick_time_next_ex    0x800'2ea1    0x16  Code  Gb  ssz_tick_time.o [1]
ssz_tick_time_now        0x800'2ec5     0x6  Code  Gb  ssz_tick_time.o [1]
ssz_tick_time_now_str    0x800'2ecb    0x26  Code  Gb  ssz_tick_time.o [1]
ssz_tick_time_str        0x800'2ef1    0x14  Code  Gb  ssz_tick_time.o [1]
ssz_time_now             0x800'2959     0x8  Code  Gb  ssz_config.o [1]
ssz_time_now_seconds     0x800'2961    0x18  Code  Gb  ssz_config.o [1]
ssz_time_now_str         0x800'3475    0x56  Code  Gb  ssz_time.o [1]
ssz_time_str             0x800'34cb    0x42  Code  Gb  ssz_time.o [1]
ssz_time_to_seconds      0x800'3005     0xa  Code  Gb  ssz_time_utility.o [1]
ssz_time_to_seconds_ex   0x800'300f    0xc0  Code  Gb  ssz_time_utility.o [1]
ssz_timer_handle_all     0x801'43bd    0x54  Code  Gb  ssz_timer.o [1]
ssz_timer_init           0x801'436d    0x1e  Code  Gb  ssz_timer.o [1]
ssz_timer_start_oneshot_after
                         0x801'438b    0x28  Code  Gb  ssz_timer.o [1]
ssz_tmp_buff_alloc       0x800'af2d    0x6a  Code  Gb  ssz_common.o [1]
ssz_tmp_buff_check_size
                         0x800'aeeb    0x42  Code  Gb  ssz_common.o [1]
ssz_tmp_buff_free        0x800'af97    0x2c  Code  Gb  ssz_common.o [1]
ssz_uart_write           0x800'4643    0x22  Code  Gb  ssz_stm32_hal_bsp.o [1]
ssz_vector_at_index      0x801'5cdd    0x4e  Code  Gb  ssz_vector.o [1]
ssz_vector_init          0x801'5c85    0x34  Code  Gb  ssz_vector.o [1]
ssz_vector_size          0x801'5cb9    0x24  Code  Gb  ssz_vector.o [1]
ssz_week_day             0x800'2f89    0x7c  Code  Gb  ssz_time_utility.o [1]
start_system_scan()      0x800'9141    0x14  Code  Gb  do_before_main_loop.o [1]
statusbar_create         0x801'143d    0x26  Code  Gb  ui_common.o [1]
stop_system_scan()       0x800'9155    0x14  Code  Gb  do_before_main_loop.o [1]
stop_watch_child_start   0x800'28c3    0x18  Code  Gb  stop_watch.o [1]
stop_watch_child_stop    0x800'28db    0x14  Code  Gb  stop_watch.o [1]
stop_watch_disable       0x800'291b     0x8  Code  Gb  stop_watch.o [1]
stop_watch_enable        0x800'2913     0x8  Code  Gb  stop_watch.o [1]
stop_watch_init          0x800'289d    0x14  Code  Gb  stop_watch.o [1]
stop_watch_print         0x800'2901    0x12  Code  Gb  stop_watch.o [1]
stop_watch_start         0x800'28b1    0x12  Code  Gb  stop_watch.o [1]
stop_watch_stop          0x800'28ef    0x12  Code  Gb  stop_watch.o [1]
strchr                   0x800'ae59          Code  Gb  strchr.o [5]
strcmp                   0x800'2595          Code  Gb  strcmp.o [5]
strcpy                   0x800'24d1          Code  Gb  strcpy.o [5]
string_data_select_by_lang
                         0x801'40c5    0x2e  Code  Gb  string_data.o [1]
strlen                   0x800'2531          Code  Gb  strlen.o [5]
strncmp                  0x800'aea7    0x28  Code  Gb  strncmp.o [2]
sys_master_mcu_power_disable
                         0x800'47d9    0x10  Code  Gb  sys_power.o [1]
sys_master_mcu_power_enable
                         0x800'47c9    0x10  Code  Gb  sys_power.o [1]
sys_power_ADC_disable    0x800'479f    0x10  Code  Gb  sys_power.o [1]
sys_power_ADC_enable     0x800'478f    0x10  Code  Gb  sys_power.o [1]
sys_power_battery_voltage
                         0x800'47e9    0x1c  Code  Gb  sys_power.o [1]
sys_power_enable         0x800'47b9    0x10  Code  Gb  sys_power.o [1]
sys_power_get_sys_pwr_adc_average_value
                         0x800'47af     0xa  Code  Gb  sys_power.o [1]
sys_power_is_adapter_insert
                         0x800'4749    0x18  Code  Gb  sys_power.o [1]
sys_power_wake_up_slaver
                         0x800'477d    0x12  Code  Gb  sys_power.o [1]
sys_power_wake_up_slaver_pin_high
                         0x800'4761     0xe  Code  Gb  sys_power.o [1]
sys_power_wake_up_slaver_pin_low
                         0x800'476f     0xe  Code  Gb  sys_power.o [1]
three_valve_motor_encoder_after_start
                         0x800'8c87     0x6  Code  Gb  three_valve_motor.o [1]
three_valve_motor_init   0x800'8ca1    0x1c  Code  Gb  three_valve_motor.o [1]
three_valve_motor_monitor_start
                         0x800'8ad1    0x2e  Code  Gb  three_valve_motor.o [1]
three_valve_motor_monitor_stop
                         0x800'8aff     0xa  Code  Gb  three_valve_motor.o [1]
three_valve_motor_move_to_position
                         0x800'859d   0x3e0  Code  Gb  three_valve_motor.o [1]
three_valve_motor_move_to_position_a
                         0x800'8985     0xa  Code  Gb  three_valve_motor.o [1]
three_valve_motor_move_to_position_b
                         0x800'898f     0xa  Code  Gb  three_valve_motor.o [1]
three_valve_motor_on_direction_wrong
                         0x800'8c97     0xa  Code  Gb  three_valve_motor.o [1]
three_valve_motor_on_finish_target
                         0x800'8c8d     0xa  Code  Gb  three_valve_motor.o [1]
three_valve_motor_run_check
                         0x800'8999   0x138  Code  Gb  three_valve_motor.o [1]
three_valve_motor_start
                         0x800'8b09    0xd6  Code  Gb  three_valve_motor.o [1]
three_valve_motor_stop   0x800'8be5    0xa2  Code  Gb  three_valve_motor.o [1]
timer_handle_all         0x800'2813     0xa  Code  Gb  timer.o [1]
timer_handle_all_of_group
                         0x800'281d    0x6e  Code  Gb  timer.o [1]
timer_set_handler        0x800'2711     0xc  Code  Gb  timer.o [1]
timer_set_handler_and_group
                         0x800'271d    0x38  Code  Gb  timer.o [1]
timer_start_oneshot_after
                         0x800'2755    0x5e  Code  Gb  timer.o [1]
timer_start_periodic_every
                         0x800'27b3    0x28  Code  Gb  timer.o [1]
timer_stop               0x800'27db    0x38  Code  Gb  timer.o [1]
ui_backup_and_set_default_draw_context
                         0x800'6ff9    0x40  Code  Gb  ui_draw.o [1]
ui_canvas_rect           0x800'6f01    0x12  Code  Gb  ui_draw.o [1]
ui_clear                 0x800'721d    0x2e  Code  Gb  ui_draw.o [1]
ui_clear_rect            0x800'71cd    0x50  Code  Gb  ui_draw.o [1]
ui_common_color_to_dev_color
                         0x801'0069    0x18  Code  Gb  ssz_ui_config.o [1]
ui_config                0x801'0061     0x8  Code  Gb  ssz_ui_config.o [1]
ui_disp_char_at_inter    0x800'6c13    0x8c  Code  Gb  ui_disp_text.o [1]
ui_disp_text_at          0x800'6d99    0x1e  Code  Gb  ui_disp_text.o [1]
ui_disp_text_at_internal
                         0x800'6c9f    0xfa  Code  Gb  ui_disp_text.o [1]
ui_disp_text_in_rect     0x800'6dbd   0x124  Code  Gb  ui_disp_text.o [1]
ui_draw_img_at           0x800'7d11    0xe8  Code  Gb  ui_draw_img.o [1]
ui_draw_rect_at          0x800'7061   0x134  Code  Gb  ui_draw.o [1]
ui_draw_rect_ex          0x800'7195    0x2c  Code  Gb  ui_draw.o [1]
ui_draw_to_dev           0x801'0081     0x8  Code  Gb  ssz_ui_config.o [1]
ui_fill_rect_at          0x800'71c1     0xc  Code  Gb  ui_draw.o [1]
ui_flush_line_cache      0x800'7451    0x24  Code  Gb  ui_draw.o [1]
ui_get_char_xsize        0x800'6b4f    0x46  Code  Gb  ui_disp_text.o [1]
ui_get_text_xsize        0x800'6c09     0xa  Code  Gb  ui_disp_text.o [1]
ui_get_text_xsize_internal
                         0x800'6b95    0x74  Code  Gb  ui_disp_text.o [1]
ui_limit_rect_of_canvas
                         0x800'6fd3    0x12  Code  Gb  ui_draw.o [1]
ui_rect_intersect        0x800'fe63    0x78  Code  Gb  ui_utility.o [1]
ui_rect_intersect_to     0x800'fedb    0x90  Code  Gb  ui_utility.o [1]
ui_rect_is_include       0x801'0029    0x38  Code  Gb  ui_utility.o [1]
ui_rect_is_intersect_ex
                         0x800'ffc7    0x62  Code  Gb  ui_utility.o [1]
ui_rect_merge            0x800'ff6b    0x42  Code  Gb  ui_utility.o [1]
ui_rect_move             0x800'ffad    0x1a  Code  Gb  ui_utility.o [1]
ui_restore_draw_context
                         0x800'7039    0x14  Code  Gb  ui_draw.o [1]
ui_set_bk_color          0x800'6ef7     0xa  Code  Gb  ui_draw.o [1]
ui_set_canvas_rect       0x800'6f13    0x26  Code  Gb  ui_draw.o [1]
ui_set_canvas_rect_ex    0x800'6f39    0x46  Code  Gb  ui_draw.o [1]
ui_set_default_draw_context
                         0x800'6fe5    0x14  Code  Gb  ui_draw.o [1]
ui_set_draw_mode         0x800'6eed     0xa  Code  Gb  ui_draw.o [1]
ui_set_fill_color        0x800'7057     0xa  Code  Gb  ui_draw.o [1]
ui_set_font              0x800'6b31     0xa  Code  Gb  ui_disp_text.o [1]
ui_set_limit_rect_of_canvas_ex
                         0x800'6f7f    0x54  Code  Gb  ui_draw.o [1]
ui_set_pen_color         0x800'704d     0xa  Code  Gb  ui_draw.o [1]
ui_set_pixel_at_line_cache
                         0x800'72b5    0xb4  Code  Gb  ui_draw.o [1]
ui_set_pixels_at_line_cache
                         0x800'7369    0xe8  Code  Gb  ui_draw.o [1]
ui_set_text_color        0x800'6b3b     0xa  Code  Gb  ui_disp_text.o [1]
ui_set_text_mode         0x800'6b45     0xa  Code  Gb  ui_disp_text.o [1]
ui_start_line_cache      0x800'724b    0x62  Code  Gb  ui_draw.o [1]
ui_view_config           0x801'4ba1    0x40  Code  Gb  ssz_ui_view_config.o [1]
ui_view_create(UIViewTypeID, int, UIView *, int, int, int, int, unsigned int)
                         0x801'0aa3    0x90  Code  Gb  ui_view.o [1]
ui_view_create_desktop_if_not()
                         0x801'0b81    0x5e  Code  Gb  ui_view.o [1]
ui_view_desktop_callback(void *, UIMsg *)
                         0x801'0b7f     0x2  Code  Gb  ui_view.o [1]
ui_view_draw_all_dirty   0x801'0d15    0x18  Code  Gb  ui_view.o [1]
ui_view_handle_all_timer()
                         0x801'0d2d     0xa  Code  Gb  ui_view.o [1]
ui_view_init             0x801'0d3d    0x18  Code  Gb  ui_view.o [1]
ui_view_init_obj         0x801'49bd   0x1e4  Code  Gb  ssz_ui_view_config.o [1]
ui_view_invalidate_views(UIView *, UIView *, Rect &)
                         0x801'04bf    0x50  Code  Gb  ui_view.o [1]
ui_view_output_view_self_info(UIView *, int)
                         0x801'0bf7    0x8c  Code  Gb  ui_view.o [1]
ui_view_print_space(int)
                         0x801'0bdf    0x16  Code  Gb  ui_view.o [1]
ui_view_regist(UIViewTypeID, int, void *)
                         0x801'0b33    0x4c  Code  Gb  ui_view.o [1]
ui_view_start_oneshot_after(int, int)
                         0x801'0c99     0xe  Code  Gb  ui_view.o [1]
ui_view_start_scan_timer
                         0x801'0d99    0x10  Code  Gb  ui_view.o [1]
ui_view_stop_scan_timer
                         0x801'0da9     0xa  Code  Gb  ui_view.o [1]
uwTick                  0x2000'55b8     0x4  Data  Gb  stm32l1xx_hal.o [1]
version_build_time       0x800'2e65     0x4  Code  Gb  version.o [1]
version_info             0x800'2e5d     0x4  Code  Gb  version.o [1]
version_software_name    0x800'2e61     0x4  Code  Gb  version.o [1]
vibrator_motor_init      0x800'90f5    0x16  Code  Gb  vibrater_motor.o [1]
vibrator_motor_start     0x800'910b    0x16  Code  Gb  vibrater_motor.o [1]
vibrator_motor_stop      0x800'9121    0x16  Code  Gb  vibrater_motor.o [1]
voice_device_close       0x801'1669    0x14  Code  Gb  voice.o [1]
watchdog_clear           0x800'c1ed    0x10  Code  Gb  app_common.o [1]
watchdog_is_enable       0x800'c1e7     0x6  Code  Gb  app_common.o [1]
watchdog_set_expired_time
                         0x800'c1fd    0x12  Code  Gb  app_common.o [1]
watchdog_start           0x800'c1d1    0x16  Code  Gb  app_common.o [1]


[1] = D:\1-WORK\chemo_pump\Code\MasterMcu\build\IAR\Debug\Obj
[2] = dl7M_tln.a
[3] = dlpp7M_tl_nc.a
[4] = m7M_tl.a
[5] = rt7M_tl.a
[6] = shb_l.a

  91'294 bytes of readonly  code memory
  55'646 bytes of readonly  data memory
  26'181 bytes of readwrite data memory

Errors: none
Warnings: none
