###############################################################################
#
# IAR ELF Linker V7.50.1.10123/W32 for ARM                27/Mar/2020  17:23:05
# Copyright 2007-2015 IAR Systems AB.
#
#    Output file  =  
#        D:\chemo_pump\Src\MasterMcu\build\IAR\Release\Exe\Chemo-PumpV1_0_master.out
#    Map file     =  
#        D:\chemo_pump\Src\MasterMcu\build\IAR\Release\List\Chemo-PumpV1_0_master.map
#    Command line =  
#        D:\chemo_pump\Src\MasterMcu\build\IAR\Release\Obj\AC.o
#        D:\chemo_pump\Src\MasterMcu\build\IAR\Release\Obj\adc.o
#        D:\chemo_pump\Src\MasterMcu\build\IAR\Release\Obj\alarm.o
#        D:\chemo_pump\Src\MasterMcu\build\IAR\Release\Obj\alarm_play.o
#        D:\chemo_pump\Src\MasterMcu\build\IAR\Release\Obj\app_alarm_event_handle.o
#        D:\chemo_pump\Src\MasterMcu\build\IAR\Release\Obj\app_alternative_popup.o
#        D:\chemo_pump\Src\MasterMcu\build\IAR\Release\Obj\app_check_last_infuse.o
#        D:\chemo_pump\Src\MasterMcu\build\IAR\Release\Obj\app_cmd.o
#        D:\chemo_pump\Src\MasterMcu\build\IAR\Release\Obj\app_common.o
#        D:\chemo_pump\Src\MasterMcu\build\IAR\Release\Obj\app_delivery.o
#        D:\chemo_pump\Src\MasterMcu\build\IAR\Release\Obj\app_history_log.o
#        D:\chemo_pump\Src\MasterMcu\build\IAR\Release\Obj\app_home.o
#        D:\chemo_pump\Src\MasterMcu\build\IAR\Release\Obj\app_infusion_event_handle.o
#        D:\chemo_pump\Src\MasterMcu\build\IAR\Release\Obj\app_infusion_monitor.o
#        D:\chemo_pump\Src\MasterMcu\build\IAR\Release\Obj\app_key_event_handle.o
#        D:\chemo_pump\Src\MasterMcu\build\IAR\Release\Obj\app_main_menu.o
#        D:\chemo_pump\Src\MasterMcu\build\IAR\Release\Obj\app_mcu_comm.o
#        D:\chemo_pump\Src\MasterMcu\build\IAR\Release\Obj\app_mcu_monitor.o
#        D:\chemo_pump\Src\MasterMcu\build\IAR\Release\Obj\app_motor_monitor.o
#        D:\chemo_pump\Src\MasterMcu\build\IAR\Release\Obj\app_msg_handle.o
#        D:\chemo_pump\Src\MasterMcu\build\IAR\Release\Obj\app_operation_log.o
#        D:\chemo_pump\Src\MasterMcu\build\IAR\Release\Obj\app_popup.o
#        D:\chemo_pump\Src\MasterMcu\build\IAR\Release\Obj\app_scr_alarm.o
#        D:\chemo_pump\Src\MasterMcu\build\IAR\Release\Obj\app_scr_auto_clear_air.o
#        D:\chemo_pump\Src\MasterMcu\build\IAR\Release\Obj\app_scr_change_oled_brightness.o
#        D:\chemo_pump\Src\MasterMcu\build\IAR\Release\Obj\app_scr_change_password.o
#        D:\chemo_pump\Src\MasterMcu\build\IAR\Release\Obj\app_scr_change_voice_volume.o
#        D:\chemo_pump\Src\MasterMcu\build\IAR\Release\Obj\app_scr_event_handle.o
#        D:\chemo_pump\Src\MasterMcu\build\IAR\Release\Obj\app_scr_manual_clear_air.o
#        D:\chemo_pump\Src\MasterMcu\build\IAR\Release\Obj\app_scr_set_date.o
#        D:\chemo_pump\Src\MasterMcu\build\IAR\Release\Obj\app_scr_set_infusion_duration.o
#        D:\chemo_pump\Src\MasterMcu\build\IAR\Release\Obj\app_scr_set_infusion_speed.o
#        D:\chemo_pump\Src\MasterMcu\build\IAR\Release\Obj\app_scr_set_max_clean_tube_dose.o
#        D:\chemo_pump\Src\MasterMcu\build\IAR\Release\Obj\app_scr_set_peek_mode_duration.o
#        D:\chemo_pump\Src\MasterMcu\build\IAR\Release\Obj\app_scr_set_peek_mode_speed.o
#        D:\chemo_pump\Src\MasterMcu\build\IAR\Release\Obj\app_scr_set_time.o
#        D:\chemo_pump\Src\MasterMcu\build\IAR\Release\Obj\app_scr_set_total_dose.o
#        D:\chemo_pump\Src\MasterMcu\build\IAR\Release\Obj\app_scr_set_year.o
#        D:\chemo_pump\Src\MasterMcu\build\IAR\Release\Obj\app_scr_task_confirm.o
#        D:\chemo_pump\Src\MasterMcu\build\IAR\Release\Obj\app_select_popup.o
#        D:\chemo_pump\Src\MasterMcu\build\IAR\Release\Obj\app_set_menu.o
#        D:\chemo_pump\Src\MasterMcu\build\IAR\Release\Obj\app_sleep.o
#        D:\chemo_pump\Src\MasterMcu\build\IAR\Release\Obj\app_startup_and_post.o
#        D:\chemo_pump\Src\MasterMcu\build\IAR\Release\Obj\app_system_monitor.o
#        D:\chemo_pump\Src\MasterMcu\build\IAR\Release\Obj\battery_AC.o
#        D:\chemo_pump\Src\MasterMcu\build\IAR\Release\Obj\battery_empty.o
#        D:\chemo_pump\Src\MasterMcu\build\IAR\Release\Obj\battery_full.o
#        D:\chemo_pump\Src\MasterMcu\build\IAR\Release\Obj\battery_no.o
#        D:\chemo_pump\Src\MasterMcu\build\IAR\Release\Obj\battery_one.o
#        D:\chemo_pump\Src\MasterMcu\build\IAR\Release\Obj\battery_three.o
#        D:\chemo_pump\Src\MasterMcu\build\IAR\Release\Obj\battery_two.o
#        D:\chemo_pump\Src\MasterMcu\build\IAR\Release\Obj\clock.o
#        D:\chemo_pump\Src\MasterMcu\build\IAR\Release\Obj\com.o
#        D:\chemo_pump\Src\MasterMcu\build\IAR\Release\Obj\common.o
#        D:\chemo_pump\Src\MasterMcu\build\IAR\Release\Obj\config.o
#        D:\chemo_pump\Src\MasterMcu\build\IAR\Release\Obj\cpu_usage.o
#        D:\chemo_pump\Src\MasterMcu\build\IAR\Release\Obj\data.o
#        D:\chemo_pump\Src\MasterMcu\build\IAR\Release\Obj\dengxian_regular_14.o
#        D:\chemo_pump\Src\MasterMcu\build\IAR\Release\Obj\dev_def.o
#        D:\chemo_pump\Src\MasterMcu\build\IAR\Release\Obj\display.o
#        D:\chemo_pump\Src\MasterMcu\build\IAR\Release\Obj\do_before_main_loop.o
#        D:\chemo_pump\Src\MasterMcu\build\IAR\Release\Obj\drv_com.o
#        D:\chemo_pump\Src\MasterMcu\build\IAR\Release\Obj\drv_infusion_motor.o
#        D:\chemo_pump\Src\MasterMcu\build\IAR\Release\Obj\drv_interrupt.o
#        D:\chemo_pump\Src\MasterMcu\build\IAR\Release\Obj\drv_isd2360.o
#        D:\chemo_pump\Src\MasterMcu\build\IAR\Release\Obj\drv_key.o
#        D:\chemo_pump\Src\MasterMcu\build\IAR\Release\Obj\drv_lowpower.o
#        D:\chemo_pump\Src\MasterMcu\build\IAR\Release\Obj\drv_oled.o
#        D:\chemo_pump\Src\MasterMcu\build\IAR\Release\Obj\drv_rtc.o
#        D:\chemo_pump\Src\MasterMcu\build\IAR\Release\Obj\drv_sst25_flash.o
#        D:\chemo_pump\Src\MasterMcu\build\IAR\Release\Obj\drv_stf_motor.o
#        D:\chemo_pump\Src\MasterMcu\build\IAR\Release\Obj\dtimer.o
#        D:\chemo_pump\Src\MasterMcu\build\IAR\Release\Obj\error.o
#        D:\chemo_pump\Src\MasterMcu\build\IAR\Release\Obj\event.o
#        D:\chemo_pump\Src\MasterMcu\build\IAR\Release\Obj\exhaust.o
#        D:\chemo_pump\Src\MasterMcu\build\IAR\Release\Obj\exhaust_pause.o
#        D:\chemo_pump\Src\MasterMcu\build\IAR\Release\Obj\exhaust_run.o
#        D:\chemo_pump\Src\MasterMcu\build\IAR\Release\Obj\flush_max_dose_selected.o
#        D:\chemo_pump\Src\MasterMcu\build\IAR\Release\Obj\flush_max_dose_unselected.o
#        D:\chemo_pump\Src\MasterMcu\build\IAR\Release\Obj\font_data.o
#        D:\chemo_pump\Src\MasterMcu\build\IAR\Release\Obj\gpio.o
#        D:\chemo_pump\Src\MasterMcu\build\IAR\Release\Obj\greatest.o
#        D:\chemo_pump\Src\MasterMcu\build\IAR\Release\Obj\heiti_regular_60.o
#        D:\chemo_pump\Src\MasterMcu\build\IAR\Release\Obj\heiti_regular_88.o
#        D:\chemo_pump\Src\MasterMcu\build\IAR\Release\Obj\history_log.o
#        D:\chemo_pump\Src\MasterMcu\build\IAR\Release\Obj\image_data.o
#        D:\chemo_pump\Src\MasterMcu\build\IAR\Release\Obj\info_select.o
#        D:\chemo_pump\Src\MasterMcu\build\IAR\Release\Obj\info_unselect.o
#        D:\chemo_pump\Src\MasterMcu\build\IAR\Release\Obj\infusion_motor.o
#        D:\chemo_pump\Src\MasterMcu\build\IAR\Release\Obj\infusion_pause.o
#        D:\chemo_pump\Src\MasterMcu\build\IAR\Release\Obj\infusion_run.o
#        D:\chemo_pump\Src\MasterMcu\build\IAR\Release\Obj\infusion_stop.o
#        D:\chemo_pump\Src\MasterMcu\build\IAR\Release\Obj\init.o
#        D:\chemo_pump\Src\MasterMcu\build\IAR\Release\Obj\key.o
#        D:\chemo_pump\Src\MasterMcu\build\IAR\Release\Obj\led.o
#        D:\chemo_pump\Src\MasterMcu\build\IAR\Release\Obj\left_arrow.o
#        D:\chemo_pump\Src\MasterMcu\build\IAR\Release\Obj\lock.o
#        D:\chemo_pump\Src\MasterMcu\build\IAR\Release\Obj\logo.o
#        D:\chemo_pump\Src\MasterMcu\build\IAR\Release\Obj\main.o
#        D:\chemo_pump\Src\MasterMcu\build\IAR\Release\Obj\main_run.o
#        D:\chemo_pump\Src\MasterMcu\build\IAR\Release\Obj\mid_adc.o
#        D:\chemo_pump\Src\MasterMcu\build\IAR\Release\Obj\mid_common.o
#        D:\chemo_pump\Src\MasterMcu\build\IAR\Release\Obj\mid_rtc.o
#        D:\chemo_pump\Src\MasterMcu\build\IAR\Release\Obj\mode_selected.o
#        D:\chemo_pump\Src\MasterMcu\build\IAR\Release\Obj\mode_unselected.o
#        D:\chemo_pump\Src\MasterMcu\build\IAR\Release\Obj\msg.o
#        D:\chemo_pump\Src\MasterMcu\build\IAR\Release\Obj\mute.o
#        D:\chemo_pump\Src\MasterMcu\build\IAR\Release\Obj\mute_small.o
#        D:\chemo_pump\Src\MasterMcu\build\IAR\Release\Obj\new_task.o
#        D:\chemo_pump\Src\MasterMcu\build\IAR\Release\Obj\param.o
#        D:\chemo_pump\Src\MasterMcu\build\IAR\Release\Obj\peak_set_select.o
#        D:\chemo_pump\Src\MasterMcu\build\IAR\Release\Obj\peak_set_unselect.o
#        D:\chemo_pump\Src\MasterMcu\build\IAR\Release\Obj\pill_box_install_detect.o
#        D:\chemo_pump\Src\MasterMcu\build\IAR\Release\Obj\pressure_bubble_sensor.o
#        D:\chemo_pump\Src\MasterMcu\build\IAR\Release\Obj\read.o
#        D:\chemo_pump\Src\MasterMcu\build\IAR\Release\Obj\record_log.o
#        D:\chemo_pump\Src\MasterMcu\build\IAR\Release\Obj\record_log_text.o
#        D:\chemo_pump\Src\MasterMcu\build\IAR\Release\Obj\right_arrow.o
#        D:\chemo_pump\Src\MasterMcu\build\IAR\Release\Obj\run_all_test_suite.o
#        D:\chemo_pump\Src\MasterMcu\build\IAR\Release\Obj\run_test.o
#        D:\chemo_pump\Src\MasterMcu\build\IAR\Release\Obj\run_test_after_main.o
#        D:\chemo_pump\Src\MasterMcu\build\IAR\Release\Obj\scr_battery_calibration.o
#        D:\chemo_pump\Src\MasterMcu\build\IAR\Release\Obj\scr_clean_tube.o
#        D:\chemo_pump\Src\MasterMcu\build\IAR\Release\Obj\scr_factory_mode.o
#        D:\chemo_pump\Src\MasterMcu\build\IAR\Release\Obj\scr_layout.o
#        D:\chemo_pump\Src\MasterMcu\build\IAR\Release\Obj\scr_new_pressure_calibration.o
#        D:\chemo_pump\Src\MasterMcu\build\IAR\Release\Obj\scr_password_popup.o
#        D:\chemo_pump\Src\MasterMcu\build\IAR\Release\Obj\scr_precision_calibration.o
#        D:\chemo_pump\Src\MasterMcu\build\IAR\Release\Obj\scr_precision_factor.o
#        D:\chemo_pump\Src\MasterMcu\build\IAR\Release\Obj\scr_pressure_calibration.o
#        D:\chemo_pump\Src\MasterMcu\build\IAR\Release\Obj\scr_pressure_threshold.o
#        D:\chemo_pump\Src\MasterMcu\build\IAR\Release\Obj\scr_set_clean_tube_dose.o
#        D:\chemo_pump\Src\MasterMcu\build\IAR\Release\Obj\scr_sleep.o
#        D:\chemo_pump\Src\MasterMcu\build\IAR\Release\Obj\scr_tip_popup.o
#        D:\chemo_pump\Src\MasterMcu\build\IAR\Release\Obj\scr_unlock_tip.o
#        D:\chemo_pump\Src\MasterMcu\build\IAR\Release\Obj\screen.o
#        D:\chemo_pump\Src\MasterMcu\build\IAR\Release\Obj\select_1.o
#        D:\chemo_pump\Src\MasterMcu\build\IAR\Release\Obj\select_2.o
#        D:\chemo_pump\Src\MasterMcu\build\IAR\Release\Obj\selected_pointer.o
#        D:\chemo_pump\Src\MasterMcu\build\IAR\Release\Obj\set_arrow.o
#        D:\chemo_pump\Src\MasterMcu\build\IAR\Release\Obj\simple_alloc.o
#        D:\chemo_pump\Src\MasterMcu\build\IAR\Release\Obj\simple_alloc_config.o
#        D:\chemo_pump\Src\MasterMcu\build\IAR\Release\Obj\sound_pause.o
#        D:\chemo_pump\Src\MasterMcu\build\IAR\Release\Obj\spi.o
#        D:\chemo_pump\Src\MasterMcu\build\IAR\Release\Obj\ssz_algorithm.o
#        D:\chemo_pump\Src\MasterMcu\build\IAR\Release\Obj\ssz_block_file.o
#        D:\chemo_pump\Src\MasterMcu\build\IAR\Release\Obj\ssz_common.o
#        D:\chemo_pump\Src\MasterMcu\build\IAR\Release\Obj\ssz_config.o
#        D:\chemo_pump\Src\MasterMcu\build\IAR\Release\Obj\ssz_deque.o
#        D:\chemo_pump\Src\MasterMcu\build\IAR\Release\Obj\ssz_file.o
#        D:\chemo_pump\Src\MasterMcu\build\IAR\Release\Obj\ssz_gpio.o
#        D:\chemo_pump\Src\MasterMcu\build\IAR\Release\Obj\ssz_i2c.o
#        D:\chemo_pump\Src\MasterMcu\build\IAR\Release\Obj\ssz_list.o
#        D:\chemo_pump\Src\MasterMcu\build\IAR\Release\Obj\ssz_locale.o
#        D:\chemo_pump\Src\MasterMcu\build\IAR\Release\Obj\ssz_map.o
#        D:\chemo_pump\Src\MasterMcu\build\IAR\Release\Obj\ssz_nvram.o
#        D:\chemo_pump\Src\MasterMcu\build\IAR\Release\Obj\ssz_precision_tick_time.o
#        D:\chemo_pump\Src\MasterMcu\build\IAR\Release\Obj\ssz_queue.o
#        D:\chemo_pump\Src\MasterMcu\build\IAR\Release\Obj\ssz_record.o
#        D:\chemo_pump\Src\MasterMcu\build\IAR\Release\Obj\ssz_safe_queue.o
#        D:\chemo_pump\Src\MasterMcu\build\IAR\Release\Obj\ssz_sim_i2c.o
#        D:\chemo_pump\Src\MasterMcu\build\IAR\Release\Obj\ssz_simulator_bsp.o
#        D:\chemo_pump\Src\MasterMcu\build\IAR\Release\Obj\ssz_spi.o
#        D:\chemo_pump\Src\MasterMcu\build\IAR\Release\Obj\ssz_stack.o
#        D:\chemo_pump\Src\MasterMcu\build\IAR\Release\Obj\ssz_stm32_hal_bsp.o
#        D:\chemo_pump\Src\MasterMcu\build\IAR\Release\Obj\ssz_stop_watch.o
#        D:\chemo_pump\Src\MasterMcu\build\IAR\Release\Obj\ssz_str_utility.o
#        D:\chemo_pump\Src\MasterMcu\build\IAR\Release\Obj\ssz_tick_time.o
#        D:\chemo_pump\Src\MasterMcu\build\IAR\Release\Obj\ssz_time.o
#        D:\chemo_pump\Src\MasterMcu\build\IAR\Release\Obj\ssz_time_utility.o
#        D:\chemo_pump\Src\MasterMcu\build\IAR\Release\Obj\ssz_timer.o
#        D:\chemo_pump\Src\MasterMcu\build\IAR\Release\Obj\ssz_uart.o
#        D:\chemo_pump\Src\MasterMcu\build\IAR\Release\Obj\ssz_ui_config.o
#        D:\chemo_pump\Src\MasterMcu\build\IAR\Release\Obj\ssz_ui_view_config.o
#        D:\chemo_pump\Src\MasterMcu\build\IAR\Release\Obj\ssz_utility.o
#        D:\chemo_pump\Src\MasterMcu\build\IAR\Release\Obj\ssz_vector.o
#        D:\chemo_pump\Src\MasterMcu\build\IAR\Release\Obj\startup_stm32l152xc.o
#        D:\chemo_pump\Src\MasterMcu\build\IAR\Release\Obj\stm32l1xx_hal.o
#        D:\chemo_pump\Src\MasterMcu\build\IAR\Release\Obj\stm32l1xx_hal_adc.o
#        D:\chemo_pump\Src\MasterMcu\build\IAR\Release\Obj\stm32l1xx_hal_adc_ex.o
#        D:\chemo_pump\Src\MasterMcu\build\IAR\Release\Obj\stm32l1xx_hal_cortex.o
#        D:\chemo_pump\Src\MasterMcu\build\IAR\Release\Obj\stm32l1xx_hal_dma.o
#        D:\chemo_pump\Src\MasterMcu\build\IAR\Release\Obj\stm32l1xx_hal_flash.o
#        D:\chemo_pump\Src\MasterMcu\build\IAR\Release\Obj\stm32l1xx_hal_flash_ex.o
#        D:\chemo_pump\Src\MasterMcu\build\IAR\Release\Obj\stm32l1xx_hal_flash_ramfunc.o
#        D:\chemo_pump\Src\MasterMcu\build\IAR\Release\Obj\stm32l1xx_hal_gpio.o
#        D:\chemo_pump\Src\MasterMcu\build\IAR\Release\Obj\stm32l1xx_hal_msp.o
#        D:\chemo_pump\Src\MasterMcu\build\IAR\Release\Obj\stm32l1xx_hal_pwr.o
#        D:\chemo_pump\Src\MasterMcu\build\IAR\Release\Obj\stm32l1xx_hal_pwr_ex.o
#        D:\chemo_pump\Src\MasterMcu\build\IAR\Release\Obj\stm32l1xx_hal_rcc.o
#        D:\chemo_pump\Src\MasterMcu\build\IAR\Release\Obj\stm32l1xx_hal_rcc_ex.o
#        D:\chemo_pump\Src\MasterMcu\build\IAR\Release\Obj\stm32l1xx_hal_spi.o
#        D:\chemo_pump\Src\MasterMcu\build\IAR\Release\Obj\stm32l1xx_hal_spi_ex.o
#        D:\chemo_pump\Src\MasterMcu\build\IAR\Release\Obj\stm32l1xx_hal_tim.o
#        D:\chemo_pump\Src\MasterMcu\build\IAR\Release\Obj\stm32l1xx_hal_tim_ex.o
#        D:\chemo_pump\Src\MasterMcu\build\IAR\Release\Obj\stm32l1xx_hal_uart.o
#        D:\chemo_pump\Src\MasterMcu\build\IAR\Release\Obj\stm32l1xx_it.o
#        D:\chemo_pump\Src\MasterMcu\build\IAR\Release\Obj\stop_infusion.o
#        D:\chemo_pump\Src\MasterMcu\build\IAR\Release\Obj\stop_watch.o
#        D:\chemo_pump\Src\MasterMcu\build\IAR\Release\Obj\string_data.o
#        D:\chemo_pump\Src\MasterMcu\build\IAR\Release\Obj\sys_power.o
#        D:\chemo_pump\Src\MasterMcu\build\IAR\Release\Obj\system_setting.o
#        D:\chemo_pump\Src\MasterMcu\build\IAR\Release\Obj\system_stm32l1xx.o
#        D:\chemo_pump\Src\MasterMcu\build\IAR\Release\Obj\test_app_sleep.o
#        D:\chemo_pump\Src\MasterMcu\build\IAR\Release\Obj\test_data.o
#        D:\chemo_pump\Src\MasterMcu\build\IAR\Release\Obj\test_drv_lowpower.o
#        D:\chemo_pump\Src\MasterMcu\build\IAR\Release\Obj\test_drv_oled.o
#        D:\chemo_pump\Src\MasterMcu\build\IAR\Release\Obj\test_drv_rtc.o
#        D:\chemo_pump\Src\MasterMcu\build\IAR\Release\Obj\test_drv_sst25_flash.o
#        D:\chemo_pump\Src\MasterMcu\build\IAR\Release\Obj\test_hardware_ljl.o
#        D:\chemo_pump\Src\MasterMcu\build\IAR\Release\Obj\test_record_log.o
#        D:\chemo_pump\Src\MasterMcu\build\IAR\Release\Obj\test_ssz_algorithm.o
#        D:\chemo_pump\Src\MasterMcu\build\IAR\Release\Obj\test_ssz_str_utility.o
#        D:\chemo_pump\Src\MasterMcu\build\IAR\Release\Obj\test_ssz_time.o
#        D:\chemo_pump\Src\MasterMcu\build\IAR\Release\Obj\test_ssz_time_utility.o
#        D:\chemo_pump\Src\MasterMcu\build\IAR\Release\Obj\test_ui.o
#        D:\chemo_pump\Src\MasterMcu\build\IAR\Release\Obj\test_ui_view.o
#        D:\chemo_pump\Src\MasterMcu\build\IAR\Release\Obj\three_valve_motor.o
#        D:\chemo_pump\Src\MasterMcu\build\IAR\Release\Obj\tim.o
#        D:\chemo_pump\Src\MasterMcu\build\IAR\Release\Obj\time_select.o
#        D:\chemo_pump\Src\MasterMcu\build\IAR\Release\Obj\time_unselect.o
#        D:\chemo_pump\Src\MasterMcu\build\IAR\Release\Obj\timer.o
#        D:\chemo_pump\Src\MasterMcu\build\IAR\Release\Obj\ui_common.o
#        D:\chemo_pump\Src\MasterMcu\build\IAR\Release\Obj\ui_disp_text.o
#        D:\chemo_pump\Src\MasterMcu\build\IAR\Release\Obj\ui_draw.o
#        D:\chemo_pump\Src\MasterMcu\build\IAR\Release\Obj\ui_draw_base.o
#        D:\chemo_pump\Src\MasterMcu\build\IAR\Release\Obj\ui_draw_img.o
#        D:\chemo_pump\Src\MasterMcu\build\IAR\Release\Obj\ui_dynamic_list.o
#        D:\chemo_pump\Src\MasterMcu\build\IAR\Release\Obj\ui_image.o
#        D:\chemo_pump\Src\MasterMcu\build\IAR\Release\Obj\ui_image_list.o
#        D:\chemo_pump\Src\MasterMcu\build\IAR\Release\Obj\ui_lable.o
#        D:\chemo_pump\Src\MasterMcu\build\IAR\Release\Obj\ui_list_base.o
#        D:\chemo_pump\Src\MasterMcu\build\IAR\Release\Obj\ui_list_pos_indicator.o
#        D:\chemo_pump\Src\MasterMcu\build\IAR\Release\Obj\ui_normal_list_base.o
#        D:\chemo_pump\Src\MasterMcu\build\IAR\Release\Obj\ui_number_edit.o
#        D:\chemo_pump\Src\MasterMcu\build\IAR\Release\Obj\ui_page_control.o
#        D:\chemo_pump\Src\MasterMcu\build\IAR\Release\Obj\ui_progress_bar.o
#        D:\chemo_pump\Src\MasterMcu\build\IAR\Release\Obj\ui_statusbar.o
#        D:\chemo_pump\Src\MasterMcu\build\IAR\Release\Obj\ui_text_base.o
#        D:\chemo_pump\Src\MasterMcu\build\IAR\Release\Obj\ui_text_list.o
#        D:\chemo_pump\Src\MasterMcu\build\IAR\Release\Obj\ui_utility.o
#        D:\chemo_pump\Src\MasterMcu\build\IAR\Release\Obj\ui_view.o
#        D:\chemo_pump\Src\MasterMcu\build\IAR\Release\Obj\ui_window.o
#        D:\chemo_pump\Src\MasterMcu\build\IAR\Release\Obj\unselected_pointer.o
#        D:\chemo_pump\Src\MasterMcu\build\IAR\Release\Obj\usart.o
#        D:\chemo_pump\Src\MasterMcu\build\IAR\Release\Obj\version.o
#        D:\chemo_pump\Src\MasterMcu\build\IAR\Release\Obj\vibrater_motor.o
#        D:\chemo_pump\Src\MasterMcu\build\IAR\Release\Obj\voice.o
#        D:\chemo_pump\Src\MasterMcu\build\IAR\Release\Obj\warning.o
#        D:\chemo_pump\Src\MasterMcu\build\IAR\Release\Obj\warning_common.o
#        D:\chemo_pump\Src\MasterMcu\build\IAR\Release\Obj\write.o -o
#        D:\chemo_pump\Src\MasterMcu\build\IAR\Release\Exe\Chemo-PumpV1_0_master.out
#        --map
#        D:\chemo_pump\Src\MasterMcu\build\IAR\Release\List\Chemo-PumpV1_0_master.map
#        --config
#        D:\chemo_pump\Src\MasterMcu\build\IAR\Chemo-PumpV1_0_master.icf
#        --entry __iar_program_start --vfe
#
###############################################################################

*******************************************************************************
*** RUNTIME MODEL ATTRIBUTES
***

CppFlavor                     = *
__CPP_Language                = EC++
__Heap_Handler                = DLMalloc
__SystemLibrary               = DLib
__dlib_dynamic_initialization = normal


*******************************************************************************
*** PLACEMENT SUMMARY
***

"A1":  place at 0x08000000 { ro section .intvec };
"P1":  place in [from 0x08000000 to 0x0803ffff] { ro };
"P2":  place in [from 0x20000000 to 0x20007fff] { rw, block CSTACK, block HEAP };

  Section             Kind        Address     Size  Object
  -------             ----        -------     ----  ------
"A1":                                        0x124
  .intvec             ro code  0x08000000    0x124  startup_stm32l152xc.o [1]
                             - 0x08000124    0x124

"P1":                                      0x2f368
  .text               ro code  0x08000124   0x22a0  app_cmd.o [1]
  .text               ro code  0x080023c4     0xdc  com.o [1]
  .text               ro code  0x080024a0    0x14a  ssz_file.o [1]
  .text               ro code  0x080025ea     0x76  lz77_init_single.o [5]
  .text               ro code  0x08002660     0x44  strcpy_unaligned.o [5]
  .text               ro code  0x080026a4     0x24  printf.o [3]
  .text               ro code  0x080026c8     0x28  putchar.o [3]
  .text               ro code  0x080026f0     0x36  strlen.o [5]
  .text               ro code  0x08002726     0x1a  xsnprout.o [3]
  .text               ro code  0x08002740     0x42  strcmp_unaligned.o [5]
  .text               ro code  0x08002782      0x8  atoi.o [3]
  .text               ro code  0x0800278a      0xa  xsprout.o [3]
  .text               ro code  0x08002794    0x180  timer.o [1]
  .text               ro code  0x08002914     0x94  stop_watch.o [1]
  .text               ro code  0x080029a8     0x28  common.o [1]
  .text               ro code  0x080029d0     0x60  ssz_config.o [1]
  .text               ro code  0x08002a30    0x484  app_mcu_comm.o [1]
  .text               ro code  0x08002eb4     0x3c  version.o [1]
  .text               ro code  0x08002ef0    0x10a  ssz_tick_time.o [1]
  .rodata             const    0x08002ffa      0x2  scr_factory_mode.o [1]
  .text               ro code  0x08002ffc    0x368  ssz_time_utility.o [1]
  .text               ro code  0x08003364    0x1c4  cpu_usage.o [1]
  .text               ro code  0x08003528     0xb0  ssz_time.o [1]
  .text               ro code  0x080035d8    0x200  mid_rtc.o [1]
  .text               ro code  0x080037d8     0x76  ABImemcpy_unaligned.o [5]
  .rodata             const    0x0800384e      0x2  scr_sleep.o [1]
  .text               ro code  0x08003850    0x460  drv_rtc.o [1]
  .text               ro code  0x08003cb0    0x338  stm32l1xx_hal_gpio.o [1]
  .text               ro code  0x08003fe8    0x284  drv_stf_motor.o [1]
  .text               ro code  0x0800426c     0x58  drv_key.o [1]
  .text               ro code  0x080042c4    0x220  ssz_stm32_hal_bsp.o [1]
  .text               ro code  0x080044e4     0x98  pill_box_install_detect.o [1]
  .text               ro code  0x0800457c     0x5a  pressure_bubble_sensor.o [1]
  .text               ro code  0x080045d6      0x2  ui_page_control.o [1]
  .text               ro code  0x080045d8    0x152  sys_power.o [1]
  .rodata             const    0x0800472a      0x1  app_cmd.o [1]
  .rodata             const    0x0800472b      0x1  app_cmd.o [1]
  .text               ro code  0x0800472c    0x166  mid_adc.o [1]
  .rodata             const    0x08004892      0x1  drv_isd2360.o [1]
  .rodata             const    0x08004893      0x1  string_data.o [1]
  .text               ro code  0x08004894    0x834  data.o [1]
  .text               ro code  0x080050c8     0x70  mid_common.o [1]
  .text               ro code  0x08005138      0x6  ABImemclr4.o [5]
  .rodata             const    0x0800513e      0x1  unselected_pointer.o [1]
  .text               ro code  0x08005140     0x30  I32ToDbl.o [4]
  .text               ro code  0x08005170    0x256  DblDiv.o [4]
  .text               ro code  0x080053c8     0x58  DblToI32.o [4]
  .text               ro code  0x08005420    0x334  param.o [1]
  .text               ro code  0x08005754    0x434  record_log.o [1]
  .text               ro code  0x08005b88    0x1b6  record_log_text.o [1]
  .text               ro code  0x08005d3e    0x230  ssz_str_utility.o [1]
  .text               ro code  0x08005f70    0x560  drv_sst25_flash.o [1]
  .text               ro code  0x080064d0    0x51a  ssz_nvram.o [1]
  .text               ro code  0x080069ec    0x680  ui_draw.o [1]
  .text               ro code  0x0800706c    0x2b0  display.o [1]
  .text               ro code  0x0800731c     0xc0  ssz_common.o [1]
  .text               ro code  0x080073dc   0x15fc  app_delivery.o [1]
  .text               ro code  0x080089d8    0x70a  infusion_motor.o [1]
  .text               ro code  0x080090e4    0x82c  three_valve_motor.o [1]
  .text               ro code  0x08009910    0x320  drv_isd2360.o [1]
  .text               ro code  0x08009c30    0x59c  drv_oled.o [1]
  .text               ro code  0x0800a1cc    0x57c  app_main_menu.o [1]
  .text               ro code  0x0800a748    0x134  drv_infusion_motor.o [1]
  .text               ro code  0x0800a87c     0x4c  vibrater_motor.o [1]
  .text               ro code  0x0800a8c8    0x4bc  app_common.o [1]
  .text               ro code  0x0800ad84     0xf4  do_before_main_loop.o [1]
  .text               ro code  0x0800ae78    0x150  app_mcu_monitor.o [1]
  .text               ro code  0x0800afc8    0x784  drv_lowpower.o [1]
  .text               ro code  0x0800b74c    0x110  scr_sleep.o [1]
  .text               ro code  0x0800b85c    0x73a  screen.o [1]
  .text               ro code  0x0800bf98    0x40c  tim.o [1]
  .text               ro code  0x0800c3a4    0x6d0  stm32l1xx_hal_tim.o [1]
  .text               ro code  0x0800ca74    0x464  alarm.o [1]
  .text               ro code  0x0800ced8    0x2a8  app_system_monitor.o [1]
  .text               ro code  0x0800d180      0x8  app_cmd.o [1]
  .text               ro code  0x0800d188     0x35  puts.o [3]
  .text               ro code  0x0800d1be     0x28  strncmp.o [3]
  .text               ro code  0x0800d1e8    0xdae  xprintffull_nomb.o [3]
  .text               ro code  0x0800df96     0x34  write.o [1]
  .text               ro code  0x0800dfcc    0x19c  xstoul.o [3]
  .text               ro code  0x0800e168    0x170  ssz_stop_watch.o [1]
  .text               ro code  0x0800e2d8     0x62  memcmp_unaligned.o [5]
  .text               ro code  0x0800e33c     0x44  snprintf.o [3]
  .text               ro code  0x0800e380     0x66  ABImemset.o [5]
  .text               ro code  0x0800e3e8     0xa0  ssz_precision_tick_time.o [1]
  .text               ro code  0x0800e488    0x1a2  DblMul.o [4]
  .text               ro code  0x0800e62c     0xe8  DblAdd.o [4]
  .text               ro code  0x0800e714    0x108  msg.o [1]
  .text               ro code  0x0800e81c    0x43c  ssz_sim_i2c.o [1]
  .text               ro code  0x0800ec58     0x80  ssz_utility.o [1]
  .text               ro code  0x0800ecd8    0x254  drv_interrupt.o [1]
  .text               ro code  0x0800ef2c     0x28  ssz_gpio.o [1]
  .text               ro code  0x0800ef54    0x86c  stm32l1xx_hal_spi.o [1]
  .text               ro code  0x0800f7c0    0x7e8  stm32l1xx_hal_uart.o [1]
  .text               ro code  0x0800ffa8    0x6cc  stm32l1xx_hal_adc.o [1]
  .text               ro code  0x08010674     0xe0  main.o [1]
  .text               ro code  0x08010754    0x3ac  ssz_block_file.o [1]
  .text               ro code  0x08010b00    0x640  ssz_record.o [1]
  .text               ro code  0x08011140     0x32  ABImemset48.o [5]
  .text               ro code  0x08011174     0x90  DblToFlt.o [4]
  .text               ro code  0x08011204     0xa8  string_data.o [1]
  .text               ro code  0x080112ac     0x16  strchr.o [5]
  .text               ro code  0x080112c2      0xa  isdigit.o [3]
  .text               ro code  0x080112cc     0xb0  ssz_spi.o [1]
  .text               ro code  0x0801137c     0x38  ssz_algorithm.o [1]
  .text               ro code  0x080113b4    0x1fe  ui_utility.o [1]
  .text               ro code  0x080115b2     0x28  ssz_ui_config.o [1]
  .text               ro code  0x080115dc     0x5c  event.o [1]
  .text               ro code  0x08011638     0x44  FltToS32.o [4]
  .text               ro code  0x0801167c     0x2e  I32ToFlt.o [4]
  .text               ro code  0x080116ac     0xe6  FltSub.o [4]
  .text               ro code  0x08011794     0x84  FltAdd.o [4]
  .text               ro code  0x08011818     0x24  FltCmpGe.o [4]
  .text               ro code  0x0801183c     0x4e  FltToDbl.o [4]
  .text               ro code  0x0801188c    0x27c  spi.o [1]
  .text               ro code  0x08011b08    0x1e8  scr_clean_tube.o [1]
  .text               ro code  0x08011cf0    0x2a4  app_alternative_popup.o [1]
  .text               ro code  0x08011f94    0x368  app_scr_manual_clear_air.o [1]
  .text               ro code  0x080122fc    0x1d0  app_scr_set_total_dose.o [1]
  .text               ro code  0x080124cc    0x336  app_popup.o [1]
  .text               ro code  0x08012804    0xc92  ui_view.o [1]
  .text               ro code  0x08013498    0x514  ui_list_base.o [1]
  .text               ro code  0x080139ac    0x430  scr_password_popup.o [1]
  .text               ro code  0x08013ddc    0x410  app_set_menu.o [1]
  .text               ro code  0x080141ec    0x220  app_history_log.o [1]
  .text               ro code  0x0801440c    0x148  ui_text_list.o [1]
  .text               ro code  0x08014554     0x1c  image_data.o [1]
  .text               ro code  0x08014570    0x144  ui_image_list.o [1]
  .text               ro code  0x080146b4    0x1b0  ui_page_control.o [1]
  .text               ro code  0x08014864    0x748  key.o [1]
  .text               ro code  0x08014fac      0x4  ui_view.o [1]
  .text               ro code  0x08014fb0    0x3d4  scr_factory_mode.o [1]
  .text               ro code  0x08015384    0x2b8  ui_common.o [1]
  .text               ro code  0x0801563c    0x414  ui_statusbar.o [1]
  .text               ro code  0x08015a50    0x32a  alarm_play.o [1]
  .text               ro code  0x08015d7c    0x180  DblSub.o [4]
  .text               ro code  0x08015efc     0x44  dtimer.o [1]
  .text               ro code  0x08015f40    0x1b2  app_startup_and_post.o [1]
  .text               ro code  0x080160f4    0x520  app_home.o [1]
  .text               ro code  0x08016614    0x128  app_check_last_infuse.o [1]
  .text               ro code  0x0801673c    0x170  stm32l1xx_hal_cortex.o [1]
  .text               ro code  0x080168ac    0x120  voice.o [1]
  .text               ro code  0x080169cc    0x148  adc.o [1]
  .text               ro code  0x08016b14    0xd6c  stm32l1xx_hal_rcc.o [1]
  .text               ro code  0x08017880    0x140  system_stm32l1xx.o [1]
  .text               ro code  0x080179c0     0x68  stm32l1xx_hal.o [1]
  .text               ro code  0x08017a28     0x4c  stm32l1xx_hal_pwr.o [1]
  .text               ro code  0x08017a74     0x28  stm32l1xx_hal_pwr_ex.o [1]
  .text               ro code  0x08017a9c    0x2a8  gpio.o [1]
  .text               ro code  0x08017d44    0x26c  usart.o [1]
  .text               ro code  0x08017fb0    0x25a  drv_com.o [1]
  .text               ro code  0x0801820c    0x17c  led.o [1]
  .text               ro code  0x08018388      0x2  dev_def.o [1]
  .text               ro code  0x0801838c    0x432  ssz_list.o [1]
  .text               ro code  0x080187c0     0x6c  ui_window.o [1]
  .text               ro code  0x0801882c   0x14f0  dlmalloc.o [3]
  .text               ro code  0x08019d1c     0x58  stm32l1xx_hal_tim_ex.o [1]
  .text               ro code  0x08019d74     0x58  memchr.o [5]
  .text               ro code  0x08019dcc     0xee  I64DivMod.o [5]
  .text               ro code  0x08019eba     0x42  xdnorm.o [4]
  .text               ro code  0x08019efc     0x2e  DblCmpLe.o [4]
  .text               ro code  0x08019f2c     0x2e  DblCmpGe.o [4]
  .text               ro code  0x08019f5c    0x10c  xdscale.o [4]
  .text               ro code  0x0801a068      0xe  div.o [3]
  .text               ro code  0x0801a078      0xc  errno.o [3]
  .text               ro code  0x0801a084     0x38  ssz_queue.o [1]
  .text               ro code  0x0801a0bc    0x40c  ssz_deque.o [1]
  .text               ro code  0x0801a4c8     0xb6  main_run.o [1]
  .text               ro code  0x0801a57e     0x28  strncat.o [3]
  .text               ro code  0x0801a5a6     0x8c  stm32l1xx_hal_spi_ex.o [1]
  .text               ro code  0x0801a634    0x1bc  ui_image.o [1]
  .text               ro code  0x0801a7f0    0x102  ui_progress_bar.o [1]
  .text               ro code  0x0801a8f4     0xc0  scr_layout.o [1]
  .text               ro code  0x0801a9b4     0x78  font_data.o [1]
  .text               ro code  0x0801aa2c    0x374  ui_disp_text.o [1]
  .text               ro code  0x0801ada0     0xbc  simple_alloc.o [1]
  .text               ro code  0x0801ae5c     0x28  ui_draw_base.o [1]
  .text               ro code  0x0801ae84     0xca  ui_text_base.o [1]
  .text               ro code  0x0801af4e      0x4  scr_set_clean_tube_dose.o [1]
  .text               ro code  0x0801af54    0x264  scr_set_clean_tube_dose.o [1]
  .text               ro code  0x0801b1b8    0x2d8  ui_number_edit.o [1]
  .text               ro code  0x0801b490     0xae  ui_lable.o [1]
  .text               ro code  0x0801b53e      0xe  ui_view.o [1]
  .text               ro code  0x0801b54c      0xe  ui_view.o [1]
  .text               ro code  0x0801b55a      0x4  ui_view.o [1]
  .text               ro code  0x0801b560    0x13c  ssz_ui_view_config.o [1]
  .text               ro code  0x0801b69c     0xc6  ssz_timer.o [1]
  .text               ro code  0x0801b762     0x12  ui_view.o [1]
  .text               ro code  0x0801b774      0x4  ui_view.o [1]
  .text               ro code  0x0801b778      0x4  ui_view.o [1]
  .text               ro code  0x0801b77c    0x494  app_scr_set_time.o [1]
  .text               ro code  0x0801bc10    0x1e8  app_scr_set_max_clean_tube_dose.o [1]
  .text               ro code  0x0801bdf8    0x162  ui_list_pos_indicator.o [1]
  .text               ro code  0x0801bf5a      0x8  ui_text_list.o [1]
  .text               ro code  0x0801bf62     0xe8  ssz_vector.o [1]
  .text               ro code  0x0801c04c     0xd8  ui_draw_img.o [1]
  .text               ro code  0x0801c124    0x6b0  scr_new_pressure_calibration.o [1]
  .text               ro code  0x0801c7d4    0x460  scr_precision_calibration.o [1]
  .text               ro code  0x0801cc34    0x1e8  scr_battery_calibration.o [1]
  .text               ro code  0x0801ce1c    0x39c  app_scr_change_password.o [1]
  .text               ro code  0x0801d1b8    0x1f4  app_scr_change_oled_brightness.o [1]
  .text               ro code  0x0801d3ac    0x220  app_operation_log.o [1]
  .text               ro code  0x0801d5cc    0x1e8  scr_pressure_threshold.o [1]
  .text               ro code  0x0801d7b4    0x208  scr_precision_factor.o [1]
  .text               ro code  0x0801d9bc     0x34  sprintf.o [3]
  .text               ro code  0x0801d9f0     0xb0  stm32l1xx_hal_msp.o [1]
  .text               ro code  0x0801daa0     0xbc  ssz_safe_queue.o [1]
  .text               ro code  0x0801db5c      0x6  abort.o [3]
  .text               ro code  0x0801db64     0x2c  xgetmemchunk.o [3]
  .text               ro code  0x0801db90      0x2  I64DivZer.o [5]
  .text               ro code  0x0801db92      0x2  xtls.o [3]
  .text               ro code  0x0801db94    0x17c  init.o [1]
  .text               ro code  0x0801dd10      0x2  run_test_after_main.o [1]
  .text               ro code  0x0801dd14    0x71c  app_scr_set_infusion_duration.o [1]
  .text               ro code  0x0801e430    0x560  app_scr_set_infusion_speed.o [1]
  .text               ro code  0x0801e990      0x4  ssz_ui_view_config.o [1]
  .text               ro code  0x0801e994    0x758  app_scr_set_date.o [1]
  .text               ro code  0x0801f0ec     0x18  ui_text_list.o [1]
  .text               ro code  0x0801f104      0xc  XXexit.o [5]
  .text               ro code  0x0801f110     0x4c  simple_alloc_config.o [1]
  .text               ro code  0x0801f15c     0x1c  ssz_locale.o [1]
  .text               ro code  0x0801f178     0x20  app_motor_monitor.o [1]
  .text               ro code  0x0801f198    0x28c  app_scr_event_handle.o [1]
  .text               ro code  0x0801f424    0x114  app_key_event_handle.o [1]
  .text               ro code  0x0801f538    0x27c  app_alarm_event_handle.o [1]
  .text               ro code  0x0801f7b4    0x480  app_infusion_event_handle.o [1]
  .text               ro code  0x0801fc34    0x4d8  app_msg_handle.o [1]
  .text               ro code  0x0802010c    0xa28  app_infusion_monitor.o [1]
  .text               ro code  0x08020b34    0x29c  app_scr_set_peek_mode_duration.o [1]
  .text               ro code  0x08020dd0    0x854  app_scr_task_confirm.o [1]
  .text               ro code  0x08021624     0x24  FltCmpLe.o [4]
  .text               ro code  0x08021648     0xd8  FltMul.o [4]
  .text               ro code  0x08021720     0xfc  FltDiv.o [4]
  .text               ro code  0x0802181c    0x1b4  app_scr_set_year.o [1]
  .text               ro code  0x080219d0    0x144  scr_unlock_tip.o [1]
  .text               ro code  0x08021b14    0x24c  scr_tip_popup.o [1]
  .text               ro code  0x08021d60    0x3ec  app_scr_alarm.o [1]
  .text               ro code  0x0802214c    0x1b4  app_sleep.o [1]
  .text               ro code  0x08022300    0x3c8  app_scr_set_peek_mode_speed.o [1]
  .rodata             const    0x080226c8    0x8d8  dengxian_regular_14.o [1]
  .rodata             const    0x08022fa0    0x538  string_data.o [1]
  .rodata             const    0x080234d8    0x400  ssz_algorithm.o [1]
  .rodata             const    0x080238d8    0x318  app_cmd.o [1]
  .rodata             const    0x08023bf0    0x210  heiti_regular_88.o [1]
  .rodata             const    0x08023e00    0x210  heiti_regular_88.o [1]
  .rodata             const    0x08024010    0x210  heiti_regular_88.o [1]
  .rodata             const    0x08024220    0x210  heiti_regular_88.o [1]
  .rodata             const    0x08024430    0x210  heiti_regular_88.o [1]
  .rodata             const    0x08024640    0x210  heiti_regular_88.o [1]
  .rodata             const    0x08024850    0x210  heiti_regular_88.o [1]
  .rodata             const    0x08024a60    0x210  heiti_regular_88.o [1]
  .rodata             const    0x08024c70    0x210  heiti_regular_88.o [1]
  .rodata             const    0x08024e80    0x210  heiti_regular_88.o [1]
  .rodata             const    0x08025090    0x210  heiti_regular_88.o [1]
  .rodata             const    0x080252a0    0x210  heiti_regular_88.o [1]
  .rodata             const    0x080254b0    0x210  heiti_regular_88.o [1]
  .rodata             const    0x080256c0    0x204  image_data.o [1]
  .rodata             const    0x080258c4    0x1e0  select_1.o [1]
  .rodata             const    0x08025aa4    0x1e0  select_2.o [1]
  .rodata             const    0x08025c84    0x1c4  app_cmd.o [1]
  .rodata             const    0x08025e48    0x1c0  app_cmd.o [1]
  .rodata             const    0x08026008    0x1bc  logo.o [1]
  .rodata             const    0x080261c4    0x100  app_cmd.o [1]
  .rodata             const    0x080262c4     0xf0  heiti_regular_60.o [1]
  .rodata             const    0x080263b4     0xf0  heiti_regular_60.o [1]
  .rodata             const    0x080264a4     0xf0  heiti_regular_60.o [1]
  .rodata             const    0x08026594     0xf0  heiti_regular_60.o [1]
  .rodata             const    0x08026684     0xf0  heiti_regular_60.o [1]
  .rodata             const    0x08026774     0xf0  heiti_regular_60.o [1]
  .rodata             const    0x08026864     0xf0  heiti_regular_60.o [1]
  .rodata             const    0x08026954     0xf0  heiti_regular_60.o [1]
  .rodata             const    0x08026a44     0xf0  heiti_regular_60.o [1]
  .rodata             const    0x08026b34     0xf0  heiti_regular_60.o [1]
  .rodata             const    0x08026c24     0xf0  heiti_regular_60.o [1]
  .rodata             const    0x08026d14     0xf0  heiti_regular_60.o [1]
  .rodata             const    0x08026e04     0xf0  heiti_regular_60.o [1]
  .rodata             const    0x08026ef4     0xf0  heiti_regular_60.o [1]
  .text               ro code  0x08026fe4     0xcc  stm32l1xx_it.o [1]
  .rodata             const    0x080270b0     0xc8  flush_max_dose_selected.o [1]
  .rodata             const    0x08027178     0xc8  flush_max_dose_unselected.o [1]
  .rodata             const    0x08027240     0xc8  info_select.o [1]
  .rodata             const    0x08027308     0xc8  info_unselect.o [1]
  .rodata             const    0x080273d0     0xc8  mode_selected.o [1]
  .rodata             const    0x08027498     0xc8  mode_unselected.o [1]
  .rodata             const    0x08027560     0xc8  peak_set_select.o [1]
  .rodata             const    0x08027628     0xc8  peak_set_unselect.o [1]
  .rodata             const    0x080276f0     0xc8  time_select.o [1]
  .rodata             const    0x080277b8     0xc8  time_unselect.o [1]
  .rodata             const    0x08027880     0xc0  app_home.o [1]
  .rodata             const    0x08027940     0xb8  data.o [1]
  .rodata             const    0x080279f8     0xb8  exhaust.o [1]
  .rodata             const    0x08027ab0     0xb8  history_log.o [1]
  .rodata             const    0x08027b68     0xb8  new_task.o [1]
  .rodata             const    0x08027c20     0xb8  stop_infusion.o [1]
  .rodata             const    0x08027cd8     0xb8  system_setting.o [1]
  .rodata             const    0x08027d90     0xb4  app_scr_set_peek_mode_duration.o [1]
  .rodata             const    0x08027e44     0xb4  error.o [1]
  .rodata             const    0x08027ef8     0xb4  warning.o [1]
  .rodata             const    0x08027fac     0xb4  warning_common.o [1]
  .rodata             const    0x08028060     0xac  scr_new_pressure_calibration.o [1]
  .rodata             const    0x0802810c     0xa4  app_cmd.o [1]
  .rodata             const    0x080281b0     0xa0  ssz_ui_view_config.o [1]
  .rodata             const    0x08028250     0x98  app_cmd.o [1]
  .rodata             const    0x080282e8     0x88  app_scr_set_infusion_duration.o [1]
  .rodata             const    0x08028370     0x88  app_scr_set_infusion_speed.o [1]
  .rodata             const    0x080283f8     0x88  app_scr_set_peek_mode_speed.o [1]
  .rodata             const    0x08028480     0x84  app_cmd.o [1]
  .text               ro code  0x08028504     0x82  ui_normal_list_base.o [1]
  .rodata             const    0x08028588     0x80  data.o [1]
  .rodata             const    0x08028608     0x74  scr_battery_calibration.o [1]
  .rodata             const    0x0802867c     0x74  scr_precision_calibration.o [1]
  .rodata             const    0x080286f0     0x70  heiti_regular_60.o [1]
  .rodata             const    0x08028760     0x68  app_cmd.o [1]
  .rodata             const    0x080287c8     0x68  app_scr_task_confirm.o [1]
  .rodata             const    0x08028830     0x68  heiti_regular_88.o [1]
  .rodata             const    0x08028898     0x64  app_cmd.o [1]
  .rodata             const    0x080288fc     0x60  app_delivery.o [1]
  .rodata             const    0x0802895c     0x60  app_scr_alarm.o [1]
  .rodata             const    0x080289bc     0x58  app_cmd.o [1]
  .rodata             const    0x08028a14     0x58  app_cmd.o [1]
  .rodata             const    0x08028a6c     0x58  app_delivery.o [1]
  .rodata             const    0x08028ac4     0x58  app_main_menu.o [1]
  .rodata             const    0x08028b1c     0x58  app_scr_manual_clear_air.o [1]
  .rodata             const    0x08028b74     0x54  app_cmd.o [1]
  .rodata             const    0x08028bc8     0x54  app_scr_set_total_dose.o [1]
  .rodata             const    0x08028c1c     0x50  app_cmd.o [1]
  .rodata             const    0x08028c6c     0x50  app_delivery.o [1]
  .rodata             const    0x08028cbc     0x50  app_scr_set_date.o [1]
  .rodata             const    0x08028d0c     0x50  app_scr_set_time.o [1]
  .rodata             const    0x08028d5c     0x4c  app_cmd.o [1]
  .rodata             const    0x08028da8     0x4c  app_cmd.o [1]
  .rodata             const    0x08028df4     0x4c  app_cmd.o [1]
  .rodata             const    0x08028e40     0x4c  app_cmd.o [1]
  .rodata             const    0x08028e8c     0x48  app_cmd.o [1]
  .rodata             const    0x08028ed4     0x48  app_delivery.o [1]
  .rodata             const    0x08028f1c     0x48  app_infusion_monitor.o [1]
  .rodata             const    0x08028f64     0x48  app_popup.o [1]
  .rodata             const    0x08028fac     0x48  app_scr_change_password.o [1]
  .rodata             const    0x08028ff4     0x48  scr_password_popup.o [1]
  .rodata             const    0x0802903c     0x48  string_data.o [1]
  .rodata             const    0x08029084     0x44  app_cmd.o [1]
  .rodata             const    0x080290c8     0x44  string_data.o [1]
  .rodata             const    0x0802910c     0x44  string_data.o [1]
  .rodata             const    0x08029150     0x44  string_data.o [1]
  .rodata             const    0x08029194     0x40  app_cmd.o [1]
  .rodata             const    0x080291d4     0x40  app_cmd.o [1]
  .rodata             const    0x08029214     0x40  app_cmd.o [1]
  .rodata             const    0x08029254     0x40  app_delivery.o [1]
  .rodata             const    0x08029294     0x40  app_delivery.o [1]
  .rodata             const    0x080292d4     0x40  param.o [1]
  .rodata             const    0x08029314     0x40  string_data.o [1]
  .text               ro code  0x08029354     0x40  zero_init3.o [5]
  .rodata             const    0x08029394     0x3c  app_alternative_popup.o [1]
  .rodata             const    0x080293d0     0x3c  app_cmd.o [1]
  .rodata             const    0x0802940c     0x3c  app_cmd.o [1]
  .rodata             const    0x08029448     0x3c  app_cmd.o [1]
  .rodata             const    0x08029484     0x3c  app_cmd.o [1]
  .rodata             const    0x080294c0     0x3c  app_cmd.o [1]
  .rodata             const    0x080294fc     0x3c  app_cmd.o [1]
  .rodata             const    0x08029538     0x3c  app_cmd.o [1]
  .rodata             const    0x08029574     0x3c  app_infusion_monitor.o [1]
  .rodata             const    0x080295b0     0x3c  drv_lowpower.o [1]
  .rodata             const    0x080295ec     0x3c  string_data.o [1]
  .rodata             const    0x08029628     0x3c  three_valve_motor.o [1]
  .rodata             const    0x08029664     0x38  adc.o [1]
  .rodata             const    0x0802969c     0x38  app_cmd.o [1]
  .rodata             const    0x080296d4     0x38  app_cmd.o [1]
  .rodata             const    0x0802970c     0x38  app_delivery.o [1]
  .rodata             const    0x08029744     0x38  app_mcu_monitor.o [1]
  .rodata             const    0x0802977c     0x38  main.o [1]
  .rodata             const    0x080297b4     0x38  mid_adc.o [1]
  .rodata             const    0x080297ec     0x38  param.o [1]
  .rodata             const    0x08029824     0x38  spi.o [1]
  .rodata             const    0x0802985c     0x38  tim.o [1]
  .rodata             const    0x08029894     0x38  ui_draw.o [1]
  .rodata             const    0x080298cc     0x38  usart.o [1]
  .rodata             const    0x08029904     0x34  app_cmd.o [1]
  .rodata             const    0x08029938     0x34  app_cmd.o [1]
  .rodata             const    0x0802996c     0x34  app_cmd.o [1]
  .rodata             const    0x080299a0     0x34  app_cmd.o [1]
  .rodata             const    0x080299d4     0x34  app_cmd.o [1]
  .rodata             const    0x08029a08     0x34  app_cmd.o [1]
  .rodata             const    0x08029a3c     0x34  app_cmd.o [1]
  .rodata             const    0x08029a70     0x34  app_delivery.o [1]
  .rodata             const    0x08029aa4     0x34  app_msg_handle.o [1]
  .rodata             const    0x08029ad8     0x34  app_msg_handle.o [1]
  .rodata             const    0x08029b0c     0x34  infusion_motor.o [1]
  .rodata             const    0x08029b40     0x34  infusion_motor.o [1]
  .rodata             const    0x08029b74     0x34  param.o [1]
  .rodata             const    0x08029ba8     0x34  param.o [1]
  .rodata             const    0x08029bdc     0x34  param.o [1]
  .rodata             const    0x08029c10     0x34  string_data.o [1]
  .rodata             const    0x08029c44     0x34  three_valve_motor.o [1]
  .rodata             const    0x08029c78     0x30  app_cmd.o [1]
  .rodata             const    0x08029ca8     0x30  app_cmd.o [1]
  .rodata             const    0x08029cd8     0x30  app_cmd.o [1]
  .rodata             const    0x08029d08     0x30  app_cmd.o [1]
  .rodata             const    0x08029d38     0x30  app_common.o [1]
  .rodata             const    0x08029d68     0x30  app_infusion_monitor.o [1]
  .rodata             const    0x08029d98     0x30  app_infusion_monitor.o [1]
  .rodata             const    0x08029dc8     0x30  battery_AC.o [1]
  .rodata             const    0x08029df8     0x30  battery_empty.o [1]
  .rodata             const    0x08029e28     0x30  battery_full.o [1]
  .rodata             const    0x08029e58     0x30  battery_no.o [1]
  .rodata             const    0x08029e88     0x30  battery_one.o [1]
  .rodata             const    0x08029eb8     0x30  battery_three.o [1]
  .rodata             const    0x08029ee8     0x30  battery_two.o [1]
  .rodata             const    0x08029f18     0x30  font_data.o [1]
  .rodata             const    0x08029f48     0x30  infusion_motor.o [1]
  .rodata             const    0x08029f78     0x30  param.o [1]
  .rodata             const    0x08029fa8     0x30  param.o [1]
  .rodata             const    0x08029fd8     0x30  scr_factory_mode.o [1]
  .rodata             const    0x0802a008     0x30  scr_factory_mode.o [1]
  .rodata             const    0x0802a038     0x30  simple_alloc_config.o [1]
  .rodata             const    0x0802a068     0x30  three_valve_motor.o [1]
  .rodata             const    0x0802a098     0x2c  app_cmd.o [1]
  .rodata             const    0x0802a0c4     0x2c  app_cmd.o [1]
  .rodata             const    0x0802a0f0     0x2c  app_cmd.o [1]
  .rodata             const    0x0802a11c     0x2c  app_cmd.o [1]
  .rodata             const    0x0802a148     0x2c  app_cmd.o [1]
  .rodata             const    0x0802a174     0x2c  app_cmd.o [1]
  .rodata             const    0x0802a1a0     0x2c  app_cmd.o [1]
  .rodata             const    0x0802a1cc     0x2c  app_cmd.o [1]
  .rodata             const    0x0802a1f8     0x2c  app_cmd.o [1]
  .rodata             const    0x0802a224     0x2c  app_cmd.o [1]
  .rodata             const    0x0802a250     0x2c  param.o [1]
  .rodata             const    0x0802a27c     0x2c  param.o [1]
  .rodata             const    0x0802a2a8     0x2c  scr_tip_popup.o [1]
  .rodata             const    0x0802a2d4     0x2c  scr_unlock_tip.o [1]
  .rodata             const    0x0802a300     0x2c  screen.o [1]
  .rodata             const    0x0802a32c     0x2c  string_data.o [1]
  .rodata             const    0x0802a358     0x2c  string_data.o [1]
  .rodata             const    0x0802a384     0x2c  three_valve_motor.o [1]
  .rodata             const    0x0802a3b0     0x2c  three_valve_motor.o [1]
  .rodata             const    0x0802a3dc     0x2c  ui_image_list.o [1]
  .rodata             const    0x0802a408     0x2c  ui_list_base.o [1]
  .rodata             const    0x0802a434     0x2c  ui_normal_list_base.o [1]
  .rodata             const    0x0802a460     0x2c  ui_page_control.o [1]
  .rodata             const    0x0802a48c     0x2c  ui_text_list.o [1]
  .rodata             const    0x0802a4b8     0x28  app_cmd.o [1]
  .rodata             const    0x0802a4e0     0x28  app_cmd.o [1]
  .rodata             const    0x0802a508     0x28  app_cmd.o [1]
  .rodata             const    0x0802a530     0x28  app_cmd.o [1]
  .rodata             const    0x0802a558     0x28  app_cmd.o [1]
  .rodata             const    0x0802a580     0x28  app_cmd.o [1]
  .rodata             const    0x0802a5a8     0x28  app_cmd.o [1]
  .rodata             const    0x0802a5d0     0x28  app_cmd.o [1]
  .rodata             const    0x0802a5f8     0x28  app_cmd.o [1]
  .rodata             const    0x0802a620     0x28  app_cmd.o [1]
  .rodata             const    0x0802a648     0x28  app_cmd.o [1]
  .rodata             const    0x0802a670     0x28  app_cmd.o [1]
  .rodata             const    0x0802a698     0x28  app_cmd.o [1]
  .rodata             const    0x0802a6c0     0x28  app_cmd.o [1]
  .rodata             const    0x0802a6e8     0x28  app_cmd.o [1]
  .rodata             const    0x0802a710     0x28  app_cmd.o [1]
  .rodata             const    0x0802a738     0x28  app_cmd.o [1]
  .rodata             const    0x0802a760     0x28  app_msg_handle.o [1]
  .rodata             const    0x0802a788     0x28  drv_key.o [1]
  .rodata             const    0x0802a7b0     0x28  infusion_motor.o [1]
  .rodata             const    0x0802a7d8     0x28  infusion_motor.o [1]
  .rodata             const    0x0802a800     0x28  infusion_motor.o [1]
  .rodata             const    0x0802a828     0x28  param.o [1]
  .rodata             const    0x0802a850     0x28  param.o [1]
  .rodata             const    0x0802a878     0x28  param.o [1]
  .rodata             const    0x0802a8a0     0x28  string_data.o [1]
  .rodata             const    0x0802a8c8     0x28  string_data.o [1]
  .text               ro code  0x0802a8f0     0x28  data_init.o [5]
  .rodata             const    0x0802a918     0x24  app_cmd.o [1]
  .rodata             const    0x0802a93c     0x24  app_cmd.o [1]
  .rodata             const    0x0802a960     0x24  app_cmd.o [1]
  .rodata             const    0x0802a984     0x24  app_cmd.o [1]
  .rodata             const    0x0802a9a8     0x24  app_cmd.o [1]
  .rodata             const    0x0802a9cc     0x24  app_cmd.o [1]
  .rodata             const    0x0802a9f0     0x24  app_cmd.o [1]
  .rodata             const    0x0802aa14     0x24  app_cmd.o [1]
  .rodata             const    0x0802aa38     0x24  app_cmd.o [1]
  .rodata             const    0x0802aa5c     0x24  app_cmd.o [1]
  .rodata             const    0x0802aa80     0x24  app_cmd.o [1]
  .rodata             const    0x0802aaa4     0x24  app_cmd.o [1]
  .rodata             const    0x0802aac8     0x24  app_cmd.o [1]
  .rodata             const    0x0802aaec     0x24  app_cmd.o [1]
  .rodata             const    0x0802ab10     0x24  app_cmd.o [1]
  .rodata             const    0x0802ab34     0x24  app_cmd.o [1]
  .rodata             const    0x0802ab58     0x24  app_cmd.o [1]
  .rodata             const    0x0802ab7c     0x24  app_cmd.o [1]
  .rodata             const    0x0802aba0     0x24  app_cmd.o [1]
  .rodata             const    0x0802abc4     0x24  app_cmd.o [1]
  .rodata             const    0x0802abe8     0x24  app_cmd.o [1]
  .rodata             const    0x0802ac0c     0x24  app_cmd.o [1]
  .rodata             const    0x0802ac30     0x24  app_infusion_monitor.o [1]
  .rodata             const    0x0802ac54     0x24  app_mcu_monitor.o [1]
  .rodata             const    0x0802ac78     0x24  app_scr_set_max_clean_tube_dose.o [1]
  .rodata             const    0x0802ac9c     0x24  infusion_motor.o [1]
  .rodata             const    0x0802acc0     0x24  param.o [1]
  .rodata             const    0x0802ace4     0x24  param.o [1]
  .rodata             const    0x0802ad08     0x24  param.o [1]
  .rodata             const    0x0802ad2c     0x24  param.o [1]
  .rodata             const    0x0802ad50     0x24  param.o [1]
  .rodata             const    0x0802ad74     0x24  scr_layout.o [1]
  .rodata             const    0x0802ad98     0x24  scr_set_clean_tube_dose.o [1]
  .rodata             const    0x0802adbc     0x24  screen.o [1]
  .rodata             const    0x0802ade0     0x24  string_data.o [1]
  .rodata             const    0x0802ae04     0x24  three_valve_motor.o [1]
  .iar.init_table     const    0x0802ae28     0x20  - Linker created -
  .rodata             const    0x0802ae48     0x20  app_cmd.o [1]
  .rodata             const    0x0802ae68     0x20  app_cmd.o [1]
  .rodata             const    0x0802ae88     0x20  app_cmd.o [1]
  .rodata             const    0x0802aea8     0x20  app_cmd.o [1]
  .rodata             const    0x0802aec8     0x20  app_cmd.o [1]
  .rodata             const    0x0802aee8     0x20  app_cmd.o [1]
  .rodata             const    0x0802af08     0x20  app_cmd.o [1]
  .rodata             const    0x0802af28     0x20  app_cmd.o [1]
  .rodata             const    0x0802af48     0x20  app_cmd.o [1]
  .rodata             const    0x0802af68     0x20  app_cmd.o [1]
  .rodata             const    0x0802af88     0x20  app_cmd.o [1]
  .rodata             const    0x0802afa8     0x20  app_cmd.o [1]
  .rodata             const    0x0802afc8     0x20  app_cmd.o [1]
  .rodata             const    0x0802afe8     0x20  app_cmd.o [1]
  .rodata             const    0x0802b008     0x20  app_cmd.o [1]
  .rodata             const    0x0802b028     0x20  app_cmd.o [1]
  .rodata             const    0x0802b048     0x20  app_delivery.o [1]
  .rodata             const    0x0802b068     0x20  app_delivery.o [1]
  .rodata             const    0x0802b088     0x20  app_history_log.o [1]
  .rodata             const    0x0802b0a8     0x20  app_infusion_monitor.o [1]
  .rodata             const    0x0802b0c8     0x20  app_infusion_monitor.o [1]
  .rodata             const    0x0802b0e8     0x20  app_mcu_comm.o [1]
  .rodata             const    0x0802b108     0x20  app_operation_log.o [1]
  .rodata             const    0x0802b128     0x20  app_scr_task_confirm.o [1]
  .rodata             const    0x0802b148     0x20  app_system_monitor.o [1]
  .rodata             const    0x0802b168     0x20  cpu_usage.o [1]
  .rodata             const    0x0802b188     0x20  infusion_motor.o [1]
  .rodata             const    0x0802b1a8     0x20  infusion_pause.o [1]
  .rodata             const    0x0802b1c8     0x20  infusion_run.o [1]
  .rodata             const    0x0802b1e8     0x20  infusion_stop.o [1]
  .rodata             const    0x0802b208     0x20  mute.o [1]
  .rodata             const    0x0802b228     0x20  param.o [1]
  .rodata             const    0x0802b248     0x20  param.o [1]
  .rodata             const    0x0802b268     0x20  param.o [1]
  .rodata             const    0x0802b288     0x20  param.o [1]
  .rodata             const    0x0802b2a8     0x20  param.o [1]
  .rodata             const    0x0802b2c8     0x20  param.o [1]
  .rodata             const    0x0802b2e8     0x20  scr_new_pressure_calibration.o [1]
  .rodata             const    0x0802b308     0x20  scr_new_pressure_calibration.o [1]
  .rodata             const    0x0802b328     0x20  screen.o [1]
  .rodata             const    0x0802b348     0x20  screen.o [1]
  .rodata             const    0x0802b368     0x20  sound_pause.o [1]
  .rodata             const    0x0802b388     0x20  string_data.o [1]
  .rodata             const    0x0802b3a8     0x20  string_data.o [1]
  .rodata             const    0x0802b3c8     0x20  string_data.o [1]
  .rodata             const    0x0802b3e8     0x20  string_data.o [1]
  .rodata             const    0x0802b408     0x1c  app_cmd.o [1]
  .rodata             const    0x0802b424     0x1c  app_cmd.o [1]
  .rodata             const    0x0802b440     0x1c  app_cmd.o [1]
  .rodata             const    0x0802b45c     0x1c  app_cmd.o [1]
  .rodata             const    0x0802b478     0x1c  app_cmd.o [1]
  .rodata             const    0x0802b494     0x1c  app_cmd.o [1]
  .rodata             const    0x0802b4b0     0x1c  app_cmd.o [1]
  .rodata             const    0x0802b4cc     0x1c  app_cmd.o [1]
  .rodata             const    0x0802b4e8     0x1c  app_cmd.o [1]
  .rodata             const    0x0802b504     0x1c  app_cmd.o [1]
  .rodata             const    0x0802b520     0x1c  app_cmd.o [1]
  .rodata             const    0x0802b53c     0x1c  app_cmd.o [1]
  .rodata             const    0x0802b558     0x1c  app_cmd.o [1]
  .rodata             const    0x0802b574     0x1c  app_cmd.o [1]
  .rodata             const    0x0802b590     0x1c  app_cmd.o [1]
  .rodata             const    0x0802b5ac     0x1c  app_cmd.o [1]
  .rodata             const    0x0802b5c8     0x1c  app_mcu_comm.o [1]
  .rodata             const    0x0802b5e4     0x1c  app_scr_change_oled_brightness.o [1]
  .rodata             const    0x0802b600     0x1c  dengxian_regular_14.o [1]
  .rodata             const    0x0802b61c     0x1c  dengxian_regular_14.o [1]
  .rodata             const    0x0802b638     0x1c  dengxian_regular_14.o [1]
  .rodata             const    0x0802b654     0x1c  dengxian_regular_14.o [1]
  .rodata             const    0x0802b670     0x1c  dengxian_regular_14.o [1]
  .rodata             const    0x0802b68c     0x1c  dengxian_regular_14.o [1]
  .rodata             const    0x0802b6a8     0x1c  dengxian_regular_14.o [1]
  .rodata             const    0x0802b6c4     0x1c  dengxian_regular_14.o [1]
  .rodata             const    0x0802b6e0     0x1c  dengxian_regular_14.o [1]
  .rodata             const    0x0802b6fc     0x1c  dengxian_regular_14.o [1]
  .rodata             const    0x0802b718     0x1c  dengxian_regular_14.o [1]
  .rodata             const    0x0802b734     0x1c  dengxian_regular_14.o [1]
  .rodata             const    0x0802b750     0x1c  dengxian_regular_14.o [1]
  .rodata             const    0x0802b76c     0x1c  dengxian_regular_14.o [1]
  .rodata             const    0x0802b788     0x1c  dengxian_regular_14.o [1]
  .rodata             const    0x0802b7a4     0x1c  dengxian_regular_14.o [1]
  .rodata             const    0x0802b7c0     0x1c  dengxian_regular_14.o [1]
  .rodata             const    0x0802b7dc     0x1c  dengxian_regular_14.o [1]
  .rodata             const    0x0802b7f8     0x1c  dengxian_regular_14.o [1]
  .rodata             const    0x0802b814     0x1c  dengxian_regular_14.o [1]
  .rodata             const    0x0802b830     0x1c  dengxian_regular_14.o [1]
  .rodata             const    0x0802b84c     0x1c  dengxian_regular_14.o [1]
  .rodata             const    0x0802b868     0x1c  dengxian_regular_14.o [1]
  .rodata             const    0x0802b884     0x1c  dengxian_regular_14.o [1]
  .rodata             const    0x0802b8a0     0x1c  dengxian_regular_14.o [1]
  .rodata             const    0x0802b8bc     0x1c  dengxian_regular_14.o [1]
  .rodata             const    0x0802b8d8     0x1c  dengxian_regular_14.o [1]
  .rodata             const    0x0802b8f4     0x1c  dengxian_regular_14.o [1]
  .rodata             const    0x0802b910     0x1c  dengxian_regular_14.o [1]
  .rodata             const    0x0802b92c     0x1c  dengxian_regular_14.o [1]
  .rodata             const    0x0802b948     0x1c  dengxian_regular_14.o [1]
  .rodata             const    0x0802b964     0x1c  dengxian_regular_14.o [1]
  .rodata             const    0x0802b980     0x1c  dengxian_regular_14.o [1]
  .rodata             const    0x0802b99c     0x1c  dengxian_regular_14.o [1]
  .rodata             const    0x0802b9b8     0x1c  dengxian_regular_14.o [1]
  .rodata             const    0x0802b9d4     0x1c  dengxian_regular_14.o [1]
  .rodata             const    0x0802b9f0     0x1c  dengxian_regular_14.o [1]
  .rodata             const    0x0802ba0c     0x1c  dengxian_regular_14.o [1]
  .rodata             const    0x0802ba28     0x1c  dengxian_regular_14.o [1]
  .rodata             const    0x0802ba44     0x1c  dengxian_regular_14.o [1]
  .rodata             const    0x0802ba60     0x1c  dengxian_regular_14.o [1]
  .rodata             const    0x0802ba7c     0x1c  dengxian_regular_14.o [1]
  .rodata             const    0x0802ba98     0x1c  dengxian_regular_14.o [1]
  .rodata             const    0x0802bab4     0x1c  dengxian_regular_14.o [1]
  .rodata             const    0x0802bad0     0x1c  dengxian_regular_14.o [1]
  .rodata             const    0x0802baec     0x1c  dengxian_regular_14.o [1]
  .rodata             const    0x0802bb08     0x1c  dengxian_regular_14.o [1]
  .rodata             const    0x0802bb24     0x1c  dengxian_regular_14.o [1]
  .rodata             const    0x0802bb40     0x1c  dengxian_regular_14.o [1]
  .rodata             const    0x0802bb5c     0x1c  dengxian_regular_14.o [1]
  .rodata             const    0x0802bb78     0x1c  dengxian_regular_14.o [1]
  .rodata             const    0x0802bb94     0x1c  dengxian_regular_14.o [1]
  .rodata             const    0x0802bbb0     0x1c  dengxian_regular_14.o [1]
  .rodata             const    0x0802bbcc     0x1c  dengxian_regular_14.o [1]
  .rodata             const    0x0802bbe8     0x1c  dengxian_regular_14.o [1]
  .rodata             const    0x0802bc04     0x1c  dengxian_regular_14.o [1]
  .rodata             const    0x0802bc20     0x1c  dengxian_regular_14.o [1]
  .rodata             const    0x0802bc3c     0x1c  dengxian_regular_14.o [1]
  .rodata             const    0x0802bc58     0x1c  dengxian_regular_14.o [1]
  .rodata             const    0x0802bc74     0x1c  dengxian_regular_14.o [1]
  .rodata             const    0x0802bc90     0x1c  dengxian_regular_14.o [1]
  .rodata             const    0x0802bcac     0x1c  dengxian_regular_14.o [1]
  .rodata             const    0x0802bcc8     0x1c  dengxian_regular_14.o [1]
  .rodata             const    0x0802bce4     0x1c  dengxian_regular_14.o [1]
  .rodata             const    0x0802bd00     0x1c  dengxian_regular_14.o [1]
  .rodata             const    0x0802bd1c     0x1c  dengxian_regular_14.o [1]
  .rodata             const    0x0802bd38     0x1c  dengxian_regular_14.o [1]
  .rodata             const    0x0802bd54     0x1c  dengxian_regular_14.o [1]
  .rodata             const    0x0802bd70     0x1c  dengxian_regular_14.o [1]
  .rodata             const    0x0802bd8c     0x1c  dengxian_regular_14.o [1]
  .rodata             const    0x0802bda8     0x1c  dengxian_regular_14.o [1]
  .rodata             const    0x0802bdc4     0x1c  dengxian_regular_14.o [1]
  .rodata             const    0x0802bde0     0x1c  dengxian_regular_14.o [1]
  .rodata             const    0x0802bdfc     0x1c  dengxian_regular_14.o [1]
  .rodata             const    0x0802be18     0x1c  dengxian_regular_14.o [1]
  .rodata             const    0x0802be34     0x1c  dengxian_regular_14.o [1]
  .rodata             const    0x0802be50     0x1c  dengxian_regular_14.o [1]
  .rodata             const    0x0802be6c     0x1c  dengxian_regular_14.o [1]
  .rodata             const    0x0802be88     0x1c  dengxian_regular_14.o [1]
  .rodata             const    0x0802bea4     0x1c  dengxian_regular_14.o [1]
  .rodata             const    0x0802bec0     0x1c  dengxian_regular_14.o [1]
  .rodata             const    0x0802bedc     0x1c  dengxian_regular_14.o [1]
  .rodata             const    0x0802bef8     0x1c  dengxian_regular_14.o [1]
  .rodata             const    0x0802bf14     0x1c  dengxian_regular_14.o [1]
  .rodata             const    0x0802bf30     0x1c  dengxian_regular_14.o [1]
  .rodata             const    0x0802bf4c     0x1c  dengxian_regular_14.o [1]
  .rodata             const    0x0802bf68     0x1c  dengxian_regular_14.o [1]
  .rodata             const    0x0802bf84     0x1c  dengxian_regular_14.o [1]
  .rodata             const    0x0802bfa0     0x1c  dengxian_regular_14.o [1]
  .rodata             const    0x0802bfbc     0x1c  dengxian_regular_14.o [1]
  .rodata             const    0x0802bfd8     0x1c  dengxian_regular_14.o [1]
  .rodata             const    0x0802bff4     0x1c  dengxian_regular_14.o [1]
  .rodata             const    0x0802c010     0x1c  dengxian_regular_14.o [1]
  .rodata             const    0x0802c02c     0x1c  dengxian_regular_14.o [1]
  .rodata             const    0x0802c048     0x1c  dengxian_regular_14.o [1]
  .rodata             const    0x0802c064     0x1c  dengxian_regular_14.o [1]
  .rodata             const    0x0802c080     0x1c  dengxian_regular_14.o [1]
  .rodata             const    0x0802c09c     0x1c  dengxian_regular_14.o [1]
  .rodata             const    0x0802c0b8     0x1c  dengxian_regular_14.o [1]
  .rodata             const    0x0802c0d4     0x1c  dengxian_regular_14.o [1]
  .rodata             const    0x0802c0f0     0x1c  dengxian_regular_14.o [1]
  .rodata             const    0x0802c10c     0x1c  dengxian_regular_14.o [1]
  .rodata             const    0x0802c128     0x1c  dengxian_regular_14.o [1]
  .rodata             const    0x0802c144     0x1c  dengxian_regular_14.o [1]
  .rodata             const    0x0802c160     0x1c  dengxian_regular_14.o [1]
  .rodata             const    0x0802c17c     0x1c  dengxian_regular_14.o [1]
  .rodata             const    0x0802c198     0x1c  dengxian_regular_14.o [1]
  .rodata             const    0x0802c1b4     0x1c  dengxian_regular_14.o [1]
  .rodata             const    0x0802c1d0     0x1c  dengxian_regular_14.o [1]
  .rodata             const    0x0802c1ec     0x1c  dengxian_regular_14.o [1]
  .rodata             const    0x0802c208     0x1c  dengxian_regular_14.o [1]
  .rodata             const    0x0802c224     0x1c  dengxian_regular_14.o [1]
  .rodata             const    0x0802c240     0x1c  dengxian_regular_14.o [1]
  .rodata             const    0x0802c25c     0x1c  dengxian_regular_14.o [1]
  .rodata             const    0x0802c278     0x1c  dengxian_regular_14.o [1]
  .rodata             const    0x0802c294     0x1c  dengxian_regular_14.o [1]
  .rodata             const    0x0802c2b0     0x1c  dengxian_regular_14.o [1]
  .rodata             const    0x0802c2cc     0x1c  dengxian_regular_14.o [1]
  .rodata             const    0x0802c2e8     0x1c  dengxian_regular_14.o [1]
  .rodata             const    0x0802c304     0x1c  dengxian_regular_14.o [1]
  .rodata             const    0x0802c320     0x1c  dengxian_regular_14.o [1]
  .rodata             const    0x0802c33c     0x1c  dengxian_regular_14.o [1]
  .rodata             const    0x0802c358     0x1c  dengxian_regular_14.o [1]
  .rodata             const    0x0802c374     0x1c  dengxian_regular_14.o [1]
  .rodata             const    0x0802c390     0x1c  dengxian_regular_14.o [1]
  .rodata             const    0x0802c3ac     0x1c  dengxian_regular_14.o [1]
  .rodata             const    0x0802c3c8     0x1c  dengxian_regular_14.o [1]
  .rodata             const    0x0802c3e4     0x1c  dengxian_regular_14.o [1]
  .rodata             const    0x0802c400     0x1c  dengxian_regular_14.o [1]
  .rodata             const    0x0802c41c     0x1c  dengxian_regular_14.o [1]
  .rodata             const    0x0802c438     0x1c  dengxian_regular_14.o [1]
  .rodata             const    0x0802c454     0x1c  dengxian_regular_14.o [1]
  .rodata             const    0x0802c470     0x1c  dengxian_regular_14.o [1]
  .rodata             const    0x0802c48c     0x1c  dengxian_regular_14.o [1]
  .rodata             const    0x0802c4a8     0x1c  dengxian_regular_14.o [1]
  .rodata             const    0x0802c4c4     0x1c  dengxian_regular_14.o [1]
  .rodata             const    0x0802c4e0     0x1c  dengxian_regular_14.o [1]
  .rodata             const    0x0802c4fc     0x1c  dengxian_regular_14.o [1]
  .rodata             const    0x0802c518     0x1c  dengxian_regular_14.o [1]
  .rodata             const    0x0802c534     0x1c  dengxian_regular_14.o [1]
  .rodata             const    0x0802c550     0x1c  dengxian_regular_14.o [1]
  .rodata             const    0x0802c56c     0x1c  dengxian_regular_14.o [1]
  .rodata             const    0x0802c588     0x1c  dengxian_regular_14.o [1]
  .rodata             const    0x0802c5a4     0x1c  dengxian_regular_14.o [1]
  .rodata             const    0x0802c5c0     0x1c  dengxian_regular_14.o [1]
  .rodata             const    0x0802c5dc     0x1c  dengxian_regular_14.o [1]
  .rodata             const    0x0802c5f8     0x1c  dengxian_regular_14.o [1]
  .rodata             const    0x0802c614     0x1c  dengxian_regular_14.o [1]
  .rodata             const    0x0802c630     0x1c  dengxian_regular_14.o [1]
  .rodata             const    0x0802c64c     0x1c  dengxian_regular_14.o [1]
  .rodata             const    0x0802c668     0x1c  dengxian_regular_14.o [1]
  .rodata             const    0x0802c684     0x1c  dengxian_regular_14.o [1]
  .rodata             const    0x0802c6a0     0x1c  dengxian_regular_14.o [1]
  .rodata             const    0x0802c6bc     0x1c  dengxian_regular_14.o [1]
  .rodata             const    0x0802c6d8     0x1c  dengxian_regular_14.o [1]
  .rodata             const    0x0802c6f4     0x1c  dengxian_regular_14.o [1]
  .rodata             const    0x0802c710     0x1c  dengxian_regular_14.o [1]
  .rodata             const    0x0802c72c     0x1c  dengxian_regular_14.o [1]
  .rodata             const    0x0802c748     0x1c  dengxian_regular_14.o [1]
  .rodata             const    0x0802c764     0x1c  dengxian_regular_14.o [1]
  .rodata             const    0x0802c780     0x1c  dengxian_regular_14.o [1]
  .rodata             const    0x0802c79c     0x1c  dengxian_regular_14.o [1]
  .rodata             const    0x0802c7b8     0x1c  dengxian_regular_14.o [1]
  .rodata             const    0x0802c7d4     0x1c  dengxian_regular_14.o [1]
  .rodata             const    0x0802c7f0     0x1c  dengxian_regular_14.o [1]
  .rodata             const    0x0802c80c     0x1c  dengxian_regular_14.o [1]
  .rodata             const    0x0802c828     0x1c  dengxian_regular_14.o [1]
  .rodata             const    0x0802c844     0x1c  dengxian_regular_14.o [1]
  .rodata             const    0x0802c860     0x1c  dengxian_regular_14.o [1]
  .rodata             const    0x0802c87c     0x1c  dengxian_regular_14.o [1]
  .rodata             const    0x0802c898     0x1c  dengxian_regular_14.o [1]
  .rodata             const    0x0802c8b4     0x1c  dengxian_regular_14.o [1]
  .rodata             const    0x0802c8d0     0x1c  dengxian_regular_14.o [1]
  .rodata             const    0x0802c8ec     0x1c  dengxian_regular_14.o [1]
  .rodata             const    0x0802c908     0x1c  dengxian_regular_14.o [1]
  .rodata             const    0x0802c924     0x1c  dengxian_regular_14.o [1]
  .rodata             const    0x0802c940     0x1c  dengxian_regular_14.o [1]
  .rodata             const    0x0802c95c     0x1c  dengxian_regular_14.o [1]
  .rodata             const    0x0802c978     0x1c  dengxian_regular_14.o [1]
  .rodata             const    0x0802c994     0x1c  dengxian_regular_14.o [1]
  .rodata             const    0x0802c9b0     0x1c  dengxian_regular_14.o [1]
  .rodata             const    0x0802c9cc     0x1c  dengxian_regular_14.o [1]
  .rodata             const    0x0802c9e8     0x1c  dengxian_regular_14.o [1]
  .rodata             const    0x0802ca04     0x1c  dengxian_regular_14.o [1]
  .rodata             const    0x0802ca20     0x1c  dengxian_regular_14.o [1]
  .rodata             const    0x0802ca3c     0x1c  dengxian_regular_14.o [1]
  .rodata             const    0x0802ca58     0x1c  dengxian_regular_14.o [1]
  .rodata             const    0x0802ca74     0x1c  dengxian_regular_14.o [1]
  .rodata             const    0x0802ca90     0x1c  dengxian_regular_14.o [1]
  .rodata             const    0x0802caac     0x1c  dengxian_regular_14.o [1]
  .rodata             const    0x0802cac8     0x1c  dengxian_regular_14.o [1]
  .rodata             const    0x0802cae4     0x1c  dengxian_regular_14.o [1]
  .rodata             const    0x0802cb00     0x1c  dengxian_regular_14.o [1]
  .rodata             const    0x0802cb1c     0x1c  dengxian_regular_14.o [1]
  .rodata             const    0x0802cb38     0x1c  dengxian_regular_14.o [1]
  .rodata             const    0x0802cb54     0x1c  dengxian_regular_14.o [1]
  .rodata             const    0x0802cb70     0x1c  dengxian_regular_14.o [1]
  .rodata             const    0x0802cb8c     0x1c  dengxian_regular_14.o [1]
  .rodata             const    0x0802cba8     0x1c  dengxian_regular_14.o [1]
  .rodata             const    0x0802cbc4     0x1c  dengxian_regular_14.o [1]
  .rodata             const    0x0802cbe0     0x1c  dengxian_regular_14.o [1]
  .rodata             const    0x0802cbfc     0x1c  dengxian_regular_14.o [1]
  .rodata             const    0x0802cc18     0x1c  dengxian_regular_14.o [1]
  .rodata             const    0x0802cc34     0x1c  dengxian_regular_14.o [1]
  .rodata             const    0x0802cc50     0x1c  dengxian_regular_14.o [1]
  .rodata             const    0x0802cc6c     0x1c  dengxian_regular_14.o [1]
  .rodata             const    0x0802cc88     0x1c  dengxian_regular_14.o [1]
  .rodata             const    0x0802cca4     0x1c  dengxian_regular_14.o [1]
  .rodata             const    0x0802ccc0     0x1c  dengxian_regular_14.o [1]
  .rodata             const    0x0802ccdc     0x1c  dengxian_regular_14.o [1]
  .rodata             const    0x0802ccf8     0x1c  dengxian_regular_14.o [1]
  .rodata             const    0x0802cd14     0x1c  dengxian_regular_14.o [1]
  .rodata             const    0x0802cd30     0x1c  dengxian_regular_14.o [1]
  .rodata             const    0x0802cd4c     0x1c  dengxian_regular_14.o [1]
  .rodata             const    0x0802cd68     0x1c  dengxian_regular_14.o [1]
  .rodata             const    0x0802cd84     0x1c  dengxian_regular_14.o [1]
  .rodata             const    0x0802cda0     0x1c  dengxian_regular_14.o [1]
  .rodata             const    0x0802cdbc     0x1c  dengxian_regular_14.o [1]
  .rodata             const    0x0802cdd8     0x1c  dengxian_regular_14.o [1]
  .rodata             const    0x0802cdf4     0x1c  infusion_motor.o [1]
  .rodata             const    0x0802ce10     0x1c  param.o [1]
  .rodata             const    0x0802ce2c     0x1c  param.o [1]
  .rodata             const    0x0802ce48     0x1c  param.o [1]
  .rodata             const    0x0802ce64     0x1c  param.o [1]
  .rodata             const    0x0802ce80     0x1c  scr_factory_mode.o [1]
  .rodata             const    0x0802ce9c     0x1c  scr_layout.o [1]
  .rodata             const    0x0802ceb8     0x1c  scr_layout.o [1]
  .rodata             const    0x0802ced4     0x1c  scr_new_pressure_calibration.o [1]
  .rodata             const    0x0802cef0     0x1c  scr_new_pressure_calibration.o [1]
  .rodata             const    0x0802cf0c     0x1c  scr_new_pressure_calibration.o [1]
  .rodata             const    0x0802cf28     0x1c  screen.o [1]
  .rodata             const    0x0802cf44     0x1c  screen.o [1]
  .rodata             const    0x0802cf60     0x1c  ssz_stop_watch.o [1]
  .rodata             const    0x0802cf7c     0x1c  ssz_time.o [1]
  .rodata             const    0x0802cf98     0x1c  string_data.o [1]
  .rodata             const    0x0802cfb4     0x1c  string_data.o [1]
  .rodata             const    0x0802cfd0     0x1c  string_data.o [1]
  .rodata             const    0x0802cfec     0x1c  string_data.o [1]
  .rodata             const    0x0802d008     0x1c  string_data.o [1]
  .rodata             const    0x0802d024     0x1c  string_data.o [1]
  .rodata             const    0x0802d040     0x1c  string_data.o [1]
  .rodata             const    0x0802d05c     0x1c  string_data.o [1]
  .rodata             const    0x0802d078     0x1c  three_valve_motor.o [1]
  .rodata             const    0x0802d094     0x1c  three_valve_motor.o [1]
  .rodata             const    0x0802d0b0     0x1c  version.o [1]
  .text               ro code  0x0802d0cc     0x1a  cmain.o [5]
  .text               ro code  0x0802d0e6      0x4  low_level_init.o [3]
  .text               ro code  0x0802d0ea      0x4  exit.o [3]
  .text               ro code  0x0802d0f0      0xa  cexit.o [5]
  .rodata             const    0x0802d0fc     0x18  AC.o [1]
  .rodata             const    0x0802d114     0x18  app_cmd.o [1]
[...]
ssz_record_size         0x08010dbf     0x4  Code  Gb  ssz_record.o [1]
ssz_record_struct_init  0x08010cef    0xb6  Code  Gb  ssz_record.o [1]
ssz_record_top          0x08010e29    0x18  Code  Gb  ssz_record.o [1]
ssz_record_update_head  0x08010e41    0x8e  Code  Lc  ssz_record.o [1]
ssz_safe_queue_front    0x0801dadd    0x20  Code  Gb  ssz_safe_queue.o [1]
ssz_safe_queue_init     0x0801daa1    0x10  Code  Gb  ssz_safe_queue.o [1]
ssz_safe_queue_is_empty
                        0x0801dab1    0x14  Code  Gb  ssz_safe_queue.o [1]
ssz_safe_queue_pop      0x0801dafd    0x20  Code  Gb  ssz_safe_queue.o [1]
ssz_safe_queue_push     0x0801db1d    0x40  Code  Gb  ssz_safe_queue.o [1]
ssz_safe_queue_size     0x0801dac5    0x18  Code  Gb  ssz_safe_queue.o [1]
ssz_seconds_to_time     0x08003163     0xa  Code  Gb  ssz_time_utility.o [1]
ssz_seconds_to_time_ex  0x0800316d    0xe4  Code  Gb  ssz_time_utility.o [1]
ssz_set_last_error      0x0800732b     0x6  Code  Gb  ssz_common.o [1]
ssz_sim_i2c_master_file_ctl
                        0x0800ebff    0x26  Code  Lc  ssz_sim_i2c.o [1]
ssz_sim_i2c_master_file_read
                        0x0800ebab    0x2a  Code  Lc  ssz_sim_i2c.o [1]
ssz_sim_i2c_master_file_write
                        0x0800ebd5    0x2a  Code  Lc  ssz_sim_i2c.o [1]
ssz_sim_i2c_master_force_slaver_release
                        0x0800eb5b    0x50  Code  Gb  ssz_sim_i2c.o [1]
ssz_sim_i2c_master_init
                        0x0800ec25    0x30  Code  Gb  ssz_sim_i2c.o [1]
ssz_sim_i2c_master_is_slaver_busy
                        0x0800eb39    0x22  Code  Gb  ssz_sim_i2c.o [1]
ssz_sim_i2c_master_read
                        0x0800ea6d    0x66  Code  Gb  ssz_sim_i2c.o [1]
ssz_sim_i2c_master_write
                        0x0800ead3    0x66  Code  Gb  ssz_sim_i2c.o [1]
ssz_sim_i2c_read_ack    0x0800e951    0x4c  Code  Gb  ssz_sim_i2c.o [1]
ssz_sim_i2c_read_byte   0x0800e99d    0x62  Code  Gb  ssz_sim_i2c.o [1]
ssz_sim_i2c_send_ack    0x0800e8bd    0x4a  Code  Gb  ssz_sim_i2c.o [1]
ssz_sim_i2c_send_nack   0x0800e907    0x4a  Code  Gb  ssz_sim_i2c.o [1]
ssz_sim_i2c_start       0x0800e81d    0x50  Code  Gb  ssz_sim_i2c.o [1]
ssz_sim_i2c_stop        0x0800e86d    0x50  Code  Gb  ssz_sim_i2c.o [1]
ssz_sim_i2c_write_byte  0x0800e9ff    0x6e  Code  Gb  ssz_sim_i2c.o [1]
ssz_sleep               0x08004327     0x4  Code  Gb  ssz_stm32_hal_bsp.o [1]
ssz_spi_file_ctl        0x08011321    0x40  Code  Lc  ssz_spi.o [1]
ssz_spi_file_read       0x080112cd    0x2a  Code  Lc  ssz_spi.o [1]
ssz_spi_file_write      0x080112f7    0x2a  Code  Lc  ssz_spi.o [1]
ssz_spi_init            0x08011361    0x18  Code  Gb  ssz_spi.o [1]
ssz_spi_read            0x0800448d    0x1a  Code  Gb  ssz_stm32_hal_bsp.o [1]
ssz_spi_wait_write_finish
                        0x080044c1     0x2  Code  Gb  ssz_stm32_hal_bsp.o [1]
ssz_spi_write           0x080044a7    0x1a  Code  Gb  ssz_stm32_hal_bsp.o [1]
ssz_stop_watch_child_start
                        0x0800e195    0x66  Code  Gb  ssz_stop_watch.o [1]
ssz_stop_watch_child_stop
                        0x0800e1fb    0x2e  Code  Gb  ssz_stop_watch.o [1]
ssz_stop_watch_init     0x0800e169     0x6  Code  Gb  ssz_stop_watch.o [1]
ssz_stop_watch_print    0x0800e233    0x94  Code  Gb  ssz_stop_watch.o [1]
ssz_stop_watch_start    0x0800e16f    0x26  Code  Gb  ssz_stop_watch.o [1]
ssz_stop_watch_stop     0x0800e229     0xa  Code  Gb  ssz_stop_watch.o [1]
ssz_str_find_not_number
                        0x08005d5f    0x20  Code  Gb  ssz_str_utility.o [1]
ssz_str_find_number     0x08005d3f    0x20  Code  Gb  ssz_str_utility.o [1]
ssz_str_hex_char_to_int
                        0x08005ec5    0x42  Code  Gb  ssz_str_utility.o [1]
ssz_str_hex_to_int      0x08005f07    0x44  Code  Gb  ssz_str_utility.o [1]
ssz_str_line_num        0x08005ead    0x18  Code  Gb  ssz_str_utility.o [1]
ssz_str_print_only_one_line
                        0x08005f4b    0x24  Code  Gb  ssz_str_utility.o [1]
ssz_str_split           0x08005dbf    0x5c  Code  Gb  ssz_str_utility.o [1]
ssz_str_to_date         0x08003251    0x78  Code  Gb  ssz_time_utility.o [1]
ssz_str_to_numbers      0x08005d7f    0x40  Code  Gb  ssz_str_utility.o [1]
ssz_str_to_time         0x080032c9    0x34  Code  Gb  ssz_time_utility.o [1]
ssz_str_utf8_to_one_utf16
                        0x08005e1b    0x92  Code  Gb  ssz_str_utility.o [1]
ssz_system_clock        0x080042c5     0x6  Code  Gb  ssz_stm32_hal_bsp.o [1]
ssz_tick_time_diff      0x08002fd3    0x28  Code  Gb  ssz_tick_time.o [1]
ssz_tick_time_elapsed   0x08002f89     0xc  Code  Gb  ssz_tick_time.o [1]
ssz_tick_time_elapsed_ex
                        0x08002f95    0x10  Code  Gb  ssz_tick_time.o [1]
ssz_tick_time_increase  0x08002ef1    0x30  Code  Gb  ssz_tick_time.o [1]
ssz_tick_time_is_after_or_eq
                        0x08002fb9    0x1a  Code  Gb  ssz_tick_time.o [1]
ssz_tick_time_next      0x08002f37     0xe  Code  Gb  ssz_tick_time.o [1]
ssz_tick_time_next_ex   0x08002f21    0x16  Code  Gb  ssz_tick_time.o [1]
ssz_tick_time_now       0x08002f45     0x6  Code  Gb  ssz_tick_time.o [1]
ssz_tick_time_now_str   0x08002f4b    0x2a  Code  Gb  ssz_tick_time.o [1]
ssz_tick_time_str       0x08002f75    0x14  Code  Gb  ssz_tick_time.o [1]
ssz_time_now            0x080029d1     0x8  Code  Gb  ssz_config.o [1]
ssz_time_now_seconds    0x080029d9    0x1a  Code  Gb  ssz_config.o [1]
ssz_time_now_str        0x08003529    0x60  Code  Gb  ssz_time.o [1]
ssz_time_str            0x08003589    0x42  Code  Gb  ssz_time.o [1]
ssz_time_to_seconds     0x080030c7     0xa  Code  Gb  ssz_time_utility.o [1]
ssz_time_to_seconds_ex  0x080030d1    0x92  Code  Gb  ssz_time_utility.o [1]
ssz_timer_create        0x0801b6bb    0x2e  Code  Gb  ssz_timer.o [1]
ssz_timer_delete        0x0801b6e9     0x8  Code  Gb  ssz_timer.o [1]
ssz_timer_handle_all    0x0801b70f    0x54  Code  Gb  ssz_timer.o [1]
ssz_timer_init          0x0801b69d    0x1e  Code  Gb  ssz_timer.o [1]
ssz_timer_start_oneshot_after
                        0x0801b6f1    0x1e  Code  Gb  ssz_timer.o [1]
ssz_tmp_buff_alloc      0x0800735f    0x48  Code  Gb  ssz_common.o [1]
ssz_tmp_buff_check_size
                        0x08007337    0x28  Code  Gb  ssz_common.o [1]
ssz_tmp_buff_free       0x080073a7    0x26  Code  Gb  ssz_common.o [1]
ssz_uart_write          0x080044c3    0x22  Code  Gb  ssz_stm32_hal_bsp.o [1]
ssz_vector_at_index     0x0801bf79    0x20  Code  Gb  ssz_vector.o [1]
ssz_vector_init         0x0801bf63    0x10  Code  Gb  ssz_vector.o [1]
ssz_vector_insert_internal
                        0x0801bf99    0x80  Code  Gb  ssz_vector.o [1]
ssz_vector_push_back    0x0801c019    0x32  Code  Gb  ssz_vector.o [1]
ssz_vector_size         0x0801bf73     0x6  Code  Gb  ssz_vector.o [1]
ssz_week_day            0x0800304f    0x78  Code  Gb  ssz_time_utility.o [1]
start_system_scan()     0x0800ad85    0x18  Code  Gb  do_before_main_loop.o [1]
statusbar()             0x08015589    0x2c  Code  Gb  ui_common.o [1]
statusbar_create        0x08015561    0x28  Code  Gb  ui_common.o [1]
statusbar_init()        0x080155b5    0x88  Code  Gb  ui_common.o [1]
stop_system_scan()      0x0800ad9d    0x18  Code  Gb  do_before_main_loop.o [1]
stop_watch_child_start  0x0800293b    0x18  Code  Gb  stop_watch.o [1]
stop_watch_child_stop   0x08002953    0x14  Code  Gb  stop_watch.o [1]
stop_watch_disable      0x08002993     0x8  Code  Gb  stop_watch.o [1]
stop_watch_enable       0x0800298b     0x8  Code  Gb  stop_watch.o [1]
stop_watch_init         0x08002915    0x14  Code  Gb  stop_watch.o [1]
stop_watch_print        0x08002979    0x12  Code  Gb  stop_watch.o [1]
stop_watch_start        0x08002929    0x12  Code  Gb  stop_watch.o [1]
stop_watch_stop         0x08002967    0x12  Code  Gb  stop_watch.o [1]
strchr                  0x080112ad          Code  Gb  strchr.o [5]
strchr(char const *, int)
                        0x0800d181     0x8  Code  Gb  app_cmd.o [1]
string_data_select_by_lang
                        0x08011205    0x2a  Code  Gb  string_data.o [1]
strlen                  0x080026f1          Code  Gb  strlen.o [5]
strncat                 0x0801a57f    0x28  Code  Gb  strncat.o [3]
strncmp                 0x0800d1bf    0x28  Code  Gb  strncmp.o [3]
sys_alloc               0x08018c19   0x386  Code  Lc  dlmalloc.o [3]
sys_master_mcu_power_disable
                        0x08004679    0x10  Code  Gb  sys_power.o [1]
sys_master_mcu_power_enable
                        0x08004669    0x10  Code  Gb  sys_power.o [1]
sys_power_ADC_disable   0x0800462f    0x10  Code  Gb  sys_power.o [1]
sys_power_ADC_enable    0x0800461f    0x10  Code  Gb  sys_power.o [1]
sys_power_battery_level
                        0x08004715    0x16  Code  Gb  sys_power.o [1]
sys_power_battery_voltage
                        0x08004689    0x1c  Code  Gb  sys_power.o [1]
sys_power_disable       0x08004659    0x10  Code  Gb  sys_power.o [1]
sys_power_enable        0x08004649    0x10  Code  Gb  sys_power.o [1]
sys_power_get_battery_level
                        0x080046b9    0x5c  Code  Gb  sys_power.o [1]
sys_power_get_sys_pwr_adc_average_value
                        0x0800463f     0xa  Code  Gb  sys_power.o [1]
sys_power_is_adapter_insert
                        0x080045d9    0x18  Code  Gb  sys_power.o [1]
sys_power_wake_up_slaver
                        0x0800460d    0x12  Code  Gb  sys_power.o [1]
sys_power_wake_up_slaver_pin_high
                        0x080045f1     0xe  Code  Gb  sys_power.o [1]
sys_power_wake_up_slaver_pin_low
                        0x080045ff     0xe  Code  Gb  sys_power.o [1]
system_mode             0x080050c9     0x6  Code  Gb  mid_common.o [1]
three_valve_motor_init  0x08009867    0x1c  Code  Gb  three_valve_motor.o [1]
three_valve_motor_is_running
                        0x08009835    0x12  Code  Gb  three_valve_motor.o [1]
three_valve_motor_monitor_start
                        0x08009687    0x2e  Code  Gb  three_valve_motor.o [1]
three_valve_motor_monitor_stop
                        0x080096b5     0xa  Code  Gb  three_valve_motor.o [1]
three_valve_motor_move_to_position
                        0x080090e5   0x42e  Code  Gb  three_valve_motor.o [1]
three_valve_motor_move_to_position_a
                        0x0800951d     0xa  Code  Gb  three_valve_motor.o [1]
three_valve_motor_move_to_position_b
                        0x08009527     0xa  Code  Gb  three_valve_motor.o [1]
three_valve_motor_on_direction_wrong
                        0x08009857    0x10  Code  Gb  three_valve_motor.o [1]
three_valve_motor_on_finish_target
                        0x0800984d     0xa  Code  Gb  three_valve_motor.o [1]
three_valve_motor_run_check
                        0x08009531   0x156  Code  Gb  three_valve_motor.o [1]
three_valve_motor_start
                        0x080096bf    0xce  Code  Gb  three_valve_motor.o [1]
three_valve_motor_stop  0x0800978d    0xa8  Code  Gb  three_valve_motor.o [1]
timer_handle_all        0x08002889     0xa  Code  Gb  timer.o [1]
timer_handle_all_of_group
                        0x08002893    0x7a  Code  Gb  timer.o [1]
timer_is_actived        0x08002847    0x16  Code  Gb  timer.o [1]
timer_set_handler       0x08002795     0xc  Code  Gb  timer.o [1]
timer_set_handler_and_group
                        0x080027a1    0x16  Code  Gb  timer.o [1]
timer_start_oneshot_after
                        0x080027b7    0x2c  Code  Gb  timer.o [1]
timer_start_oneshot_at  0x0800280b    0x22  Code  Gb  timer.o [1]
timer_start_periodic_every
                        0x080027e3    0x28  Code  Gb  timer.o [1]
timer_stop              0x0800282d    0x1a  Code  Gb  timer.o [1]
timer_stop_all          0x0800285d    0x2c  Code  Gb  timer.o [1]
tmalloc_large           0x08018fad   0x390  Code  Lc  dlmalloc.o [3]
tmalloc_small           0x0801933d   0x210  Code  Lc  dlmalloc.o [3]
ui_backup_and_set_default_draw_context
                        0x08006b1b    0x28  Code  Gb  ui_draw.o [1]
ui_canvas_rect          0x08006a01    0x12  Code  Gb  ui_draw.o [1]
ui_clear                0x08006dad    0x34  Code  Gb  ui_draw.o [1]
ui_clear_rect           0x08006d59    0x54  Code  Gb  ui_draw.o [1]
ui_common_color_to_dev_color
                        0x080115bb    0x18  Code  Gb  ssz_ui_config.o [1]
ui_config               0x080115b3     0x8  Code  Gb  ssz_ui_config.o [1]
ui_create_widgets(UIView *, short const *, int)
                        0x08015385   0x1dc  Code  Gb  ui_common.o [1]
ui_disp_char_at_inter   0x0801aae7    0x8c  Code  Gb  ui_disp_text.o [1]
ui_disp_text_at         0x0801ac53    0x22  Code  Gb  ui_disp_text.o [1]
ui_disp_text_at_internal
                        0x0801ab73    0xe0  Code  Gb  ui_disp_text.o [1]
ui_disp_text_in_rect    0x0801ac75   0x126  Code  Gb  ui_disp_text.o [1]
ui_draw_hline_at        0x08006b6b    0x7c  Code  Gb  ui_draw.o [1]
ui_draw_img_at          0x0801c04d    0xd8  Code  Gb  ui_draw_img.o [1]
ui_draw_rect_at         0x08006be7   0x138  Code  Gb  ui_draw.o [1]
ui_draw_rect_ex         0x08006d1f    0x2c  Code  Gb  ui_draw.o [1]
ui_draw_to_dev          0x080115d3     0x8  Code  Gb  ssz_ui_config.o [1]
ui_fill_rect_at         0x08006d4b     0xe  Code  Gb  ui_draw.o [1]
ui_flush_line_cache     0x08006fff    0x2a  Code  Gb  ui_draw.o [1]
ui_get_char_xsize       0x0801aa4b    0x2e  Code  Gb  ui_disp_text.o [1]
ui_get_text_xsize       0x0801aadd     0xa  Code  Gb  ui_disp_text.o [1]
ui_get_text_xsize_internal
                        0x0801aa79    0x64  Code  Gb  ui_disp_text.o [1]
ui_limit_rect_of_canvas
                        0x08006af5    0x12  Code  Gb  ui_draw.o [1]
ui_rect_intersect       0x080113b5    0x78  Code  Gb  ui_utility.o [1]
ui_rect_intersect_to    0x0801142d    0x90  Code  Gb  ui_utility.o [1]
ui_rect_is_include      0x0801157b    0x38  Code  Gb  ui_utility.o [1]
ui_rect_is_intersect_ex
                        0x08011519    0x62  Code  Gb  ui_utility.o [1]
ui_rect_merge           0x080114bd    0x42  Code  Gb  ui_utility.o [1]
ui_rect_move            0x080114ff    0x1a  Code  Gb  ui_utility.o [1]
ui_restore_draw_context
                        0x08006b43    0x14  Code  Gb  ui_draw.o [1]
ui_set_bk_color         0x080069f7     0xa  Code  Gb  ui_draw.o [1]
ui_set_canvas_rect      0x08006a13    0x26  Code  Gb  ui_draw.o [1]
ui_set_canvas_rect_ex   0x08006a39    0x58  Code  Gb  ui_draw.o [1]
ui_set_default_draw_context
                        0x08006b07    0x14  Code  Gb  ui_draw.o [1]
ui_set_draw_mode        0x080069ed     0xa  Code  Gb  ui_draw.o [1]
ui_set_fill_color       0x08006b61     0xa  Code  Gb  ui_draw.o [1]
ui_set_font             0x0801aa2d     0xa  Code  Gb  ui_disp_text.o [1]
ui_set_limit_rect_of_canvas_ex
                        0x08006a91    0x64  Code  Gb  ui_draw.o [1]
ui_set_pen_color        0x08006b57     0xa  Code  Gb  ui_draw.o [1]
ui_set_pixel_at_line_cache
                        0x08006e4f    0xbe  Code  Gb  ui_draw.o [1]
ui_set_pixels_at_line_cache
                        0x08006f0d    0xf2  Code  Gb  ui_draw.o [1]
ui_set_text_color       0x0801aa37     0xa  Code  Gb  ui_disp_text.o [1]
ui_set_text_mode        0x0801aa41     0xa  Code  Gb  ui_disp_text.o [1]
ui_start_line_cache     0x08006de1    0x6e  Code  Gb  ui_draw.o [1]
ui_view_compare_timer(void const *, void const *, unsigned int)
                        0x0801335d     0xe  Code  Lc  ui_view.o [1]
ui_view_config          0x0801b653    0x46  Code  Gb  ssz_ui_view_config.o [1]
ui_view_create(UIViewTypeID, int, UIView *, int, int, int, int, unsigned int)
                        0x080130dd    0x96  Code  Gb  ui_view.o [1]
ui_view_create_desktop_if_not()
                        0x08013221    0x60  Code  Gb  ui_view.o [1]
ui_view_create_timer(UIView *)
                        0x08013343     0xe  Code  Gb  ui_view.o [1]
ui_view_delete_associated_timer(UIView *)
                        0x0801336b     0xe  Code  Gb  ui_view.o [1]
ui_view_delete_timer(int)
                        0x08013351     0xc  Code  Gb  ui_view.o [1]
ui_view_desktop()       0x08013281     0x6  Code  Gb  ui_view.o [1]
ui_view_desktop_callback(void *, UIMsg *)
                        0x0801321f     0x2  Code  Gb  ui_view.o [1]
ui_view_destroy(UIView *)
                        0x08013173    0x62  Code  Gb  ui_view.o [1]
ui_view_draw_all_dirty  0x080133f1    0x1a  Code  Gb  ui_view.o [1]
ui_view_draw_self_and_descendant(UIView *)
                        0x0801338d    0x64  Code  Lc  ui_view.o [1]
ui_view_focused()       0x08013287     0x6  Code  Gb  ui_view.o [1]
ui_view_free(UIView *)  0x080130ad    0x30  Code  Gb  ui_view.o [1]
ui_view_handle_all_timer()
                        0x0801340b     0xa  Code  Gb  ui_view.o [1]
ui_view_init            0x08013419    0x18  Code  Gb  ui_view.o [1]
ui_view_init_obj        0x0801b561    0xf2  Code  Gb  ssz_ui_view_config.o [1]
ui_view_invalidate_views(UIView *, UIView *, Rect &)
                        0x08012991    0x56  Code  Gb  ui_view.o [1]
ui_view_malloc(UIViewTypeID, int *)
                        0x08013051    0x5c  Code  Lc  ui_view.o [1]
ui_view_on_timer_expire(int, void *)
                        0x08013335     0xe  Code  Lc  ui_view.o [1]
ui_view_output_view_self_info(UIView *, int)
                        0x080132a3    0x8c  Code  Gb  ui_view.o [1]
ui_view_print_space(int)
                        0x0801328d    0x16  Code  Gb  ui_view.o [1]
ui_view_regist(UIViewTypeID, int, void *)
                        0x080131d5    0x40  Code  Gb  ui_view.o [1]
ui_view_send_msg(UIView *, UIMsg &)
                        0x08013215     0xa  Code  Gb  ui_view.o [1]
ui_view_start_oneshot_after(int, int)
                        0x08013379     0xe  Code  Gb  ui_view.o [1]
ui_view_start_scan_timer
                        0x0801347d    0x10  Code  Gb  ui_view.o [1]
ui_view_stop_scan_timer
                        0x0801348d     0xa  Code  Gb  ui_view.o [1]
unlock_keypad()         0x0800aa9d    0x14  Code  Gb  app_common.o [1]
uwTick                  0x20007b70     0x4  Data  Gb  stm32l1xx_hal.o [1]
version_build_time      0x08002edb     0x4  Code  Gb  version.o [1]
version_info            0x08002ed3     0x4  Code  Gb  version.o [1]
version_software_name   0x08002ed7     0x4  Code  Gb  version.o [1]
vibrator_motor_init     0x0800a87d    0x16  Code  Gb  vibrater_motor.o [1]
vibrator_motor_start    0x0800a893    0x16  Code  Gb  vibrater_motor.o [1]
vibrator_motor_stop     0x0800a8a9    0x16  Code  Gb  vibrater_motor.o [1]
voice_device_close      0x080168c3    0x16  Code  Gb  voice.o [1]
voice_device_open       0x080168ad    0x16  Code  Gb  voice.o [1]
voice_get_channel       0x080168dd    0x20  Code  Gb  voice.o [1]
voice_play_beep_once    0x080169a9     0xc  Code  Gb  voice.o [1]
voice_play_cycle        0x08016937    0x3c  Code  Gb  voice.o [1]
voice_play_high_cycle   0x080169c1     0xc  Code  Gb  voice.o [1]
voice_play_low_cycle    0x080169b5     0xc  Code  Gb  voice.o [1]
voice_play_once         0x080168fd    0x3a  Code  Gb  voice.o [1]
voice_stop_play_beep_channel
                        0x0801698b     0xa  Code  Gb  voice.o [1]
voice_stop_play_current_channel
                        0x08016973    0x18  Code  Gb  voice.o [1]
voice_stop_play_high_channel
                        0x0801699f     0xa  Code  Gb  voice.o [1]
voice_stop_play_low_channel
                        0x08016995     0xa  Code  Gb  voice.o [1]
watchdog_clear          0x0800ab85    0x14  Code  Gb  app_common.o [1]
watchdog_is_enable      0x0800ab7f     0x6  Code  Gb  app_common.o [1]
watchdog_set_expired_time
                        0x0800ab99    0x1c  Code  Gb  app_common.o [1]
watchdog_start          0x0800ab4f    0x16  Code  Gb  app_common.o [1]
watchdog_stop           0x0800ab65    0x1a  Code  Gb  app_common.o [1]


[1] = D:\chemo_pump\Src\MasterMcu\build\IAR\Release\Obj
[2] = command line
[3] = dl7M_tln.a
[4] = m7M_tl.a
[5] = rt7M_tl.a

  141 737 bytes of readonly  code memory
   51 939 bytes of readonly  data memory
   31 762 bytes of readwrite data memory

Errors: none
Warnings: none
